Component: ARM Compiler 5.06 update 6 (build 750) Tool: armlink [4d35ed]

==============================================================================

Section Cross References

    main.o(i.bluetoothConnected) refers to myled.o(i.flashGREEN_Twice) for flashGREEN_Twice
    main.o(i.bluetoothConnected) refers to mysound.o(i.playConnectSong) for playConnectSong
    main.o(i.bluetoothConnected) refers to myuart.o(.data) for userSignal
    main.o(i.isMoving) refers to myuart.o(.data) for userSignal
    main.o(i.isMoving) refers to main.o(.data) for isMove
    main.o(i.main) refers to system_mkl25z4.o(i.SystemCoreClockUpdate) for SystemCoreClockUpdate
    main.o(i.main) refers to myuart.o(i.setupUART2) for setupUART2
    main.o(i.main) refers to myled.o(i.initLED) for initLED
    main.o(i.main) refers to mypwm.o(i.initPWM) for initPWM
    main.o(i.main) refers to myled.o(i.offLEDModules) for offLEDModules
    main.o(i.main) refers to rtx_kernel.o(.text.osKernelInitialize) for osKernelInitialize
    main.o(i.main) refers to rtx_semaphore.o(.text.osSemaphoreNew) for osSemaphoreNew
    main.o(i.main) refers to main.o(i.bluetoothConnected) for bluetoothConnected
    main.o(i.main) refers to rtx_thread.o(.text.osThreadNew) for osThreadNew
    main.o(i.main) refers to rtx_kernel.o(.text.osKernelStart) for osKernelStart
    main.o(i.main) refers to mybasic.o(.data) for brainSem
    main.o(i.main) refers to myuart.o(.data) for userSignal
    main.o(i.main) refers to main.o(.constdata) for maxPriority
    main.o(i.main) refers to main.o(i.tBrainThread) for tBrainThread
    main.o(i.main) refers to main.o(i.tAudio) for tAudio
    main.o(i.main) refers to main.o(i.tRearLED) for tRearLED
    main.o(i.main) refers to main.o(i.tFrontLED) for tFrontLED
    main.o(i.main) refers to main.o(i.tMotorThread) for tMotorThread
    main.o(i.tAudio) refers to mysound.o(i.playRaceSong) for playRaceSong
    main.o(i.tBrainThread) refers to rtx_semaphore.o(.text.osSemaphoreAcquire) for osSemaphoreAcquire
    main.o(i.tBrainThread) refers to main.o(i.__ARM_common_switch8) for __ARM_common_switch8
    main.o(i.tBrainThread) refers to mysound.o(i.playEndSong) for playEndSong
    main.o(i.tBrainThread) refers to rtx_semaphore.o(.text.osSemaphoreRelease) for osSemaphoreRelease
    main.o(i.tBrainThread) refers to mybasic.o(.data) for brainSem
    main.o(i.tBrainThread) refers to myuart.o(.data) for userSignal
    main.o(i.tFrontLED) refers to main.o(i.isMoving) for isMoving
    main.o(i.tFrontLED) refers to myled.o(i.runningGREEN_Moving) for runningGREEN_Moving
    main.o(i.tFrontLED) refers to myled.o(i.solidGREEN_Stationery) for solidGREEN_Stationery
    main.o(i.tMotorThread) refers to rtx_semaphore.o(.text.osSemaphoreAcquire) for osSemaphoreAcquire
    main.o(i.tMotorThread) refers to main.o(i.__ARM_common_switch8) for __ARM_common_switch8
    main.o(i.tMotorThread) refers to mymotor.o(i.forward) for forward
    main.o(i.tMotorThread) refers to mymotor.o(i.reverse) for reverse
    main.o(i.tMotorThread) refers to mymotor.o(i.turnLeft) for turnLeft
    main.o(i.tMotorThread) refers to mymotor.o(i.turnRight) for turnRight
    main.o(i.tMotorThread) refers to mymotor.o(i.rightForward) for rightForward
    main.o(i.tMotorThread) refers to mymotor.o(i.rightReverse) for rightReverse
    main.o(i.tMotorThread) refers to mymotor.o(i.leftReverse) for leftReverse
    main.o(i.tMotorThread) refers to mymotor.o(i.leftForward) for leftForward
    main.o(i.tMotorThread) refers to mymotor.o(i.stop) for stop
    main.o(i.tMotorThread) refers to mybasic.o(.data) for moveSem
    main.o(i.tMotorThread) refers to myuart.o(.data) for userSignal
    main.o(i.tRearLED) refers to main.o(i.isMoving) for isMoving
    main.o(i.tRearLED) refers to myled.o(i.flashRED_Moving) for flashRED_Moving
    main.o(i.tRearLED) refers to myled.o(i.flashRED_Stationery) for flashRED_Stationery
    myled.o(i.flashGREEN_Twice) refers to mybasic.o(i.delay) for delay
    myled.o(i.flashRED_Moving) refers to rtx_delay.o(.text.osDelay) for osDelay
    myled.o(i.flashRED_Stationery) refers to rtx_delay.o(.text.osDelay) for osDelay
    myled.o(i.offLEDModules) refers to myled.o(i.offFrontLED) for offFrontLED
    myled.o(i.offLEDModules) refers to myled.o(i.offRearLED) for offRearLED
    myled.o(i.runningGREEN_Moving) refers to rtx_delay.o(.text.osDelay) for osDelay
    myled.o(i.runningGREEN_Moving) refers to myled.o(.data) for green_led
    myuart.o(i.UART2_IRQHandler) refers to myuart.o(i.__NVIC_ClearPendingIRQ) for __NVIC_ClearPendingIRQ
    myuart.o(i.UART2_IRQHandler) refers to rtx_semaphore.o(.text.osSemaphoreRelease) for osSemaphoreRelease
    myuart.o(i.UART2_IRQHandler) refers to mybasic.o(.data) for brainSem
    myuart.o(i.UART2_IRQHandler) refers to myuart.o(.data) for userSignal
    myuart.o(i.setupUART2) refers to aeabi_sdiv.o(.text) for __aeabi_uidivmod
    myuart.o(i.setupUART2) refers to myuart.o(i.__NVIC_SetPriority) for __NVIC_SetPriority
    myuart.o(i.setupUART2) refers to myuart.o(i.__NVIC_ClearPendingIRQ) for __NVIC_ClearPendingIRQ
    mysound.o(i.delay100x) refers to mybasic.o(i.delay) for delay
    mysound.o(i.playConnectSong) refers to aeabi_sdiv.o(.text) for __aeabi_idivmod
    mysound.o(i.playConnectSong) refers to fflti.o(.text) for __aeabi_i2f
    mysound.o(i.playConnectSong) refers to f2d.o(.text) for __aeabi_f2d
    mysound.o(i.playConnectSong) refers to dfixi.o(.text) for __aeabi_d2iz
    mysound.o(i.playConnectSong) refers to dflti.o(.text) for __aeabi_i2d
    mysound.o(i.playConnectSong) refers to dmul.o(.text) for __aeabi_dmul
    mysound.o(i.playConnectSong) refers to mysound.o(i.delay100x) for delay100x
    mysound.o(i.playConnectSong) refers to mysound.o(.data) for tempo
    mysound.o(i.playEndSong) refers to rtx_semaphore.o(.text.osSemaphoreAcquire) for osSemaphoreAcquire
    mysound.o(i.playEndSong) refers to aeabi_sdiv.o(.text) for __aeabi_idivmod
    mysound.o(i.playEndSong) refers to fflti.o(.text) for __aeabi_i2f
    mysound.o(i.playEndSong) refers to f2d.o(.text) for __aeabi_f2d
    mysound.o(i.playEndSong) refers to dfixi.o(.text) for __aeabi_d2iz
    mysound.o(i.playEndSong) refers to dflti.o(.text) for __aeabi_i2d
    mysound.o(i.playEndSong) refers to dmul.o(.text) for __aeabi_dmul
    mysound.o(i.playEndSong) refers to mysound.o(i.delay100x) for delay100x
    mysound.o(i.playEndSong) refers to rtx_semaphore.o(.text.osSemaphoreRelease) for osSemaphoreRelease
    mysound.o(i.playEndSong) refers to mybasic.o(.data) for soundSem
    mysound.o(i.playEndSong) refers to mysound.o(.data) for tempo
    mysound.o(i.playRaceSong) refers to aeabi_sdiv.o(.text) for __aeabi_idivmod
    mysound.o(i.playRaceSong) refers to mysound.o(i.delay100x) for delay100x
    mysound.o(i.playRaceSong) refers to mysound.o(.data) for starWarsMelody
    myultrasonic.o(i.TPM0_IRQHandler) refers to myultrasonic.o(i.__NVIC_ClearPendingIRQ) for __NVIC_ClearPendingIRQ
    myultrasonic.o(i.TPM0_IRQHandler) refers to main.o(.data) for start
    myultrasonic.o(i.TPM0_IRQHandler) refers to myultrasonic.o(.data) for start
    myultrasonic.o(i.initUltrasonic) refers to myultrasonic.o(i.__NVIC_SetPriority) for __NVIC_SetPriority
    myultrasonic.o(i.initUltrasonic) refers to myultrasonic.o(i.__NVIC_ClearPendingIRQ) for __NVIC_ClearPendingIRQ
    myultrasonic.o(i.readUltrasonic) refers to myultrasonic.o(i.ultrasonicTrigger) for ultrasonicTrigger
    myultrasonic.o(i.readUltrasonic) refers to fflti.o(.text) for __aeabi_i2f
    myultrasonic.o(i.readUltrasonic) refers to f2d.o(.text) for __aeabi_f2d
    myultrasonic.o(i.readUltrasonic) refers to dmul.o(.text) for __aeabi_dmul
    myultrasonic.o(i.readUltrasonic) refers to daddsub.o(.text) for __aeabi_dsub
    myultrasonic.o(i.readUltrasonic) refers to d2f.o(.text) for __aeabi_d2f
    myultrasonic.o(i.readUltrasonic) refers to ffixui.o(.text) for __aeabi_f2uiz
    myultrasonic.o(i.readUltrasonic) refers to main.o(.data) for ready
    myultrasonic.o(i.readUltrasonic) refers to myultrasonic.o(.data) for ready
    myultrasonic.o(i.ultrasonicTrigger) refers to mybasic.o(i.delay) for delay
    rtx_lib.o(i.__user_perthread_libspace) refers to rtx_lib.o(i.os_kernel_is_active) for os_kernel_is_active
    rtx_lib.o(i.__user_perthread_libspace) refers to rtx_thread.o(.text.osThreadGetId) for osThreadGetId
    rtx_lib.o(i.__user_perthread_libspace) refers to rtx_config.o(i.osRtxErrorNotify) for osRtxErrorNotify
    rtx_lib.o(i.__user_perthread_libspace) refers to rtx_lib.o(.bss.os.libspace) for os_libspace_id
    rtx_lib.o(i._mutex_acquire) refers to rtx_lib.o(i.os_kernel_is_active) for os_kernel_is_active
    rtx_lib.o(i._mutex_acquire) refers to rtx_mutex.o(.text.osMutexAcquire) for osMutexAcquire
    rtx_lib.o(i._mutex_free) refers to rtx_mutex.o(.text.osMutexDelete) for osMutexDelete
    rtx_lib.o(i._mutex_initialize) refers to rtx_mutex.o(.text.osMutexNew) for osMutexNew
    rtx_lib.o(i._mutex_initialize) refers to rtx_config.o(i.osRtxErrorNotify) for osRtxErrorNotify
    rtx_lib.o(i._mutex_release) refers to rtx_lib.o(i.os_kernel_is_active) for os_kernel_is_active
    rtx_lib.o(i._mutex_release) refers to rtx_mutex.o(.text.osMutexRelease) for osMutexRelease
    rtx_lib.o(i._platform_post_stackheap_init) refers to rtx_kernel.o(.text.osKernelInitialize) for osKernelInitialize
    rtx_lib.o(i.os_kernel_is_active) refers to rtx_kernel.o(.text.osKernelGetState) for osKernelGetState
    rtx_lib.o(i.os_kernel_is_active) refers to rtx_lib.o(.data) for os_kernel_active
    rtx_lib.o(.constdata) refers to rtx_lib.o(.bss.os.thread.cb) for os_idle_thread_cb
    rtx_lib.o(.constdata) refers to rtx_lib.o(.bss.os.thread.stack) for os_idle_thread_stack
    rtx_lib.o(.constdata) refers to rtx_lib.o(.bss.os.msgqueue.cb) for os_timer_mq_cb
    rtx_lib.o(.constdata) refers to rtx_lib.o(.bss.os.msgqueue.mem) for os_timer_mq_data
    rtx_lib.o(.data) refers to irq_cm0.o(.constdata) for irqRtxLib
    rtx_lib.o(.rodata) refers to rtx_lib.o(.bss.os) for os_isr_queue
    rtx_lib.o(.rodata) refers to rtx_lib.o(.constdata) for os_idle_thread_attr
    rtx_config.o(i.osRtxErrorNotify) refers to main.o(i.__ARM_common_switch8) for __ARM_common_switch8
    startup_mkl25z4.o(STACK) refers (Special) to heapauxi.o(.text) for __use_two_region_memory
    startup_mkl25z4.o(HEAP) refers (Special) to heapauxi.o(.text) for __use_two_region_memory
    startup_mkl25z4.o(RESET) refers (Special) to heapauxi.o(.text) for __use_two_region_memory
    startup_mkl25z4.o(RESET) refers to startup_mkl25z4.o(STACK) for __initial_sp
    startup_mkl25z4.o(RESET) refers to startup_mkl25z4.o(.text) for Reset_Handler
    startup_mkl25z4.o(RESET) refers to irq_cm0.o(.text) for SVC_Handler
    startup_mkl25z4.o(RESET) refers to myuart.o(i.UART2_IRQHandler) for UART2_IRQHandler
    startup_mkl25z4.o(RESET) refers to myultrasonic.o(i.TPM0_IRQHandler) for TPM0_IRQHandler
    startup_mkl25z4.o(.ARM.__at_0x400) refers (Special) to heapauxi.o(.text) for __use_two_region_memory
    startup_mkl25z4.o(.text) refers (Special) to heapauxi.o(.text) for __use_two_region_memory
    startup_mkl25z4.o(.text) refers to system_mkl25z4.o(i.SystemInit) for SystemInit
    startup_mkl25z4.o(.text) refers to __main.o(!!!main) for __main
    startup_mkl25z4.o(.text) refers to startup_mkl25z4.o(HEAP) for Heap_Mem
    startup_mkl25z4.o(.text) refers to startup_mkl25z4.o(STACK) for Stack_Mem
    system_mkl25z4.o(i.SystemCoreClockUpdate) refers to aeabi_sdiv.o(.text) for __aeabi_uidivmod
    system_mkl25z4.o(i.SystemCoreClockUpdate) refers to main.o(i.__ARM_common_switch8) for __ARM_common_switch8
    system_mkl25z4.o(i.SystemCoreClockUpdate) refers to system_mkl25z4.o(.data) for SystemCoreClock
    rtx_kernel.o(.ARM.exidx.text.osRtxKernelPreInit) refers to rtx_kernel.o(.text.osRtxKernelPreInit) for [Anonymous Symbol]
    rtx_kernel.o(.text.osKernelInitialize) refers to rtx_kernel.o(.text.osRtxKernelPreInit) for osRtxKernelPreInit
    rtx_kernel.o(.text.osKernelInitialize) refers to rtx_kernel.o(.text.svcRtxKernelInitialize) for svcRtxKernelInitialize
    rtx_kernel.o(.ARM.exidx.text.osKernelInitialize) refers to rtx_kernel.o(.text.osKernelInitialize) for [Anonymous Symbol]
    rtx_kernel.o(.text.osKernelGetInfo) refers to rtx_kernel.o(.text.svcRtxKernelGetInfo) for svcRtxKernelGetInfo
    rtx_kernel.o(.ARM.exidx.text.osKernelGetInfo) refers to rtx_kernel.o(.text.osKernelGetInfo) for [Anonymous Symbol]
    rtx_kernel.o(.text.svcRtxKernelGetInfo) refers to rt_memcpy.o(.text) for __aeabi_memcpy
    rtx_kernel.o(.text.svcRtxKernelGetInfo) refers to rtx_kernel.o(.rodata.str1.4) for .L.str
    rtx_kernel.o(.ARM.exidx.text.svcRtxKernelGetInfo) refers to rtx_kernel.o(.text.svcRtxKernelGetInfo) for [Anonymous Symbol]
    rtx_kernel.o(.text.osKernelGetState) refers to rtx_kernel.o(.text.svcRtxKernelGetState) for svcRtxKernelGetState
    rtx_kernel.o(.text.osKernelGetState) refers to rtx_kernel.o(.data.os) for osRtxInfo
    rtx_kernel.o(.ARM.exidx.text.osKernelGetState) refers to rtx_kernel.o(.text.osKernelGetState) for [Anonymous Symbol]
    rtx_kernel.o(.text.svcRtxKernelGetState) refers to rtx_kernel.o(.data.os) for osRtxInfo
    rtx_kernel.o(.ARM.exidx.text.svcRtxKernelGetState) refers to rtx_kernel.o(.text.svcRtxKernelGetState) for [Anonymous Symbol]
    rtx_kernel.o(.text.osKernelStart) refers to rtx_kernel.o(.text.svcRtxKernelStart) for svcRtxKernelStart
    rtx_kernel.o(.ARM.exidx.text.osKernelStart) refers to rtx_kernel.o(.text.osKernelStart) for [Anonymous Symbol]
    rtx_kernel.o(.text.osKernelLock) refers to rtx_kernel.o(.text.svcRtxKernelLock) for svcRtxKernelLock
    rtx_kernel.o(.ARM.exidx.text.osKernelLock) refers to rtx_kernel.o(.text.osKernelLock) for [Anonymous Symbol]
    rtx_kernel.o(.text.osKernelUnlock) refers to rtx_kernel.o(.text.svcRtxKernelUnlock) for svcRtxKernelUnlock
    rtx_kernel.o(.ARM.exidx.text.osKernelUnlock) refers to rtx_kernel.o(.text.osKernelUnlock) for [Anonymous Symbol]
    rtx_kernel.o(.text.osKernelRestoreLock) refers to rtx_kernel.o(.text.svcRtxKernelRestoreLock) for svcRtxKernelRestoreLock
    rtx_kernel.o(.ARM.exidx.text.osKernelRestoreLock) refers to rtx_kernel.o(.text.osKernelRestoreLock) for [Anonymous Symbol]
    rtx_kernel.o(.text.osKernelSuspend) refers to rtx_kernel.o(.text.svcRtxKernelSuspend) for svcRtxKernelSuspend
    rtx_kernel.o(.ARM.exidx.text.osKernelSuspend) refers to rtx_kernel.o(.text.osKernelSuspend) for [Anonymous Symbol]
    rtx_kernel.o(.text.osKernelResume) refers to rtx_kernel.o(.text.svcRtxKernelResume) for svcRtxKernelResume
    rtx_kernel.o(.ARM.exidx.text.osKernelResume) refers to rtx_kernel.o(.text.osKernelResume) for [Anonymous Symbol]
    rtx_kernel.o(.text.osKernelGetTickCount) refers to rtx_kernel.o(.data.os) for osRtxInfo
    rtx_kernel.o(.text.osKernelGetTickCount) refers to rtx_kernel.o(.text.svcRtxKernelGetTickCount) for svcRtxKernelGetTickCount
    rtx_kernel.o(.ARM.exidx.text.osKernelGetTickCount) refers to rtx_kernel.o(.text.osKernelGetTickCount) for [Anonymous Symbol]
    rtx_kernel.o(.text.svcRtxKernelGetTickCount) refers to rtx_kernel.o(.data.os) for osRtxInfo
    rtx_kernel.o(.ARM.exidx.text.svcRtxKernelGetTickCount) refers to rtx_kernel.o(.text.svcRtxKernelGetTickCount) for [Anonymous Symbol]
    rtx_kernel.o(.text.osKernelGetTickFreq) refers to rtx_lib.o(.rodata) for osRtxConfig
    rtx_kernel.o(.text.osKernelGetTickFreq) refers to rtx_kernel.o(.text.svcRtxKernelGetTickFreq) for svcRtxKernelGetTickFreq
    rtx_kernel.o(.ARM.exidx.text.osKernelGetTickFreq) refers to rtx_kernel.o(.text.osKernelGetTickFreq) for [Anonymous Symbol]
    rtx_kernel.o(.text.svcRtxKernelGetTickFreq) refers to rtx_lib.o(.rodata) for osRtxConfig
    rtx_kernel.o(.ARM.exidx.text.svcRtxKernelGetTickFreq) refers to rtx_kernel.o(.text.svcRtxKernelGetTickFreq) for [Anonymous Symbol]
    rtx_kernel.o(.text.osKernelGetSysTimerCount) refers to rtx_kernel.o(.text.svcRtxKernelGetSysTimerCount) for svcRtxKernelGetSysTimerCount
    rtx_kernel.o(.ARM.exidx.text.osKernelGetSysTimerCount) refers to rtx_kernel.o(.text.osKernelGetSysTimerCount) for [Anonymous Symbol]
    rtx_kernel.o(.text.svcRtxKernelGetSysTimerCount) refers to os_systick.o(.text.OS_Tick_GetCount) for OS_Tick_GetCount
    rtx_kernel.o(.text.svcRtxKernelGetSysTimerCount) refers to os_systick.o(.text.OS_Tick_GetOverflow) for OS_Tick_GetOverflow
    rtx_kernel.o(.text.svcRtxKernelGetSysTimerCount) refers to os_systick.o(.text.OS_Tick_GetInterval) for OS_Tick_GetInterval
    rtx_kernel.o(.text.svcRtxKernelGetSysTimerCount) refers to rtx_kernel.o(.data.os) for osRtxInfo
    rtx_kernel.o(.ARM.exidx.text.svcRtxKernelGetSysTimerCount) refers to rtx_kernel.o(.text.svcRtxKernelGetSysTimerCount) for [Anonymous Symbol]
    rtx_kernel.o(.text.osKernelGetSysTimerFreq) refers to os_systick.o(.text.OS_Tick_GetClock) for OS_Tick_GetClock
    rtx_kernel.o(.text.osKernelGetSysTimerFreq) refers to rtx_kernel.o(.text.svcRtxKernelGetSysTimerFreq) for svcRtxKernelGetSysTimerFreq
    rtx_kernel.o(.ARM.exidx.text.osKernelGetSysTimerFreq) refers to rtx_kernel.o(.text.osKernelGetSysTimerFreq) for [Anonymous Symbol]
    rtx_kernel.o(.text.svcRtxKernelGetSysTimerFreq) refers to os_systick.o(.text.OS_Tick_GetClock) for OS_Tick_GetClock
    rtx_kernel.o(.ARM.exidx.text.svcRtxKernelGetSysTimerFreq) refers to rtx_kernel.o(.text.svcRtxKernelGetSysTimerFreq) for [Anonymous Symbol]
    rtx_kernel.o(.text.svcRtxKernelInitialize) refers to rt_memclr.o(.text) for __aeabi_memclr4
    rtx_kernel.o(.text.svcRtxKernelInitialize) refers to rtx_memory.o(.text.osRtxMemoryInit) for osRtxMemoryInit
    rtx_kernel.o(.text.svcRtxKernelInitialize) refers to rtx_mempool.o(.text.osRtxMemoryPoolInit) for osRtxMemoryPoolInit
    rtx_kernel.o(.text.svcRtxKernelInitialize) refers to rtx_kernel.o(.data.os) for osRtxInfo
    rtx_kernel.o(.text.svcRtxKernelInitialize) refers to rtx_lib.o(.rodata) for osRtxConfig
    rtx_kernel.o(.ARM.exidx.text.svcRtxKernelInitialize) refers to rtx_kernel.o(.text.svcRtxKernelInitialize) for [Anonymous Symbol]
    rtx_kernel.o(.text.svcRtxKernelStart) refers to rtx_thread.o(.text.osRtxThreadStartup) for osRtxThreadStartup
    rtx_kernel.o(.text.svcRtxKernelStart) refers to os_systick.o(.text.OS_Tick_Setup) for OS_Tick_Setup
    rtx_kernel.o(.text.svcRtxKernelStart) refers to os_systick.o(.text.OS_Tick_GetIRQn) for OS_Tick_GetIRQn
    rtx_kernel.o(.text.svcRtxKernelStart) refers to os_systick.o(.text.OS_Tick_Enable) for OS_Tick_Enable
    rtx_kernel.o(.text.svcRtxKernelStart) refers to rtx_thread.o(.text.osRtxThreadListGet) for osRtxThreadListGet
    rtx_kernel.o(.text.svcRtxKernelStart) refers to rtx_thread.o(.text.osRtxThreadSwitch) for osRtxThreadSwitch
    rtx_kernel.o(.text.svcRtxKernelStart) refers to rtx_kernel.o(.data.os) for osRtxInfo
    rtx_kernel.o(.text.svcRtxKernelStart) refers to rtx_lib.o(.rodata) for osRtxConfig
    rtx_kernel.o(.text.svcRtxKernelStart) refers to irq_cm0.o(.text) for SysTick_Handler
    rtx_kernel.o(.ARM.exidx.text.svcRtxKernelStart) refers to rtx_kernel.o(.text.svcRtxKernelStart) for [Anonymous Symbol]
    rtx_kernel.o(.text.svcRtxKernelLock) refers to rtx_kernel.o(.data.os) for osRtxInfo
    rtx_kernel.o(.ARM.exidx.text.svcRtxKernelLock) refers to rtx_kernel.o(.text.svcRtxKernelLock) for [Anonymous Symbol]
    rtx_kernel.o(.text.svcRtxKernelUnlock) refers to rtx_kernel.o(.data.os) for osRtxInfo
    rtx_kernel.o(.ARM.exidx.text.svcRtxKernelUnlock) refers to rtx_kernel.o(.text.svcRtxKernelUnlock) for [Anonymous Symbol]
    rtx_kernel.o(.text.svcRtxKernelRestoreLock) refers to rtx_kernel.o(.data.os) for osRtxInfo
    rtx_kernel.o(.ARM.exidx.text.svcRtxKernelRestoreLock) refers to rtx_kernel.o(.text.svcRtxKernelRestoreLock) for [Anonymous Symbol]
    rtx_kernel.o(.text.svcRtxKernelSuspend) refers to os_systick.o(.text.OS_Tick_Disable) for OS_Tick_Disable
    rtx_kernel.o(.text.svcRtxKernelSuspend) refers to rtx_kernel.o(.data.os) for osRtxInfo
    rtx_kernel.o(.ARM.exidx.text.svcRtxKernelSuspend) refers to rtx_kernel.o(.text.svcRtxKernelSuspend) for [Anonymous Symbol]
    rtx_kernel.o(.text.svcRtxKernelResume) refers to rtx_thread.o(.text.osRtxThreadDelayTick) for osRtxThreadDelayTick
    rtx_kernel.o(.text.svcRtxKernelResume) refers to rtx_thread.o(.text.osRtxThreadDispatch) for osRtxThreadDispatch
    rtx_kernel.o(.text.svcRtxKernelResume) refers to os_systick.o(.text.OS_Tick_Enable) for OS_Tick_Enable
    rtx_kernel.o(.text.svcRtxKernelResume) refers to rtx_kernel.o(.data.os) for osRtxInfo
    rtx_kernel.o(.ARM.exidx.text.svcRtxKernelResume) refers to rtx_kernel.o(.text.svcRtxKernelResume) for [Anonymous Symbol]
    rtx_kernel.o(.data.os) refers to rtx_kernel.o(.rodata.str1.4) for .L.str
    rtx_thread.o(.ARM.exidx.text.osRtxThreadListPut) refers to rtx_thread.o(.text.osRtxThreadListPut) for [Anonymous Symbol]
    rtx_thread.o(.ARM.exidx.text.osRtxThreadListGet) refers to rtx_thread.o(.text.osRtxThreadListGet) for [Anonymous Symbol]
    rtx_thread.o(.text.osRtxThreadListSort) refers to rtx_thread.o(.text.osRtxThreadListRemove) for osRtxThreadListRemove
    rtx_thread.o(.text.osRtxThreadListSort) refers to rtx_thread.o(.text.osRtxThreadListPut) for osRtxThreadListPut
    rtx_thread.o(.ARM.exidx.text.osRtxThreadListSort) refers to rtx_thread.o(.text.osRtxThreadListSort) for [Anonymous Symbol]
    rtx_thread.o(.ARM.exidx.text.osRtxThreadListRemove) refers to rtx_thread.o(.text.osRtxThreadListRemove) for [Anonymous Symbol]
    rtx_thread.o(.text.osRtxThreadReadyPut) refers to rtx_thread.o(.text.osRtxThreadListPut) for osRtxThreadListPut
    rtx_thread.o(.text.osRtxThreadReadyPut) refers to rtx_kernel.o(.data.os) for osRtxInfo
    rtx_thread.o(.ARM.exidx.text.osRtxThreadReadyPut) refers to rtx_thread.o(.text.osRtxThreadReadyPut) for [Anonymous Symbol]
    rtx_thread.o(.text.osRtxThreadDelayTick) refers to rtx_thread.o(.text.osRtxThreadListRemove) for osRtxThreadListRemove
    rtx_thread.o(.text.osRtxThreadDelayTick) refers to rtx_thread.o(.text.osRtxThreadReadyPut) for osRtxThreadReadyPut
    rtx_thread.o(.text.osRtxThreadDelayTick) refers to rtx_kernel.o(.data.os) for osRtxInfo
    rtx_thread.o(.ARM.exidx.text.osRtxThreadDelayTick) refers to rtx_thread.o(.text.osRtxThreadDelayTick) for [Anonymous Symbol]
    rtx_thread.o(.ARM.exidx.text.osRtxThreadRegPtr) refers to rtx_thread.o(.text.osRtxThreadRegPtr) for [Anonymous Symbol]
    rtx_thread.o(.text.osRtxThreadSwitch) refers to rtx_thread.o(.text.osRtxThreadStackCheck) for osRtxThreadStackCheck
    rtx_thread.o(.text.osRtxThreadSwitch) refers to rtx_kernel.o(.data.os) for osRtxInfo
    rtx_thread.o(.ARM.exidx.text.osRtxThreadSwitch) refers to rtx_thread.o(.text.osRtxThreadSwitch) for [Anonymous Symbol]
    rtx_thread.o(.text.osRtxThreadStackCheck) refers to rtx_config.o(i.osRtxErrorNotify) for osRtxErrorNotify
    rtx_thread.o(.text.osRtxThreadStackCheck) refers to rtx_kernel.o(.data.os) for osRtxInfo
    rtx_thread.o(.ARM.exidx.text.osRtxThreadStackCheck) refers to rtx_thread.o(.text.osRtxThreadStackCheck) for [Anonymous Symbol]
    rtx_thread.o(.text.osRtxThreadDispatch) refers to rtx_thread.o(.text.osRtxThreadReadyPut) for osRtxThreadReadyPut
    rtx_thread.o(.text.osRtxThreadDispatch) refers to rtx_thread.o(.text.osRtxThreadListRemove) for osRtxThreadListRemove
    rtx_thread.o(.text.osRtxThreadDispatch) refers to rtx_thread.o(.text.osRtxThreadBlock) for osRtxThreadBlock
    rtx_thread.o(.text.osRtxThreadDispatch) refers to rtx_thread.o(.text.osRtxThreadSwitch) for osRtxThreadSwitch
    rtx_thread.o(.text.osRtxThreadDispatch) refers to rtx_kernel.o(.data.os) for osRtxInfo
    rtx_thread.o(.ARM.exidx.text.osRtxThreadDispatch) refers to rtx_thread.o(.text.osRtxThreadDispatch) for [Anonymous Symbol]
    rtx_thread.o(.text.osRtxThreadBlock) refers to rtx_kernel.o(.data.os) for osRtxInfo
    rtx_thread.o(.ARM.exidx.text.osRtxThreadBlock) refers to rtx_thread.o(.text.osRtxThreadBlock) for [Anonymous Symbol]
    rtx_thread.o(.text.osRtxThreadWaitExit) refers to rtx_thread.o(.text.osRtxThreadDelayRemove) for osRtxThreadDelayRemove
    rtx_thread.o(.text.osRtxThreadWaitExit) refers to rtx_thread.o(.text.osRtxThreadDispatch) for osRtxThreadDispatch
    rtx_thread.o(.text.osRtxThreadWaitExit) refers to rtx_thread.o(.text.osRtxThreadReadyPut) for osRtxThreadReadyPut
    rtx_thread.o(.ARM.exidx.text.osRtxThreadWaitExit) refers to rtx_thread.o(.text.osRtxThreadWaitExit) for [Anonymous Symbol]
    rtx_thread.o(.text.osRtxThreadDelayRemove) refers to rtx_kernel.o(.data.os) for osRtxInfo
    rtx_thread.o(.ARM.exidx.text.osRtxThreadDelayRemove) refers to rtx_thread.o(.text.osRtxThreadDelayRemove) for [Anonymous Symbol]
    rtx_thread.o(.text.osRtxThreadWaitEnter) refers to rtx_thread.o(.text.osRtxThreadDelayInsert) for osRtxThreadDelayInsert
    rtx_thread.o(.text.osRtxThreadWaitEnter) refers to rtx_thread.o(.text.osRtxThreadSwitch) for osRtxThreadSwitch
    rtx_thread.o(.text.osRtxThreadWaitEnter) refers to rtx_kernel.o(.data.os) for osRtxInfo
    rtx_thread.o(.ARM.exidx.text.osRtxThreadWaitEnter) refers to rtx_thread.o(.text.osRtxThreadWaitEnter) for [Anonymous Symbol]
    rtx_thread.o(.text.osRtxThreadDelayInsert) refers to rtx_kernel.o(.data.os) for osRtxInfo
    rtx_thread.o(.ARM.exidx.text.osRtxThreadDelayInsert) refers to rtx_thread.o(.text.osRtxThreadDelayInsert) for [Anonymous Symbol]
    rtx_thread.o(.text.osRtxThreadStartup) refers to rtx_thread.o(.text.svcRtxThreadNew) for svcRtxThreadNew
    rtx_thread.o(.text.osRtxThreadStartup) refers to rtx_lib.o(.rodata) for osRtxConfig
    rtx_thread.o(.text.osRtxThreadStartup) refers to rtx_config.o(i.osRtxIdleThread) for osRtxIdleThread
    rtx_thread.o(.text.osRtxThreadStartup) refers to rtx_kernel.o(.data.os) for osRtxInfo
    rtx_thread.o(.text.osRtxThreadStartup) refers to rtx_timer.o(.text.osRtxTimerThread) for osRtxTimerThread
    rtx_thread.o(.ARM.exidx.text.osRtxThreadStartup) refers to rtx_thread.o(.text.osRtxThreadStartup) for [Anonymous Symbol]
    rtx_thread.o(.text.svcRtxThreadNew) refers to rtx_mempool.o(.text.osRtxMemoryPoolAlloc) for osRtxMemoryPoolAlloc
    rtx_thread.o(.text.svcRtxThreadNew) refers to rtx_memory.o(.text.osRtxMemoryAlloc) for osRtxMemoryAlloc
    rtx_thread.o(.text.svcRtxThreadNew) refers to rtx_mempool.o(.text.osRtxMemoryPoolFree) for osRtxMemoryPoolFree
    rtx_thread.o(.text.svcRtxThreadNew) refers to rtx_memory.o(.text.osRtxMemoryFree) for osRtxMemoryFree
    rtx_thread.o(.text.svcRtxThreadNew) refers to rt_memclr.o(.text) for __aeabi_memclr4
    rtx_thread.o(.text.svcRtxThreadNew) refers to rtx_thread.o(.text.osRtxThreadDispatch) for osRtxThreadDispatch
    rtx_thread.o(.text.svcRtxThreadNew) refers to rtx_kernel.o(.data.os) for osRtxInfo
    rtx_thread.o(.text.svcRtxThreadNew) refers to rtx_lib.o(.rodata) for osRtxConfig
    rtx_thread.o(.text.svcRtxThreadNew) refers to rtx_thread.o(.text.osThreadExit) for osThreadExit
    rtx_thread.o(.text.svcRtxThreadNew) refers to rtx_thread.o(.text.osRtxThreadPostProcess) for osRtxThreadPostProcess
    rtx_thread.o(.ARM.exidx.text.svcRtxThreadNew) refers to rtx_thread.o(.text.svcRtxThreadNew) for [Anonymous Symbol]
    rtx_thread.o(.text.osThreadNew) refers to rtx_thread.o(.text.svcRtxThreadNew) for svcRtxThreadNew
    rtx_thread.o(.ARM.exidx.text.osThreadNew) refers to rtx_thread.o(.text.osThreadNew) for [Anonymous Symbol]
    rtx_thread.o(.text.osThreadGetName) refers to rtx_thread.o(.text.svcRtxThreadGetName) for svcRtxThreadGetName
    rtx_thread.o(.ARM.exidx.text.osThreadGetName) refers to rtx_thread.o(.text.osThreadGetName) for [Anonymous Symbol]
    rtx_thread.o(.text.osThreadGetId) refers to rtx_kernel.o(.data.os) for osRtxInfo
    rtx_thread.o(.text.osThreadGetId) refers to rtx_thread.o(.text.svcRtxThreadGetId) for svcRtxThreadGetId
    rtx_thread.o(.ARM.exidx.text.osThreadGetId) refers to rtx_thread.o(.text.osThreadGetId) for [Anonymous Symbol]
    rtx_thread.o(.text.svcRtxThreadGetId) refers to rtx_kernel.o(.data.os) for osRtxInfo
    rtx_thread.o(.ARM.exidx.text.svcRtxThreadGetId) refers to rtx_thread.o(.text.svcRtxThreadGetId) for [Anonymous Symbol]
    rtx_thread.o(.text.osThreadGetState) refers to rtx_thread.o(.text.svcRtxThreadGetState) for svcRtxThreadGetState
    rtx_thread.o(.ARM.exidx.text.osThreadGetState) refers to rtx_thread.o(.text.osThreadGetState) for [Anonymous Symbol]
    rtx_thread.o(.text.osThreadGetStackSize) refers to rtx_thread.o(.text.svcRtxThreadGetStackSize) for svcRtxThreadGetStackSize
    rtx_thread.o(.ARM.exidx.text.osThreadGetStackSize) refers to rtx_thread.o(.text.osThreadGetStackSize) for [Anonymous Symbol]
    rtx_thread.o(.text.osThreadGetStackSpace) refers to rtx_thread.o(.text.svcRtxThreadGetStackSpace) for svcRtxThreadGetStackSpace
    rtx_thread.o(.ARM.exidx.text.osThreadGetStackSpace) refers to rtx_thread.o(.text.osThreadGetStackSpace) for [Anonymous Symbol]
    rtx_thread.o(.text.osThreadSetPriority) refers to rtx_thread.o(.text.svcRtxThreadSetPriority) for svcRtxThreadSetPriority
    rtx_thread.o(.ARM.exidx.text.osThreadSetPriority) refers to rtx_thread.o(.text.osThreadSetPriority) for [Anonymous Symbol]
    rtx_thread.o(.text.osThreadGetPriority) refers to rtx_thread.o(.text.svcRtxThreadGetPriority) for svcRtxThreadGetPriority
    rtx_thread.o(.ARM.exidx.text.osThreadGetPriority) refers to rtx_thread.o(.text.osThreadGetPriority) for [Anonymous Symbol]
    rtx_thread.o(.text.osThreadYield) refers to rtx_thread.o(.text.svcRtxThreadYield) for svcRtxThreadYield
    rtx_thread.o(.ARM.exidx.text.osThreadYield) refers to rtx_thread.o(.text.osThreadYield) for [Anonymous Symbol]
    rtx_thread.o(.text.osThreadSuspend) refers to rtx_thread.o(.text.svcRtxThreadSuspend) for svcRtxThreadSuspend
    rtx_thread.o(.ARM.exidx.text.osThreadSuspend) refers to rtx_thread.o(.text.osThreadSuspend) for [Anonymous Symbol]
    rtx_thread.o(.text.osThreadResume) refers to rtx_thread.o(.text.svcRtxThreadResume) for svcRtxThreadResume
    rtx_thread.o(.ARM.exidx.text.osThreadResume) refers to rtx_thread.o(.text.osThreadResume) for [Anonymous Symbol]
    rtx_thread.o(.text.osThreadDetach) refers to rtx_thread.o(.text.svcRtxThreadDetach) for svcRtxThreadDetach
    rtx_thread.o(.ARM.exidx.text.osThreadDetach) refers to rtx_thread.o(.text.osThreadDetach) for [Anonymous Symbol]
    rtx_thread.o(.text.osThreadJoin) refers to rtx_thread.o(.text.svcRtxThreadJoin) for svcRtxThreadJoin
    rtx_thread.o(.ARM.exidx.text.osThreadJoin) refers to rtx_thread.o(.text.osThreadJoin) for [Anonymous Symbol]
    rtx_thread.o(.text.osThreadExit) refers to rtx_thread.o(.text.svcRtxThreadExit) for svcRtxThreadExit
    rtx_thread.o(.ARM.exidx.text.osThreadExit) refers to rtx_thread.o(.text.osThreadExit) for [Anonymous Symbol]
    rtx_thread.o(.text.osThreadTerminate) refers to rtx_thread.o(.text.svcRtxThreadTerminate) for svcRtxThreadTerminate
    rtx_thread.o(.ARM.exidx.text.osThreadTerminate) refers to rtx_thread.o(.text.osThreadTerminate) for [Anonymous Symbol]
    rtx_thread.o(.text.osThreadGetCount) refers to rtx_thread.o(.text.svcRtxThreadGetCount) for svcRtxThreadGetCount
    rtx_thread.o(.ARM.exidx.text.osThreadGetCount) refers to rtx_thread.o(.text.osThreadGetCount) for [Anonymous Symbol]
    rtx_thread.o(.text.osThreadEnumerate) refers to rtx_thread.o(.text.svcRtxThreadEnumerate) for svcRtxThreadEnumerate
    rtx_thread.o(.ARM.exidx.text.osThreadEnumerate) refers to rtx_thread.o(.text.osThreadEnumerate) for [Anonymous Symbol]
    rtx_thread.o(.text.osThreadFlagsSet) refers to rtx_system.o(.text.osRtxPostProcess) for osRtxPostProcess
    rtx_thread.o(.text.osThreadFlagsSet) refers to rtx_thread.o(.text.svcRtxThreadFlagsSet) for svcRtxThreadFlagsSet
    rtx_thread.o(.ARM.exidx.text.osThreadFlagsSet) refers to rtx_thread.o(.text.osThreadFlagsSet) for [Anonymous Symbol]
    rtx_thread.o(.text.osThreadFlagsClear) refers to rtx_thread.o(.text.svcRtxThreadFlagsClear) for svcRtxThreadFlagsClear
    rtx_thread.o(.ARM.exidx.text.osThreadFlagsClear) refers to rtx_thread.o(.text.osThreadFlagsClear) for [Anonymous Symbol]
    rtx_thread.o(.text.osThreadFlagsGet) refers to rtx_thread.o(.text.svcRtxThreadFlagsGet) for svcRtxThreadFlagsGet
    rtx_thread.o(.ARM.exidx.text.osThreadFlagsGet) refers to rtx_thread.o(.text.osThreadFlagsGet) for [Anonymous Symbol]
    rtx_thread.o(.text.osThreadFlagsWait) refers to rtx_thread.o(.text.svcRtxThreadFlagsWait) for svcRtxThreadFlagsWait
    rtx_thread.o(.ARM.exidx.text.osThreadFlagsWait) refers to rtx_thread.o(.text.osThreadFlagsWait) for [Anonymous Symbol]
    rtx_thread.o(.text.osRtxThreadPostProcess) refers to rtx_thread.o(.text.ThreadFlagsCheck) for ThreadFlagsCheck
    rtx_thread.o(.text.osRtxThreadPostProcess) refers to rtx_thread.o(.text.osRtxThreadWaitExit) for osRtxThreadWaitExit
    rtx_thread.o(.ARM.exidx.text.osRtxThreadPostProcess) refers to rtx_thread.o(.text.osRtxThreadPostProcess) for [Anonymous Symbol]
    rtx_thread.o(.ARM.exidx.text.ThreadFlagsCheck) refers to rtx_thread.o(.text.ThreadFlagsCheck) for [Anonymous Symbol]
    rtx_thread.o(.ARM.exidx.text.svcRtxThreadGetName) refers to rtx_thread.o(.text.svcRtxThreadGetName) for [Anonymous Symbol]
    rtx_thread.o(.ARM.exidx.text.svcRtxThreadGetState) refers to rtx_thread.o(.text.svcRtxThreadGetState) for [Anonymous Symbol]
    rtx_thread.o(.ARM.exidx.text.svcRtxThreadGetStackSize) refers to rtx_thread.o(.text.svcRtxThreadGetStackSize) for [Anonymous Symbol]
    rtx_thread.o(.text.svcRtxThreadGetStackSpace) refers to rtx_lib.o(.rodata) for osRtxConfig
    rtx_thread.o(.ARM.exidx.text.svcRtxThreadGetStackSpace) refers to rtx_thread.o(.text.svcRtxThreadGetStackSpace) for [Anonymous Symbol]
    rtx_thread.o(.text.svcRtxThreadSetPriority) refers to rtx_thread.o(.text.osRtxThreadListSort) for osRtxThreadListSort
    rtx_thread.o(.text.svcRtxThreadSetPriority) refers to rtx_thread.o(.text.osRtxThreadDispatch) for osRtxThreadDispatch
    rtx_thread.o(.ARM.exidx.text.svcRtxThreadSetPriority) refers to rtx_thread.o(.text.svcRtxThreadSetPriority) for [Anonymous Symbol]
    rtx_thread.o(.ARM.exidx.text.svcRtxThreadGetPriority) refers to rtx_thread.o(.text.svcRtxThreadGetPriority) for [Anonymous Symbol]
    rtx_thread.o(.text.svcRtxThreadYield) refers to rtx_thread.o(.text.osRtxThreadListRemove) for osRtxThreadListRemove
    rtx_thread.o(.text.svcRtxThreadYield) refers to rtx_thread.o(.text.osRtxThreadReadyPut) for osRtxThreadReadyPut
    rtx_thread.o(.text.svcRtxThreadYield) refers to rtx_thread.o(.text.osRtxThreadSwitch) for osRtxThreadSwitch
    rtx_thread.o(.text.svcRtxThreadYield) refers to rtx_kernel.o(.data.os) for osRtxInfo
    rtx_thread.o(.ARM.exidx.text.svcRtxThreadYield) refers to rtx_thread.o(.text.svcRtxThreadYield) for [Anonymous Symbol]
    rtx_thread.o(.text.svcRtxThreadSuspend) refers to rtx_thread.o(.text.osRtxThreadListRemove) for osRtxThreadListRemove
    rtx_thread.o(.text.svcRtxThreadSuspend) refers to rtx_thread.o(.text.osRtxThreadDelayRemove) for osRtxThreadDelayRemove
    rtx_thread.o(.text.svcRtxThreadSuspend) refers to rtx_thread.o(.text.osRtxThreadSwitch) for osRtxThreadSwitch
    rtx_thread.o(.text.svcRtxThreadSuspend) refers to rtx_thread.o(.text.osRtxThreadDelayInsert) for osRtxThreadDelayInsert
    rtx_thread.o(.text.svcRtxThreadSuspend) refers to rtx_kernel.o(.data.os) for osRtxInfo
    rtx_thread.o(.ARM.exidx.text.svcRtxThreadSuspend) refers to rtx_thread.o(.text.svcRtxThreadSuspend) for [Anonymous Symbol]
    rtx_thread.o(.text.svcRtxThreadResume) refers to rtx_thread.o(.text.osRtxThreadListRemove) for osRtxThreadListRemove
    rtx_thread.o(.text.svcRtxThreadResume) refers to rtx_thread.o(.text.osRtxThreadDelayRemove) for osRtxThreadDelayRemove
    rtx_thread.o(.text.svcRtxThreadResume) refers to rtx_thread.o(.text.osRtxThreadDispatch) for osRtxThreadDispatch
    rtx_thread.o(.ARM.exidx.text.svcRtxThreadResume) refers to rtx_thread.o(.text.svcRtxThreadResume) for [Anonymous Symbol]
    rtx_thread.o(.text.svcRtxThreadDetach) refers to rtx_thread.o(.text.osRtxThreadListUnlink) for osRtxThreadListUnlink
    rtx_thread.o(.text.svcRtxThreadDetach) refers to rtx_thread.o(.text.osRtxThreadFree) for osRtxThreadFree
    rtx_thread.o(.ARM.exidx.text.svcRtxThreadDetach) refers to rtx_thread.o(.text.svcRtxThreadDetach) for [Anonymous Symbol]
    rtx_thread.o(.text.osRtxThreadListUnlink) refers to rtx_kernel.o(.data.os) for osRtxInfo
    rtx_thread.o(.ARM.exidx.text.osRtxThreadListUnlink) refers to rtx_thread.o(.text.osRtxThreadListUnlink) for [Anonymous Symbol]
    rtx_thread.o(.text.osRtxThreadFree) refers to rtx_memory.o(.text.osRtxMemoryFree) for osRtxMemoryFree
    rtx_thread.o(.text.osRtxThreadFree) refers to rtx_mempool.o(.text.osRtxMemoryPoolFree) for osRtxMemoryPoolFree
    rtx_thread.o(.text.osRtxThreadFree) refers to rtx_kernel.o(.data.os) for osRtxInfo
    rtx_thread.o(.ARM.exidx.text.osRtxThreadFree) refers to rtx_thread.o(.text.osRtxThreadFree) for [Anonymous Symbol]
    rtx_thread.o(.text.svcRtxThreadJoin) refers to rtx_thread.o(.text.osRtxThreadListUnlink) for osRtxThreadListUnlink
    rtx_thread.o(.text.svcRtxThreadJoin) refers to rtx_thread.o(.text.osRtxThreadFree) for osRtxThreadFree
    rtx_thread.o(.text.svcRtxThreadJoin) refers to rtx_thread.o(.text.osRtxThreadWaitEnter) for osRtxThreadWaitEnter
    rtx_thread.o(.text.svcRtxThreadJoin) refers to rtx_kernel.o(.data.os) for osRtxInfo
    rtx_thread.o(.ARM.exidx.text.svcRtxThreadJoin) refers to rtx_thread.o(.text.svcRtxThreadJoin) for [Anonymous Symbol]
    rtx_thread.o(.text.svcRtxThreadExit) refers to rtx_mutex.o(.text.osRtxMutexOwnerRelease) for osRtxMutexOwnerRelease
    rtx_thread.o(.text.svcRtxThreadExit) refers to rtx_thread.o(.text.osRtxThreadWaitExit) for osRtxThreadWaitExit
    rtx_thread.o(.text.svcRtxThreadExit) refers to rtx_thread.o(.text.osRtxThreadSwitch) for osRtxThreadSwitch
    rtx_thread.o(.text.svcRtxThreadExit) refers to rtx_thread.o(.text.osRtxThreadFree) for osRtxThreadFree
    rtx_thread.o(.text.svcRtxThreadExit) refers to rtx_kernel.o(.data.os) for osRtxInfo
    rtx_thread.o(.ARM.exidx.text.svcRtxThreadExit) refers to rtx_thread.o(.text.svcRtxThreadExit) for [Anonymous Symbol]
    rtx_thread.o(.text.svcRtxThreadTerminate) refers to rtx_thread.o(.text.osRtxThreadListRemove) for osRtxThreadListRemove
    rtx_thread.o(.text.svcRtxThreadTerminate) refers to rtx_thread.o(.text.osRtxThreadDelayRemove) for osRtxThreadDelayRemove
    rtx_thread.o(.text.svcRtxThreadTerminate) refers to rtx_mutex.o(.text.osRtxMutexOwnerRelease) for osRtxMutexOwnerRelease
    rtx_thread.o(.text.svcRtxThreadTerminate) refers to rtx_thread.o(.text.osRtxThreadWaitExit) for osRtxThreadWaitExit
    rtx_thread.o(.text.svcRtxThreadTerminate) refers to rtx_thread.o(.text.osRtxThreadSwitch) for osRtxThreadSwitch
    rtx_thread.o(.text.svcRtxThreadTerminate) refers to rtx_thread.o(.text.osRtxThreadDispatch) for osRtxThreadDispatch
    rtx_thread.o(.text.svcRtxThreadTerminate) refers to rtx_thread.o(.text.osRtxThreadFree) for osRtxThreadFree
    rtx_thread.o(.text.svcRtxThreadTerminate) refers to rtx_kernel.o(.data.os) for osRtxInfo
    rtx_thread.o(.ARM.exidx.text.svcRtxThreadTerminate) refers to rtx_thread.o(.text.svcRtxThreadTerminate) for [Anonymous Symbol]
    rtx_thread.o(.text.svcRtxThreadGetCount) refers to rtx_kernel.o(.data.os) for osRtxInfo
    rtx_thread.o(.ARM.exidx.text.svcRtxThreadGetCount) refers to rtx_thread.o(.text.svcRtxThreadGetCount) for [Anonymous Symbol]
    rtx_thread.o(.text.svcRtxThreadEnumerate) refers to rtx_kernel.o(.data.os) for osRtxInfo
    rtx_thread.o(.ARM.exidx.text.svcRtxThreadEnumerate) refers to rtx_thread.o(.text.svcRtxThreadEnumerate) for [Anonymous Symbol]
    rtx_thread.o(.text.svcRtxThreadFlagsSet) refers to rtx_thread.o(.text.ThreadFlagsCheck) for ThreadFlagsCheck
    rtx_thread.o(.text.svcRtxThreadFlagsSet) refers to rtx_thread.o(.text.osRtxThreadWaitExit) for osRtxThreadWaitExit
    rtx_thread.o(.ARM.exidx.text.svcRtxThreadFlagsSet) refers to rtx_thread.o(.text.svcRtxThreadFlagsSet) for [Anonymous Symbol]
    rtx_thread.o(.text.svcRtxThreadFlagsClear) refers to rtx_kernel.o(.data.os) for osRtxInfo
    rtx_thread.o(.ARM.exidx.text.svcRtxThreadFlagsClear) refers to rtx_thread.o(.text.svcRtxThreadFlagsClear) for [Anonymous Symbol]
    rtx_thread.o(.text.svcRtxThreadFlagsGet) refers to rtx_kernel.o(.data.os) for osRtxInfo
    rtx_thread.o(.ARM.exidx.text.svcRtxThreadFlagsGet) refers to rtx_thread.o(.text.svcRtxThreadFlagsGet) for [Anonymous Symbol]
    rtx_thread.o(.text.svcRtxThreadFlagsWait) refers to rtx_thread.o(.text.ThreadFlagsCheck) for ThreadFlagsCheck
    rtx_thread.o(.text.svcRtxThreadFlagsWait) refers to rtx_thread.o(.text.osRtxThreadWaitEnter) for osRtxThreadWaitEnter
    rtx_thread.o(.text.svcRtxThreadFlagsWait) refers to rtx_kernel.o(.data.os) for osRtxInfo
    rtx_thread.o(.ARM.exidx.text.svcRtxThreadFlagsWait) refers to rtx_thread.o(.text.svcRtxThreadFlagsWait) for [Anonymous Symbol]
    rtx_delay.o(.text.osDelay) refers to rtx_delay.o(.text.svcRtxDelay) for svcRtxDelay
    rtx_delay.o(.ARM.exidx.text.osDelay) refers to rtx_delay.o(.text.osDelay) for [Anonymous Symbol]
    rtx_delay.o(.text.osDelayUntil) refers to rtx_delay.o(.text.svcRtxDelayUntil) for svcRtxDelayUntil
    rtx_delay.o(.ARM.exidx.text.osDelayUntil) refers to rtx_delay.o(.text.osDelayUntil) for [Anonymous Symbol]
    rtx_delay.o(.text.svcRtxDelay) refers to rtx_thread.o(.text.osRtxThreadWaitEnter) for osRtxThreadWaitEnter
    rtx_delay.o(.ARM.exidx.text.svcRtxDelay) refers to rtx_delay.o(.text.svcRtxDelay) for [Anonymous Symbol]
    rtx_delay.o(.text.svcRtxDelayUntil) refers to rtx_thread.o(.text.osRtxThreadWaitEnter) for osRtxThreadWaitEnter
    rtx_delay.o(.text.svcRtxDelayUntil) refers to rtx_kernel.o(.data.os) for osRtxInfo
    rtx_delay.o(.ARM.exidx.text.svcRtxDelayUntil) refers to rtx_delay.o(.text.svcRtxDelayUntil) for [Anonymous Symbol]
    rtx_mutex.o(.text.osRtxMutexOwnerRelease) refers to rtx_thread.o(.text.osRtxThreadListGet) for osRtxThreadListGet
    rtx_mutex.o(.text.osRtxMutexOwnerRelease) refers to rtx_thread.o(.text.osRtxThreadWaitExit) for osRtxThreadWaitExit
    rtx_mutex.o(.ARM.exidx.text.osRtxMutexOwnerRelease) refers to rtx_mutex.o(.text.osRtxMutexOwnerRelease) for [Anonymous Symbol]
    rtx_mutex.o(.text.osMutexNew) refers to rtx_mutex.o(.text.svcRtxMutexNew) for svcRtxMutexNew
    rtx_mutex.o(.ARM.exidx.text.osMutexNew) refers to rtx_mutex.o(.text.osMutexNew) for [Anonymous Symbol]
    rtx_mutex.o(.text.osMutexGetName) refers to rtx_mutex.o(.text.svcRtxMutexGetName) for svcRtxMutexGetName
    rtx_mutex.o(.ARM.exidx.text.osMutexGetName) refers to rtx_mutex.o(.text.osMutexGetName) for [Anonymous Symbol]
    rtx_mutex.o(.text.osMutexAcquire) refers to rtx_mutex.o(.text.svcRtxMutexAcquire) for svcRtxMutexAcquire
    rtx_mutex.o(.ARM.exidx.text.osMutexAcquire) refers to rtx_mutex.o(.text.osMutexAcquire) for [Anonymous Symbol]
    rtx_mutex.o(.text.osMutexRelease) refers to rtx_mutex.o(.text.svcRtxMutexRelease) for svcRtxMutexRelease
    rtx_mutex.o(.ARM.exidx.text.osMutexRelease) refers to rtx_mutex.o(.text.osMutexRelease) for [Anonymous Symbol]
    rtx_mutex.o(.text.osMutexGetOwner) refers to rtx_mutex.o(.text.svcRtxMutexGetOwner) for svcRtxMutexGetOwner
    rtx_mutex.o(.ARM.exidx.text.osMutexGetOwner) refers to rtx_mutex.o(.text.osMutexGetOwner) for [Anonymous Symbol]
    rtx_mutex.o(.text.osMutexDelete) refers to rtx_mutex.o(.text.svcRtxMutexDelete) for svcRtxMutexDelete
    rtx_mutex.o(.ARM.exidx.text.osMutexDelete) refers to rtx_mutex.o(.text.osMutexDelete) for [Anonymous Symbol]
    rtx_mutex.o(.text.svcRtxMutexNew) refers to rtx_mempool.o(.text.osRtxMemoryPoolAlloc) for osRtxMemoryPoolAlloc
    rtx_mutex.o(.text.svcRtxMutexNew) refers to rtx_memory.o(.text.osRtxMemoryAlloc) for osRtxMemoryAlloc
    rtx_mutex.o(.text.svcRtxMutexNew) refers to rt_memclr.o(.text) for __aeabi_memclr4
    rtx_mutex.o(.text.svcRtxMutexNew) refers to rtx_kernel.o(.data.os) for osRtxInfo
    rtx_mutex.o(.ARM.exidx.text.svcRtxMutexNew) refers to rtx_mutex.o(.text.svcRtxMutexNew) for [Anonymous Symbol]
    rtx_mutex.o(.ARM.exidx.text.svcRtxMutexGetName) refers to rtx_mutex.o(.text.svcRtxMutexGetName) for [Anonymous Symbol]
    rtx_mutex.o(.text.svcRtxMutexAcquire) refers to rtx_thread.o(.text.osRtxThreadListSort) for osRtxThreadListSort
    rtx_mutex.o(.text.svcRtxMutexAcquire) refers to rtx_thread.o(.text.osRtxThreadWaitEnter) for osRtxThreadWaitEnter
    rtx_mutex.o(.text.svcRtxMutexAcquire) refers to rtx_thread.o(.text.osRtxThreadListPut) for osRtxThreadListPut
    rtx_mutex.o(.text.svcRtxMutexAcquire) refers to rtx_kernel.o(.data.os) for osRtxInfo
    rtx_mutex.o(.ARM.exidx.text.svcRtxMutexAcquire) refers to rtx_mutex.o(.text.svcRtxMutexAcquire) for [Anonymous Symbol]
    rtx_mutex.o(.text.svcRtxMutexRelease) refers to rtx_thread.o(.text.osRtxThreadListGet) for osRtxThreadListGet
    rtx_mutex.o(.text.svcRtxMutexRelease) refers to rtx_thread.o(.text.osRtxThreadWaitExit) for osRtxThreadWaitExit
    rtx_mutex.o(.text.svcRtxMutexRelease) refers to rtx_thread.o(.text.osRtxThreadDispatch) for osRtxThreadDispatch
    rtx_mutex.o(.text.svcRtxMutexRelease) refers to rtx_kernel.o(.data.os) for osRtxInfo
    rtx_mutex.o(.ARM.exidx.text.svcRtxMutexRelease) refers to rtx_mutex.o(.text.svcRtxMutexRelease) for [Anonymous Symbol]
    rtx_mutex.o(.ARM.exidx.text.svcRtxMutexGetOwner) refers to rtx_mutex.o(.text.svcRtxMutexGetOwner) for [Anonymous Symbol]
    rtx_mutex.o(.text.svcRtxMutexDelete) refers to rtx_thread.o(.text.osRtxThreadListSort) for osRtxThreadListSort
    rtx_mutex.o(.text.svcRtxMutexDelete) refers to rtx_thread.o(.text.osRtxThreadListGet) for osRtxThreadListGet
    rtx_mutex.o(.text.svcRtxMutexDelete) refers to rtx_thread.o(.text.osRtxThreadWaitExit) for osRtxThreadWaitExit
    rtx_mutex.o(.text.svcRtxMutexDelete) refers to rtx_thread.o(.text.osRtxThreadDispatch) for osRtxThreadDispatch
    rtx_mutex.o(.text.svcRtxMutexDelete) refers to rtx_mempool.o(.text.osRtxMemoryPoolFree) for osRtxMemoryPoolFree
    rtx_mutex.o(.text.svcRtxMutexDelete) refers to rtx_memory.o(.text.osRtxMemoryFree) for osRtxMemoryFree
    rtx_mutex.o(.text.svcRtxMutexDelete) refers to rtx_kernel.o(.data.os) for osRtxInfo
    rtx_mutex.o(.ARM.exidx.text.svcRtxMutexDelete) refers to rtx_mutex.o(.text.svcRtxMutexDelete) for [Anonymous Symbol]
    rtx_semaphore.o(.text.osSemaphoreNew) refers to rtx_semaphore.o(.text.svcRtxSemaphoreNew) for svcRtxSemaphoreNew
    rtx_semaphore.o(.ARM.exidx.text.osSemaphoreNew) refers to rtx_semaphore.o(.text.osSemaphoreNew) for [Anonymous Symbol]
    rtx_semaphore.o(.text.osSemaphoreGetName) refers to rtx_semaphore.o(.text.svcRtxSemaphoreGetName) for svcRtxSemaphoreGetName
    rtx_semaphore.o(.ARM.exidx.text.osSemaphoreGetName) refers to rtx_semaphore.o(.text.osSemaphoreGetName) for [Anonymous Symbol]
    rtx_semaphore.o(.text.osSemaphoreAcquire) refers to rtx_semaphore.o(.text.SemaphoreTokenDecrement) for SemaphoreTokenDecrement
    rtx_semaphore.o(.text.osSemaphoreAcquire) refers to rtx_semaphore.o(.text.svcRtxSemaphoreAcquire) for svcRtxSemaphoreAcquire
    rtx_semaphore.o(.ARM.exidx.text.osSemaphoreAcquire) refers to rtx_semaphore.o(.text.osSemaphoreAcquire) for [Anonymous Symbol]
    rtx_semaphore.o(.text.osSemaphoreRelease) refers to rtx_semaphore.o(.text.SemaphoreTokenIncrement) for SemaphoreTokenIncrement
    rtx_semaphore.o(.text.osSemaphoreRelease) refers to rtx_system.o(.text.osRtxPostProcess) for osRtxPostProcess
    rtx_semaphore.o(.text.osSemaphoreRelease) refers to rtx_semaphore.o(.text.svcRtxSemaphoreRelease) for svcRtxSemaphoreRelease
    rtx_semaphore.o(.ARM.exidx.text.osSemaphoreRelease) refers to rtx_semaphore.o(.text.osSemaphoreRelease) for [Anonymous Symbol]
    rtx_semaphore.o(.text.osSemaphoreGetCount) refers to rtx_semaphore.o(.text.svcRtxSemaphoreGetCount) for svcRtxSemaphoreGetCount
    rtx_semaphore.o(.ARM.exidx.text.osSemaphoreGetCount) refers to rtx_semaphore.o(.text.osSemaphoreGetCount) for [Anonymous Symbol]
    rtx_semaphore.o(.ARM.exidx.text.svcRtxSemaphoreGetCount) refers to rtx_semaphore.o(.text.svcRtxSemaphoreGetCount) for [Anonymous Symbol]
    rtx_semaphore.o(.text.osSemaphoreDelete) refers to rtx_semaphore.o(.text.svcRtxSemaphoreDelete) for svcRtxSemaphoreDelete
    rtx_semaphore.o(.ARM.exidx.text.osSemaphoreDelete) refers to rtx_semaphore.o(.text.osSemaphoreDelete) for [Anonymous Symbol]
    rtx_semaphore.o(.text.svcRtxSemaphoreNew) refers to rtx_mempool.o(.text.osRtxMemoryPoolAlloc) for osRtxMemoryPoolAlloc
    rtx_semaphore.o(.text.svcRtxSemaphoreNew) refers to rtx_memory.o(.text.osRtxMemoryAlloc) for osRtxMemoryAlloc
    rtx_semaphore.o(.text.svcRtxSemaphoreNew) refers to rtx_kernel.o(.data.os) for osRtxInfo
    rtx_semaphore.o(.text.svcRtxSemaphoreNew) refers to rtx_semaphore.o(.text.osRtxSemaphorePostProcess) for osRtxSemaphorePostProcess
    rtx_semaphore.o(.ARM.exidx.text.svcRtxSemaphoreNew) refers to rtx_semaphore.o(.text.svcRtxSemaphoreNew) for [Anonymous Symbol]
    rtx_semaphore.o(.text.osRtxSemaphorePostProcess) refers to rtx_semaphore.o(.text.SemaphoreTokenDecrement) for SemaphoreTokenDecrement
    rtx_semaphore.o(.text.osRtxSemaphorePostProcess) refers to rtx_thread.o(.text.osRtxThreadListGet) for osRtxThreadListGet
    rtx_semaphore.o(.text.osRtxSemaphorePostProcess) refers to rtx_thread.o(.text.osRtxThreadWaitExit) for osRtxThreadWaitExit
    rtx_semaphore.o(.ARM.exidx.text.osRtxSemaphorePostProcess) refers to rtx_semaphore.o(.text.osRtxSemaphorePostProcess) for [Anonymous Symbol]
    rtx_semaphore.o(.ARM.exidx.text.SemaphoreTokenDecrement) refers to rtx_semaphore.o(.text.SemaphoreTokenDecrement) for [Anonymous Symbol]
    rtx_semaphore.o(.ARM.exidx.text.svcRtxSemaphoreGetName) refers to rtx_semaphore.o(.text.svcRtxSemaphoreGetName) for [Anonymous Symbol]
    rtx_semaphore.o(.text.svcRtxSemaphoreAcquire) refers to rtx_semaphore.o(.text.SemaphoreTokenDecrement) for SemaphoreTokenDecrement
    rtx_semaphore.o(.text.svcRtxSemaphoreAcquire) refers to rtx_thread.o(.text.osRtxThreadWaitEnter) for osRtxThreadWaitEnter
    rtx_semaphore.o(.text.svcRtxSemaphoreAcquire) refers to rtx_thread.o(.text.osRtxThreadListPut) for osRtxThreadListPut
    rtx_semaphore.o(.text.svcRtxSemaphoreAcquire) refers to rtx_kernel.o(.data.os) for osRtxInfo
    rtx_semaphore.o(.ARM.exidx.text.svcRtxSemaphoreAcquire) refers to rtx_semaphore.o(.text.svcRtxSemaphoreAcquire) for [Anonymous Symbol]
    rtx_semaphore.o(.ARM.exidx.text.SemaphoreTokenIncrement) refers to rtx_semaphore.o(.text.SemaphoreTokenIncrement) for [Anonymous Symbol]
    rtx_semaphore.o(.text.svcRtxSemaphoreRelease) refers to rtx_thread.o(.text.osRtxThreadListGet) for osRtxThreadListGet
    rtx_semaphore.o(.text.svcRtxSemaphoreRelease) refers to rtx_thread.o(.text.osRtxThreadWaitExit) for osRtxThreadWaitExit
    rtx_semaphore.o(.text.svcRtxSemaphoreRelease) refers to rtx_semaphore.o(.text.SemaphoreTokenIncrement) for SemaphoreTokenIncrement
    rtx_semaphore.o(.ARM.exidx.text.svcRtxSemaphoreRelease) refers to rtx_semaphore.o(.text.svcRtxSemaphoreRelease) for [Anonymous Symbol]
    rtx_semaphore.o(.text.svcRtxSemaphoreDelete) refers to rtx_thread.o(.text.osRtxThreadListGet) for osRtxThreadListGet
    rtx_semaphore.o(.text.svcRtxSemaphoreDelete) refers to rtx_thread.o(.text.osRtxThreadWaitExit) for osRtxThreadWaitExit
    rtx_semaphore.o(.text.svcRtxSemaphoreDelete) refers to rtx_thread.o(.text.osRtxThreadDispatch) for osRtxThreadDispatch
    rtx_semaphore.o(.text.svcRtxSemaphoreDelete) refers to rtx_mempool.o(.text.osRtxMemoryPoolFree) for osRtxMemoryPoolFree
    rtx_semaphore.o(.text.svcRtxSemaphoreDelete) refers to rtx_memory.o(.text.osRtxMemoryFree) for osRtxMemoryFree
    rtx_semaphore.o(.text.svcRtxSemaphoreDelete) refers to rtx_kernel.o(.data.os) for osRtxInfo
    rtx_semaphore.o(.ARM.exidx.text.svcRtxSemaphoreDelete) refers to rtx_semaphore.o(.text.svcRtxSemaphoreDelete) for [Anonymous Symbol]
    irq_cm0.o(.text) refers to rtx_system.o(.text.osRtxPendSV_Handler) for osRtxPendSV_Handler
    irq_cm0.o(.text) refers to rtx_system.o(.text.osRtxTick_Handler) for osRtxTick_Handler
    irq_cm0.o(.text) refers to rtx_kernel.o(.data.os) for osRtxInfo
    irq_cm0.o(.text) refers to rtx_lib.o(.constdata) for osRtxUserSVC
    rtx_timer.o(.text.osRtxTimerThread) refers to rtx_msgqueue.o(.text.osMessageQueueNew) for osMessageQueueNew
    rtx_timer.o(.text.osRtxTimerThread) refers to rtx_msgqueue.o(.text.osMessageQueueGet) for osMessageQueueGet
    rtx_timer.o(.text.osRtxTimerThread) refers to rtx_lib.o(.rodata) for osRtxConfig
    rtx_timer.o(.text.osRtxTimerThread) refers to rtx_kernel.o(.data.os) for osRtxInfo
    rtx_timer.o(.text.osRtxTimerThread) refers to rtx_timer.o(.text.osRtxTimerTick) for osRtxTimerTick
    rtx_timer.o(.ARM.exidx.text.osRtxTimerThread) refers to rtx_timer.o(.text.osRtxTimerThread) for [Anonymous Symbol]
    rtx_timer.o(.text.osRtxTimerTick) refers to rtx_msgqueue.o(.text.osMessageQueuePut) for osMessageQueuePut
    rtx_timer.o(.text.osRtxTimerTick) refers to rtx_config.o(i.osRtxErrorNotify) for osRtxErrorNotify
    rtx_timer.o(.text.osRtxTimerTick) refers to rtx_timer.o(.text.TimerInsert) for TimerInsert
    rtx_timer.o(.text.osRtxTimerTick) refers to rtx_kernel.o(.data.os) for osRtxInfo
    rtx_timer.o(.ARM.exidx.text.osRtxTimerTick) refers to rtx_timer.o(.text.osRtxTimerTick) for [Anonymous Symbol]
    rtx_timer.o(.text.osTimerNew) refers to rtx_timer.o(.text.svcRtxTimerNew) for svcRtxTimerNew
    rtx_timer.o(.ARM.exidx.text.osTimerNew) refers to rtx_timer.o(.text.osTimerNew) for [Anonymous Symbol]
    rtx_timer.o(.text.osTimerGetName) refers to rtx_timer.o(.text.svcRtxTimerGetName) for svcRtxTimerGetName
    rtx_timer.o(.ARM.exidx.text.osTimerGetName) refers to rtx_timer.o(.text.osTimerGetName) for [Anonymous Symbol]
    rtx_timer.o(.text.osTimerStart) refers to rtx_timer.o(.text.svcRtxTimerStart) for svcRtxTimerStart
    rtx_timer.o(.ARM.exidx.text.osTimerStart) refers to rtx_timer.o(.text.osTimerStart) for [Anonymous Symbol]
    rtx_timer.o(.text.osTimerStop) refers to rtx_timer.o(.text.svcRtxTimerStop) for svcRtxTimerStop
    rtx_timer.o(.ARM.exidx.text.osTimerStop) refers to rtx_timer.o(.text.osTimerStop) for [Anonymous Symbol]
    rtx_timer.o(.text.osTimerIsRunning) refers to rtx_timer.o(.text.svcRtxTimerIsRunning) for svcRtxTimerIsRunning
    rtx_timer.o(.ARM.exidx.text.osTimerIsRunning) refers to rtx_timer.o(.text.osTimerIsRunning) for [Anonymous Symbol]
    rtx_timer.o(.text.osTimerDelete) refers to rtx_timer.o(.text.svcRtxTimerDelete) for svcRtxTimerDelete
    rtx_timer.o(.ARM.exidx.text.osTimerDelete) refers to rtx_timer.o(.text.osTimerDelete) for [Anonymous Symbol]
    rtx_timer.o(.text.TimerInsert) refers to rtx_kernel.o(.data.os) for osRtxInfo
    rtx_timer.o(.ARM.exidx.text.TimerInsert) refers to rtx_timer.o(.text.TimerInsert) for [Anonymous Symbol]
    rtx_timer.o(.text.svcRtxTimerNew) refers to rtx_mempool.o(.text.osRtxMemoryPoolAlloc) for osRtxMemoryPoolAlloc
    rtx_timer.o(.text.svcRtxTimerNew) refers to rtx_memory.o(.text.osRtxMemoryAlloc) for osRtxMemoryAlloc
    rtx_timer.o(.text.svcRtxTimerNew) refers to rtx_kernel.o(.data.os) for osRtxInfo
    rtx_timer.o(.ARM.exidx.text.svcRtxTimerNew) refers to rtx_timer.o(.text.svcRtxTimerNew) for [Anonymous Symbol]
    rtx_timer.o(.ARM.exidx.text.svcRtxTimerGetName) refers to rtx_timer.o(.text.svcRtxTimerGetName) for [Anonymous Symbol]
    rtx_timer.o(.text.svcRtxTimerStart) refers to rtx_timer.o(.text.TimerRemove) for TimerRemove
    rtx_timer.o(.text.svcRtxTimerStart) refers to rtx_timer.o(.text.TimerInsert) for TimerInsert
    rtx_timer.o(.text.svcRtxTimerStart) refers to rtx_kernel.o(.data.os) for osRtxInfo
    rtx_timer.o(.ARM.exidx.text.svcRtxTimerStart) refers to rtx_timer.o(.text.svcRtxTimerStart) for [Anonymous Symbol]
    rtx_timer.o(.text.TimerRemove) refers to rtx_kernel.o(.data.os) for osRtxInfo
    rtx_timer.o(.ARM.exidx.text.TimerRemove) refers to rtx_timer.o(.text.TimerRemove) for [Anonymous Symbol]
    rtx_timer.o(.text.svcRtxTimerStop) refers to rtx_timer.o(.text.TimerRemove) for TimerRemove
    rtx_timer.o(.ARM.exidx.text.svcRtxTimerStop) refers to rtx_timer.o(.text.svcRtxTimerStop) for [Anonymous Symbol]
    rtx_timer.o(.ARM.exidx.text.svcRtxTimerIsRunning) refers to rtx_timer.o(.text.svcRtxTimerIsRunning) for [Anonymous Symbol]
    rtx_timer.o(.text.svcRtxTimerDelete) refers to rtx_timer.o(.text.TimerRemove) for TimerRemove
    rtx_timer.o(.text.svcRtxTimerDelete) refers to rtx_mempool.o(.text.osRtxMemoryPoolFree) for osRtxMemoryPoolFree
    rtx_timer.o(.text.svcRtxTimerDelete) refers to rtx_memory.o(.text.osRtxMemoryFree) for osRtxMemoryFree
    rtx_timer.o(.text.svcRtxTimerDelete) refers to rtx_kernel.o(.data.os) for osRtxInfo
    rtx_timer.o(.ARM.exidx.text.svcRtxTimerDelete) refers to rtx_timer.o(.text.svcRtxTimerDelete) for [Anonymous Symbol]
    rtx_memory.o(.ARM.exidx.text.osRtxMemoryInit) refers to rtx_memory.o(.text.osRtxMemoryInit) for [Anonymous Symbol]
    rtx_memory.o(.ARM.exidx.text.osRtxMemoryAlloc) refers to rtx_memory.o(.text.osRtxMemoryAlloc) for [Anonymous Symbol]
    rtx_memory.o(.ARM.exidx.text.osRtxMemoryFree) refers to rtx_memory.o(.text.osRtxMemoryFree) for [Anonymous Symbol]
    rtx_mempool.o(.ARM.exidx.text.osRtxMemoryPoolInit) refers to rtx_mempool.o(.text.osRtxMemoryPoolInit) for [Anonymous Symbol]
    rtx_mempool.o(.ARM.exidx.text.osRtxMemoryPoolAlloc) refers to rtx_mempool.o(.text.osRtxMemoryPoolAlloc) for [Anonymous Symbol]
    rtx_mempool.o(.ARM.exidx.text.osRtxMemoryPoolFree) refers to rtx_mempool.o(.text.osRtxMemoryPoolFree) for [Anonymous Symbol]
    rtx_mempool.o(.text.osMemoryPoolNew) refers to rtx_mempool.o(.text.svcRtxMemoryPoolNew) for svcRtxMemoryPoolNew
    rtx_mempool.o(.ARM.exidx.text.osMemoryPoolNew) refers to rtx_mempool.o(.text.osMemoryPoolNew) for [Anonymous Symbol]
    rtx_mempool.o(.text.osMemoryPoolGetName) refers to rtx_mempool.o(.text.svcRtxMemoryPoolGetName) for svcRtxMemoryPoolGetName
    rtx_mempool.o(.ARM.exidx.text.osMemoryPoolGetName) refers to rtx_mempool.o(.text.osMemoryPoolGetName) for [Anonymous Symbol]
    rtx_mempool.o(.text.osMemoryPoolAlloc) refers to rtx_mempool.o(.text.osRtxMemoryPoolAlloc) for osRtxMemoryPoolAlloc
    rtx_mempool.o(.text.osMemoryPoolAlloc) refers to rtx_mempool.o(.text.svcRtxMemoryPoolAlloc) for svcRtxMemoryPoolAlloc
    rtx_mempool.o(.ARM.exidx.text.osMemoryPoolAlloc) refers to rtx_mempool.o(.text.osMemoryPoolAlloc) for [Anonymous Symbol]
    rtx_mempool.o(.text.osMemoryPoolFree) refers to rtx_mempool.o(.text.osRtxMemoryPoolFree) for osRtxMemoryPoolFree
    rtx_mempool.o(.text.osMemoryPoolFree) refers to rtx_system.o(.text.osRtxPostProcess) for osRtxPostProcess
    rtx_mempool.o(.text.osMemoryPoolFree) refers to rtx_mempool.o(.text.svcRtxMemoryPoolFree) for svcRtxMemoryPoolFree
    rtx_mempool.o(.ARM.exidx.text.osMemoryPoolFree) refers to rtx_mempool.o(.text.osMemoryPoolFree) for [Anonymous Symbol]
    rtx_mempool.o(.text.osMemoryPoolGetCapacity) refers to rtx_mempool.o(.text.svcRtxMemoryPoolGetCapacity) for svcRtxMemoryPoolGetCapacity
    rtx_mempool.o(.ARM.exidx.text.osMemoryPoolGetCapacity) refers to rtx_mempool.o(.text.osMemoryPoolGetCapacity) for [Anonymous Symbol]
    rtx_mempool.o(.ARM.exidx.text.svcRtxMemoryPoolGetCapacity) refers to rtx_mempool.o(.text.svcRtxMemoryPoolGetCapacity) for [Anonymous Symbol]
    rtx_mempool.o(.text.osMemoryPoolGetBlockSize) refers to rtx_mempool.o(.text.svcRtxMemoryPoolGetBlockSize) for svcRtxMemoryPoolGetBlockSize
    rtx_mempool.o(.ARM.exidx.text.osMemoryPoolGetBlockSize) refers to rtx_mempool.o(.text.osMemoryPoolGetBlockSize) for [Anonymous Symbol]
    rtx_mempool.o(.ARM.exidx.text.svcRtxMemoryPoolGetBlockSize) refers to rtx_mempool.o(.text.svcRtxMemoryPoolGetBlockSize) for [Anonymous Symbol]
    rtx_mempool.o(.text.osMemoryPoolGetCount) refers to rtx_mempool.o(.text.svcRtxMemoryPoolGetCount) for svcRtxMemoryPoolGetCount
    rtx_mempool.o(.ARM.exidx.text.osMemoryPoolGetCount) refers to rtx_mempool.o(.text.osMemoryPoolGetCount) for [Anonymous Symbol]
    rtx_mempool.o(.ARM.exidx.text.svcRtxMemoryPoolGetCount) refers to rtx_mempool.o(.text.svcRtxMemoryPoolGetCount) for [Anonymous Symbol]
    rtx_mempool.o(.text.osMemoryPoolGetSpace) refers to rtx_mempool.o(.text.svcRtxMemoryPoolGetSpace) for svcRtxMemoryPoolGetSpace
    rtx_mempool.o(.ARM.exidx.text.osMemoryPoolGetSpace) refers to rtx_mempool.o(.text.osMemoryPoolGetSpace) for [Anonymous Symbol]
    rtx_mempool.o(.ARM.exidx.text.svcRtxMemoryPoolGetSpace) refers to rtx_mempool.o(.text.svcRtxMemoryPoolGetSpace) for [Anonymous Symbol]
    rtx_mempool.o(.text.osMemoryPoolDelete) refers to rtx_mempool.o(.text.svcRtxMemoryPoolDelete) for svcRtxMemoryPoolDelete
    rtx_mempool.o(.ARM.exidx.text.osMemoryPoolDelete) refers to rtx_mempool.o(.text.osMemoryPoolDelete) for [Anonymous Symbol]
    rtx_mempool.o(.text.svcRtxMemoryPoolNew) refers to rtx_mempool.o(.text.osRtxMemoryPoolAlloc) for osRtxMemoryPoolAlloc
    rtx_mempool.o(.text.svcRtxMemoryPoolNew) refers to rtx_memory.o(.text.osRtxMemoryAlloc) for osRtxMemoryAlloc
    rtx_mempool.o(.text.svcRtxMemoryPoolNew) refers to rt_memclr.o(.text) for __aeabi_memclr
    rtx_mempool.o(.text.svcRtxMemoryPoolNew) refers to rtx_mempool.o(.text.osRtxMemoryPoolFree) for osRtxMemoryPoolFree
    rtx_mempool.o(.text.svcRtxMemoryPoolNew) refers to rtx_memory.o(.text.osRtxMemoryFree) for osRtxMemoryFree
    rtx_mempool.o(.text.svcRtxMemoryPoolNew) refers to rtx_mempool.o(.text.osRtxMemoryPoolInit) for osRtxMemoryPoolInit
    rtx_mempool.o(.text.svcRtxMemoryPoolNew) refers to rtx_kernel.o(.data.os) for osRtxInfo
    rtx_mempool.o(.text.svcRtxMemoryPoolNew) refers to rtx_mempool.o(.text.osRtxMemoryPoolPostProcess) for osRtxMemoryPoolPostProcess
    rtx_mempool.o(.ARM.exidx.text.svcRtxMemoryPoolNew) refers to rtx_mempool.o(.text.svcRtxMemoryPoolNew) for [Anonymous Symbol]
    rtx_mempool.o(.text.osRtxMemoryPoolPostProcess) refers to rtx_mempool.o(.text.osRtxMemoryPoolAlloc) for osRtxMemoryPoolAlloc
    rtx_mempool.o(.text.osRtxMemoryPoolPostProcess) refers to rtx_thread.o(.text.osRtxThreadListGet) for osRtxThreadListGet
    rtx_mempool.o(.text.osRtxMemoryPoolPostProcess) refers to rtx_thread.o(.text.osRtxThreadWaitExit) for osRtxThreadWaitExit
    rtx_mempool.o(.ARM.exidx.text.osRtxMemoryPoolPostProcess) refers to rtx_mempool.o(.text.osRtxMemoryPoolPostProcess) for [Anonymous Symbol]
    rtx_mempool.o(.ARM.exidx.text.svcRtxMemoryPoolGetName) refers to rtx_mempool.o(.text.svcRtxMemoryPoolGetName) for [Anonymous Symbol]
    rtx_mempool.o(.text.svcRtxMemoryPoolAlloc) refers to rtx_mempool.o(.text.osRtxMemoryPoolAlloc) for osRtxMemoryPoolAlloc
    rtx_mempool.o(.text.svcRtxMemoryPoolAlloc) refers to rtx_thread.o(.text.osRtxThreadWaitEnter) for osRtxThreadWaitEnter
    rtx_mempool.o(.text.svcRtxMemoryPoolAlloc) refers to rtx_thread.o(.text.osRtxThreadListPut) for osRtxThreadListPut
    rtx_mempool.o(.text.svcRtxMemoryPoolAlloc) refers to rtx_kernel.o(.data.os) for osRtxInfo
    rtx_mempool.o(.ARM.exidx.text.svcRtxMemoryPoolAlloc) refers to rtx_mempool.o(.text.svcRtxMemoryPoolAlloc) for [Anonymous Symbol]
    rtx_mempool.o(.text.svcRtxMemoryPoolFree) refers to rtx_mempool.o(.text.osRtxMemoryPoolFree) for osRtxMemoryPoolFree
    rtx_mempool.o(.text.svcRtxMemoryPoolFree) refers to rtx_mempool.o(.text.osRtxMemoryPoolAlloc) for osRtxMemoryPoolAlloc
    rtx_mempool.o(.text.svcRtxMemoryPoolFree) refers to rtx_thread.o(.text.osRtxThreadListGet) for osRtxThreadListGet
    rtx_mempool.o(.text.svcRtxMemoryPoolFree) refers to rtx_thread.o(.text.osRtxThreadWaitExit) for osRtxThreadWaitExit
    rtx_mempool.o(.ARM.exidx.text.svcRtxMemoryPoolFree) refers to rtx_mempool.o(.text.svcRtxMemoryPoolFree) for [Anonymous Symbol]
    rtx_mempool.o(.text.svcRtxMemoryPoolDelete) refers to rtx_thread.o(.text.osRtxThreadListGet) for osRtxThreadListGet
    rtx_mempool.o(.text.svcRtxMemoryPoolDelete) refers to rtx_thread.o(.text.osRtxThreadWaitExit) for osRtxThreadWaitExit
    rtx_mempool.o(.text.svcRtxMemoryPoolDelete) refers to rtx_thread.o(.text.osRtxThreadDispatch) for osRtxThreadDispatch
    rtx_mempool.o(.text.svcRtxMemoryPoolDelete) refers to rtx_memory.o(.text.osRtxMemoryFree) for osRtxMemoryFree
    rtx_mempool.o(.text.svcRtxMemoryPoolDelete) refers to rtx_mempool.o(.text.osRtxMemoryPoolFree) for osRtxMemoryPoolFree
    rtx_mempool.o(.text.svcRtxMemoryPoolDelete) refers to rtx_kernel.o(.data.os) for osRtxInfo
    rtx_mempool.o(.ARM.exidx.text.svcRtxMemoryPoolDelete) refers to rtx_mempool.o(.text.svcRtxMemoryPoolDelete) for [Anonymous Symbol]
    rtx_system.o(.text.osRtxTick_Handler) refers to os_systick.o(.text.OS_Tick_AcknowledgeIRQ) for OS_Tick_AcknowledgeIRQ
    rtx_system.o(.text.osRtxTick_Handler) refers to rtx_thread.o(.text.osRtxThreadDelayTick) for osRtxThreadDelayTick
    rtx_system.o(.text.osRtxTick_Handler) refers to rtx_thread.o(.text.osRtxThreadDispatch) for osRtxThreadDispatch
    rtx_system.o(.text.osRtxTick_Handler) refers to rtx_thread.o(.text.osRtxThreadListRemove) for osRtxThreadListRemove
    rtx_system.o(.text.osRtxTick_Handler) refers to rtx_thread.o(.text.osRtxThreadReadyPut) for osRtxThreadReadyPut
    rtx_system.o(.text.osRtxTick_Handler) refers to rtx_thread.o(.text.osRtxThreadSwitch) for osRtxThreadSwitch
    rtx_system.o(.text.osRtxTick_Handler) refers to rtx_kernel.o(.data.os) for osRtxInfo
    rtx_system.o(.ARM.exidx.text.osRtxTick_Handler) refers to rtx_system.o(.text.osRtxTick_Handler) for [Anonymous Symbol]
    rtx_system.o(.text.osRtxPendSV_Handler) refers to rtx_thread.o(.text.osRtxThreadDispatch) for osRtxThreadDispatch
    rtx_system.o(.text.osRtxPendSV_Handler) refers to rtx_kernel.o(.data.os) for osRtxInfo
    rtx_system.o(.ARM.exidx.text.osRtxPendSV_Handler) refers to rtx_system.o(.text.osRtxPendSV_Handler) for [Anonymous Symbol]
    rtx_system.o(.text.osRtxPostProcess) refers to rtx_config.o(i.osRtxErrorNotify) for osRtxErrorNotify
    rtx_system.o(.text.osRtxPostProcess) refers to rtx_kernel.o(.data.os) for osRtxInfo
    rtx_system.o(.ARM.exidx.text.osRtxPostProcess) refers to rtx_system.o(.text.osRtxPostProcess) for [Anonymous Symbol]
    os_systick.o(.text.OS_Tick_Setup) refers to aeabi_sdiv.o(.text) for __aeabi_uidiv
    os_systick.o(.text.OS_Tick_Setup) refers to system_mkl25z4.o(.data) for SystemCoreClock
    os_systick.o(.text.OS_Tick_Setup) refers to os_systick.o(.bss.PendST) for [Anonymous Symbol]
    os_systick.o(.ARM.exidx.text.OS_Tick_Setup) refers to os_systick.o(.text.OS_Tick_Setup) for [Anonymous Symbol]
    os_systick.o(.text.OS_Tick_Enable) refers to os_systick.o(.bss.PendST) for [Anonymous Symbol]
    os_systick.o(.ARM.exidx.text.OS_Tick_Enable) refers to os_systick.o(.text.OS_Tick_Enable) for [Anonymous Symbol]
    os_systick.o(.text.OS_Tick_Disable) refers to os_systick.o(.bss.PendST) for [Anonymous Symbol]
    os_systick.o(.ARM.exidx.text.OS_Tick_Disable) refers to os_systick.o(.text.OS_Tick_Disable) for [Anonymous Symbol]
    os_systick.o(.ARM.exidx.text.OS_Tick_AcknowledgeIRQ) refers to os_systick.o(.text.OS_Tick_AcknowledgeIRQ) for [Anonymous Symbol]
    os_systick.o(.ARM.exidx.text.OS_Tick_GetIRQn) refers to os_systick.o(.text.OS_Tick_GetIRQn) for [Anonymous Symbol]
    os_systick.o(.text.OS_Tick_GetClock) refers to system_mkl25z4.o(.data) for SystemCoreClock
    os_systick.o(.ARM.exidx.text.OS_Tick_GetClock) refers to os_systick.o(.text.OS_Tick_GetClock) for [Anonymous Symbol]
    os_systick.o(.ARM.exidx.text.OS_Tick_GetInterval) refers to os_systick.o(.text.OS_Tick_GetInterval) for [Anonymous Symbol]
    os_systick.o(.ARM.exidx.text.OS_Tick_GetCount) refers to os_systick.o(.text.OS_Tick_GetCount) for [Anonymous Symbol]
    os_systick.o(.ARM.exidx.text.OS_Tick_GetOverflow) refers to os_systick.o(.text.OS_Tick_GetOverflow) for [Anonymous Symbol]
    rtx_msgqueue.o(.text.osMessageQueueNew) refers to rtx_msgqueue.o(.text.svcRtxMessageQueueNew) for svcRtxMessageQueueNew
    rtx_msgqueue.o(.ARM.exidx.text.osMessageQueueNew) refers to rtx_msgqueue.o(.text.osMessageQueueNew) for [Anonymous Symbol]
    rtx_msgqueue.o(.text.osMessageQueueGetName) refers to rtx_msgqueue.o(.text.svcRtxMessageQueueGetName) for svcRtxMessageQueueGetName
    rtx_msgqueue.o(.ARM.exidx.text.osMessageQueueGetName) refers to rtx_msgqueue.o(.text.osMessageQueueGetName) for [Anonymous Symbol]
    rtx_msgqueue.o(.text.osMessageQueuePut) refers to rtx_mempool.o(.text.osRtxMemoryPoolAlloc) for osRtxMemoryPoolAlloc
    rtx_msgqueue.o(.text.osMessageQueuePut) refers to rt_memcpy.o(.text) for __aeabi_memcpy
    rtx_msgqueue.o(.text.osMessageQueuePut) refers to rtx_system.o(.text.osRtxPostProcess) for osRtxPostProcess
    rtx_msgqueue.o(.text.osMessageQueuePut) refers to rtx_msgqueue.o(.text.svcRtxMessageQueuePut) for svcRtxMessageQueuePut
    rtx_msgqueue.o(.ARM.exidx.text.osMessageQueuePut) refers to rtx_msgqueue.o(.text.osMessageQueuePut) for [Anonymous Symbol]
    rtx_msgqueue.o(.text.osMessageQueueGet) refers to rtx_msgqueue.o(.text.MessageQueueGet) for MessageQueueGet
    rtx_msgqueue.o(.text.osMessageQueueGet) refers to rt_memcpy.o(.text) for __aeabi_memcpy
    rtx_msgqueue.o(.text.osMessageQueueGet) refers to rtx_system.o(.text.osRtxPostProcess) for osRtxPostProcess
    rtx_msgqueue.o(.text.osMessageQueueGet) refers to rtx_msgqueue.o(.text.svcRtxMessageQueueGet) for svcRtxMessageQueueGet
    rtx_msgqueue.o(.ARM.exidx.text.osMessageQueueGet) refers to rtx_msgqueue.o(.text.osMessageQueueGet) for [Anonymous Symbol]
    rtx_msgqueue.o(.text.osMessageQueueGetCapacity) refers to rtx_msgqueue.o(.text.svcRtxMessageQueueGetCapacity) for svcRtxMessageQueueGetCapacity
    rtx_msgqueue.o(.ARM.exidx.text.osMessageQueueGetCapacity) refers to rtx_msgqueue.o(.text.osMessageQueueGetCapacity) for [Anonymous Symbol]
    rtx_msgqueue.o(.ARM.exidx.text.svcRtxMessageQueueGetCapacity) refers to rtx_msgqueue.o(.text.svcRtxMessageQueueGetCapacity) for [Anonymous Symbol]
    rtx_msgqueue.o(.text.osMessageQueueGetMsgSize) refers to rtx_msgqueue.o(.text.svcRtxMessageQueueGetMsgSize) for svcRtxMessageQueueGetMsgSize
    rtx_msgqueue.o(.ARM.exidx.text.osMessageQueueGetMsgSize) refers to rtx_msgqueue.o(.text.osMessageQueueGetMsgSize) for [Anonymous Symbol]
    rtx_msgqueue.o(.ARM.exidx.text.svcRtxMessageQueueGetMsgSize) refers to rtx_msgqueue.o(.text.svcRtxMessageQueueGetMsgSize) for [Anonymous Symbol]
    rtx_msgqueue.o(.text.osMessageQueueGetCount) refers to rtx_msgqueue.o(.text.svcRtxMessageQueueGetCount) for svcRtxMessageQueueGetCount
    rtx_msgqueue.o(.ARM.exidx.text.osMessageQueueGetCount) refers to rtx_msgqueue.o(.text.osMessageQueueGetCount) for [Anonymous Symbol]
    rtx_msgqueue.o(.ARM.exidx.text.svcRtxMessageQueueGetCount) refers to rtx_msgqueue.o(.text.svcRtxMessageQueueGetCount) for [Anonymous Symbol]
    rtx_msgqueue.o(.text.osMessageQueueGetSpace) refers to rtx_msgqueue.o(.text.svcRtxMessageQueueGetSpace) for svcRtxMessageQueueGetSpace
    rtx_msgqueue.o(.ARM.exidx.text.osMessageQueueGetSpace) refers to rtx_msgqueue.o(.text.osMessageQueueGetSpace) for [Anonymous Symbol]
    rtx_msgqueue.o(.ARM.exidx.text.svcRtxMessageQueueGetSpace) refers to rtx_msgqueue.o(.text.svcRtxMessageQueueGetSpace) for [Anonymous Symbol]
    rtx_msgqueue.o(.text.osMessageQueueReset) refers to rtx_msgqueue.o(.text.svcRtxMessageQueueReset) for svcRtxMessageQueueReset
    rtx_msgqueue.o(.ARM.exidx.text.osMessageQueueReset) refers to rtx_msgqueue.o(.text.osMessageQueueReset) for [Anonymous Symbol]
    rtx_msgqueue.o(.text.osMessageQueueDelete) refers to rtx_msgqueue.o(.text.svcRtxMessageQueueDelete) for svcRtxMessageQueueDelete
    rtx_msgqueue.o(.ARM.exidx.text.osMessageQueueDelete) refers to rtx_msgqueue.o(.text.osMessageQueueDelete) for [Anonymous Symbol]
    rtx_msgqueue.o(.text.svcRtxMessageQueueNew) refers to rtx_mempool.o(.text.osRtxMemoryPoolAlloc) for osRtxMemoryPoolAlloc
    rtx_msgqueue.o(.text.svcRtxMessageQueueNew) refers to rtx_memory.o(.text.osRtxMemoryAlloc) for osRtxMemoryAlloc
    rtx_msgqueue.o(.text.svcRtxMessageQueueNew) refers to rt_memclr.o(.text) for __aeabi_memclr
    rtx_msgqueue.o(.text.svcRtxMessageQueueNew) refers to rtx_mempool.o(.text.osRtxMemoryPoolFree) for osRtxMemoryPoolFree
    rtx_msgqueue.o(.text.svcRtxMessageQueueNew) refers to rtx_memory.o(.text.osRtxMemoryFree) for osRtxMemoryFree
    rtx_msgqueue.o(.text.svcRtxMessageQueueNew) refers to rtx_mempool.o(.text.osRtxMemoryPoolInit) for osRtxMemoryPoolInit
    rtx_msgqueue.o(.text.svcRtxMessageQueueNew) refers to rtx_kernel.o(.data.os) for osRtxInfo
    rtx_msgqueue.o(.text.svcRtxMessageQueueNew) refers to rtx_msgqueue.o(.text.osRtxMessageQueuePostProcess) for osRtxMessageQueuePostProcess
    rtx_msgqueue.o(.ARM.exidx.text.svcRtxMessageQueueNew) refers to rtx_msgqueue.o(.text.svcRtxMessageQueueNew) for [Anonymous Symbol]
    rtx_msgqueue.o(.text.osRtxMessageQueuePostProcess) refers to rtx_msgqueue.o(.text.MessageQueueRemove) for MessageQueueRemove
    rtx_msgqueue.o(.text.osRtxMessageQueuePostProcess) refers to rtx_mempool.o(.text.osRtxMemoryPoolFree) for osRtxMemoryPoolFree
    rtx_msgqueue.o(.text.osRtxMessageQueuePostProcess) refers to rtx_mempool.o(.text.osRtxMemoryPoolAlloc) for osRtxMemoryPoolAlloc
    rtx_msgqueue.o(.text.osRtxMessageQueuePostProcess) refers to rtx_thread.o(.text.osRtxThreadListGet) for osRtxThreadListGet
    rtx_msgqueue.o(.text.osRtxMessageQueuePostProcess) refers to rtx_thread.o(.text.osRtxThreadWaitExit) for osRtxThreadWaitExit
    rtx_msgqueue.o(.text.osRtxMessageQueuePostProcess) refers to rtx_thread.o(.text.osRtxThreadRegPtr) for osRtxThreadRegPtr
    rtx_msgqueue.o(.text.osRtxMessageQueuePostProcess) refers to rt_memcpy.o(.text) for __aeabi_memcpy
    rtx_msgqueue.o(.text.osRtxMessageQueuePostProcess) refers to rtx_msgqueue.o(.text.MessageQueuePut) for MessageQueuePut
    rtx_msgqueue.o(.ARM.exidx.text.osRtxMessageQueuePostProcess) refers to rtx_msgqueue.o(.text.osRtxMessageQueuePostProcess) for [Anonymous Symbol]
    rtx_msgqueue.o(.ARM.exidx.text.MessageQueueRemove) refers to rtx_msgqueue.o(.text.MessageQueueRemove) for [Anonymous Symbol]
    rtx_msgqueue.o(.ARM.exidx.text.MessageQueuePut) refers to rtx_msgqueue.o(.text.MessageQueuePut) for [Anonymous Symbol]
    rtx_msgqueue.o(.ARM.exidx.text.svcRtxMessageQueueGetName) refers to rtx_msgqueue.o(.text.svcRtxMessageQueueGetName) for [Anonymous Symbol]
    rtx_msgqueue.o(.text.svcRtxMessageQueuePut) refers to rtx_thread.o(.text.osRtxThreadListGet) for osRtxThreadListGet
    rtx_msgqueue.o(.text.svcRtxMessageQueuePut) refers to rtx_thread.o(.text.osRtxThreadWaitExit) for osRtxThreadWaitExit
    rtx_msgqueue.o(.text.svcRtxMessageQueuePut) refers to rtx_thread.o(.text.osRtxThreadRegPtr) for osRtxThreadRegPtr
    rtx_msgqueue.o(.text.svcRtxMessageQueuePut) refers to rt_memcpy.o(.text) for __aeabi_memcpy
    rtx_msgqueue.o(.text.svcRtxMessageQueuePut) refers to rtx_mempool.o(.text.osRtxMemoryPoolAlloc) for osRtxMemoryPoolAlloc
    rtx_msgqueue.o(.text.svcRtxMessageQueuePut) refers to rtx_msgqueue.o(.text.MessageQueuePut) for MessageQueuePut
    rtx_msgqueue.o(.text.svcRtxMessageQueuePut) refers to rtx_thread.o(.text.osRtxThreadWaitEnter) for osRtxThreadWaitEnter
    rtx_msgqueue.o(.text.svcRtxMessageQueuePut) refers to rtx_thread.o(.text.osRtxThreadListPut) for osRtxThreadListPut
    rtx_msgqueue.o(.text.svcRtxMessageQueuePut) refers to rtx_kernel.o(.data.os) for osRtxInfo
    rtx_msgqueue.o(.ARM.exidx.text.svcRtxMessageQueuePut) refers to rtx_msgqueue.o(.text.svcRtxMessageQueuePut) for [Anonymous Symbol]
    rtx_msgqueue.o(.ARM.exidx.text.MessageQueueGet) refers to rtx_msgqueue.o(.text.MessageQueueGet) for [Anonymous Symbol]
    rtx_msgqueue.o(.text.svcRtxMessageQueueGet) refers to rtx_msgqueue.o(.text.MessageQueueGet) for MessageQueueGet
    rtx_msgqueue.o(.text.svcRtxMessageQueueGet) refers to rtx_msgqueue.o(.text.MessageQueueRemove) for MessageQueueRemove
    rtx_msgqueue.o(.text.svcRtxMessageQueueGet) refers to rt_memcpy.o(.text) for __aeabi_memcpy
    rtx_msgqueue.o(.text.svcRtxMessageQueueGet) refers to rtx_mempool.o(.text.osRtxMemoryPoolFree) for osRtxMemoryPoolFree
    rtx_msgqueue.o(.text.svcRtxMessageQueueGet) refers to rtx_mempool.o(.text.osRtxMemoryPoolAlloc) for osRtxMemoryPoolAlloc
    rtx_msgqueue.o(.text.svcRtxMessageQueueGet) refers to rtx_thread.o(.text.osRtxThreadListGet) for osRtxThreadListGet
    rtx_msgqueue.o(.text.svcRtxMessageQueueGet) refers to rtx_thread.o(.text.osRtxThreadWaitExit) for osRtxThreadWaitExit
    rtx_msgqueue.o(.text.svcRtxMessageQueueGet) refers to rtx_thread.o(.text.osRtxThreadRegPtr) for osRtxThreadRegPtr
    rtx_msgqueue.o(.text.svcRtxMessageQueueGet) refers to rtx_msgqueue.o(.text.MessageQueuePut) for MessageQueuePut
    rtx_msgqueue.o(.text.svcRtxMessageQueueGet) refers to rtx_thread.o(.text.osRtxThreadWaitEnter) for osRtxThreadWaitEnter
    rtx_msgqueue.o(.text.svcRtxMessageQueueGet) refers to rtx_thread.o(.text.osRtxThreadListPut) for osRtxThreadListPut
    rtx_msgqueue.o(.text.svcRtxMessageQueueGet) refers to rtx_kernel.o(.data.os) for osRtxInfo
    rtx_msgqueue.o(.ARM.exidx.text.svcRtxMessageQueueGet) refers to rtx_msgqueue.o(.text.svcRtxMessageQueueGet) for [Anonymous Symbol]
    rtx_msgqueue.o(.text.svcRtxMessageQueueReset) refers to rtx_msgqueue.o(.text.MessageQueueRemove) for MessageQueueRemove
    rtx_msgqueue.o(.text.svcRtxMessageQueueReset) refers to rtx_mempool.o(.text.osRtxMemoryPoolFree) for osRtxMemoryPoolFree
    rtx_msgqueue.o(.text.svcRtxMessageQueueReset) refers to rtx_msgqueue.o(.text.MessageQueueGet) for MessageQueueGet
    rtx_msgqueue.o(.text.svcRtxMessageQueueReset) refers to rtx_mempool.o(.text.osRtxMemoryPoolAlloc) for osRtxMemoryPoolAlloc
    rtx_msgqueue.o(.text.svcRtxMessageQueueReset) refers to rtx_thread.o(.text.osRtxThreadListGet) for osRtxThreadListGet
    rtx_msgqueue.o(.text.svcRtxMessageQueueReset) refers to rtx_thread.o(.text.osRtxThreadWaitExit) for osRtxThreadWaitExit
    rtx_msgqueue.o(.text.svcRtxMessageQueueReset) refers to rtx_thread.o(.text.osRtxThreadRegPtr) for osRtxThreadRegPtr
    rtx_msgqueue.o(.text.svcRtxMessageQueueReset) refers to rt_memcpy.o(.text) for __aeabi_memcpy
    rtx_msgqueue.o(.text.svcRtxMessageQueueReset) refers to rtx_msgqueue.o(.text.MessageQueuePut) for MessageQueuePut
    rtx_msgqueue.o(.text.svcRtxMessageQueueReset) refers to rtx_thread.o(.text.osRtxThreadDispatch) for osRtxThreadDispatch
    rtx_msgqueue.o(.ARM.exidx.text.svcRtxMessageQueueReset) refers to rtx_msgqueue.o(.text.svcRtxMessageQueueReset) for [Anonymous Symbol]
    rtx_msgqueue.o(.text.svcRtxMessageQueueDelete) refers to rtx_thread.o(.text.osRtxThreadListGet) for osRtxThreadListGet
    rtx_msgqueue.o(.text.svcRtxMessageQueueDelete) refers to rtx_thread.o(.text.osRtxThreadWaitExit) for osRtxThreadWaitExit
    rtx_msgqueue.o(.text.svcRtxMessageQueueDelete) refers to rtx_thread.o(.text.osRtxThreadDispatch) for osRtxThreadDispatch
    rtx_msgqueue.o(.text.svcRtxMessageQueueDelete) refers to rtx_memory.o(.text.osRtxMemoryFree) for osRtxMemoryFree
    rtx_msgqueue.o(.text.svcRtxMessageQueueDelete) refers to rtx_mempool.o(.text.osRtxMemoryPoolFree) for osRtxMemoryPoolFree
    rtx_msgqueue.o(.text.svcRtxMessageQueueDelete) refers to rtx_kernel.o(.data.os) for osRtxInfo
    rtx_msgqueue.o(.ARM.exidx.text.svcRtxMessageQueueDelete) refers to rtx_msgqueue.o(.text.svcRtxMessageQueueDelete) for [Anonymous Symbol]
    rt_memcpy.o(.text) refers to rt_memcpy.o(.emb_text) for __aeabi_memcpy4
    __main.o(!!!main) refers to __rtentry.o(.ARM.Collect$$rtentry$$00000000) for __rt_entry
    d2f.o(.text) refers (Special) to usenofp.o(x$fpl$usenofp) for __I$use$fp
    daddsub.o(.text) refers (Special) to usenofp.o(x$fpl$usenofp) for __I$use$fp
    dfixi.o(.text) refers (Special) to usenofp.o(x$fpl$usenofp) for __I$use$fp
    dflti.o(.text) refers (Special) to usenofp.o(x$fpl$usenofp) for __I$use$fp
    dmul.o(.text) refers (Special) to usenofp.o(x$fpl$usenofp) for __I$use$fp
    f2d.o(.text) refers (Special) to usenofp.o(x$fpl$usenofp) for __I$use$fp
    ffixui.o(.text) refers (Special) to usenofp.o(x$fpl$usenofp) for __I$use$fp
    fflti.o(.text) refers (Special) to usenofp.o(x$fpl$usenofp) for __I$use$fp
    __rtentry.o(.ARM.Collect$$rtentry$$00000000) refers (Special) to __rtentry2.o(.ARM.Collect$$rtentry$$0000000A) for __rt_entry_li
    __rtentry.o(.ARM.Collect$$rtentry$$00000000) refers (Special) to __rtentry2.o(.ARM.Collect$$rtentry$$0000000D) for __rt_entry_main
    __rtentry.o(.ARM.Collect$$rtentry$$00000000) refers (Special) to __rtentry2.o(.ARM.Collect$$rtentry$$0000000C) for __rt_entry_postli_1
    __rtentry.o(.ARM.Collect$$rtentry$$00000000) refers (Special) to __rtentry2.o(.ARM.Collect$$rtentry$$00000008) for __rt_entry_postsh_1
    __rtentry.o(.ARM.Collect$$rtentry$$00000000) refers (Special) to __rtentry2.o(.ARM.Collect$$rtentry$$00000002) for __rt_entry_presh_1
    __rtentry.o(.ARM.Collect$$rtentry$$00000000) refers (Special) to __rtentry4.o(.ARM.Collect$$rtentry$$00000004) for __rt_entry_sh
    aeabi_idiv0_sigfpe.o(.text) refers to rt_div0.o(.text) for __rt_div0
    __rtentry2.o(.ARM.Collect$$rtentry$$00000008) refers to rtx_lib.o(i._platform_post_stackheap_init) for _platform_post_stackheap_init
    __rtentry2.o(.ARM.Collect$$rtentry$$0000000A) refers to libinit.o(.ARM.Collect$$libinit$$00000000) for __rt_lib_init
    __rtentry2.o(.ARM.Collect$$rtentry$$0000000B) refers to boardinit3.o(.text) for _platform_post_lib_init
    __rtentry2.o(.ARM.Collect$$rtentry$$0000000D) refers to main.o(i.main) for main
    __rtentry2.o(.ARM.Collect$$rtentry$$0000000D) refers to exit.o(.text) for exit
    __rtentry2.o(.ARM.exidx) refers to __rtentry2.o(.ARM.Collect$$rtentry$$00000001) for .ARM.Collect$$rtentry$$00000001
    __rtentry2.o(.ARM.exidx) refers to __rtentry2.o(.ARM.Collect$$rtentry$$00000008) for .ARM.Collect$$rtentry$$00000008
    __rtentry2.o(.ARM.exidx) refers to __rtentry2.o(.ARM.Collect$$rtentry$$0000000A) for .ARM.Collect$$rtentry$$0000000A
    __rtentry2.o(.ARM.exidx) refers to __rtentry2.o(.ARM.Collect$$rtentry$$0000000B) for .ARM.Collect$$rtentry$$0000000B
    __rtentry2.o(.ARM.exidx) refers to __rtentry2.o(.ARM.Collect$$rtentry$$0000000D) for .ARM.Collect$$rtentry$$0000000D
    __rtentry4.o(.ARM.Collect$$rtentry$$00000004) refers to sys_stackheap_outer.o(.text) for __user_setup_stackheap
    __rtentry4.o(.ARM.exidx) refers to __rtentry4.o(.ARM.Collect$$rtentry$$00000004) for .ARM.Collect$$rtentry$$00000004
    rt_div0.o(.text) refers to defsig_fpe_outer.o(.text) for __rt_SIGFPE
    sys_stackheap_outer.o(.text) refers to libspace.o(.text) for __user_perproc_libspace
    sys_stackheap_outer.o(.text) refers to startup_mkl25z4.o(.text) for __user_initial_stackheap
    sys_stackheap_outer.o(__vectab_stack_and_reset_area) refers to tempstk.o(.text) for __temporary_stack_top
    sys_stackheap_outer.o(__vectab_stack_and_reset_area) refers to __main.o(!!!main) for __main
    exit.o(.text) refers to rtexit.o(.ARM.Collect$$rtexit$$00000000) for __rt_exit
    defsig_fpe_outer.o(.text) refers to defsig_fpe_inner.o(.text) for __rt_SIGFPE_inner
    defsig_fpe_outer.o(.text) refers to defsig_exit.o(.text) for __sig_exit
    defsig_fpe_formal.o(.text) refers to rt_raise.o(.text) for __rt_raise
    libinit.o(.ARM.Collect$$libinit$$00000000) refers (Special) to libinit2.o(.ARM.Collect$$libinit$$0000002E) for __rt_lib_init_alloca_1
    libinit.o(.ARM.Collect$$libinit$$00000000) refers (Special) to libinit2.o(.ARM.Collect$$libinit$$0000002C) for __rt_lib_init_argv_1
    libinit.o(.ARM.Collect$$libinit$$00000000) refers (Special) to libinit2.o(.ARM.Collect$$libinit$$0000001B) for __rt_lib_init_atexit_1
    libinit.o(.ARM.Collect$$libinit$$00000000) refers (Special) to libinit2.o(.ARM.Collect$$libinit$$00000021) for __rt_lib_init_clock_1
    libinit.o(.ARM.Collect$$libinit$$00000000) refers (Special) to libinit2.o(.ARM.Collect$$libinit$$00000032) for __rt_lib_init_cpp_1
    libinit.o(.ARM.Collect$$libinit$$00000000) refers (Special) to libinit2.o(.ARM.Collect$$libinit$$00000030) for __rt_lib_init_exceptions_1
    libinit.o(.ARM.Collect$$libinit$$00000000) refers (Special) to libinit2.o(.ARM.Collect$$libinit$$00000002) for __rt_lib_init_fp_1
    libinit.o(.ARM.Collect$$libinit$$00000000) refers (Special) to libinit2.o(.ARM.Collect$$libinit$$0000001F) for __rt_lib_init_fp_trap_1
    libinit.o(.ARM.Collect$$libinit$$00000000) refers (Special) to libinit2.o(.ARM.Collect$$libinit$$00000023) for __rt_lib_init_getenv_1
    libinit.o(.ARM.Collect$$libinit$$00000000) refers (Special) to libinit2.o(.ARM.Collect$$libinit$$0000000A) for __rt_lib_init_heap_1
    libinit.o(.ARM.Collect$$libinit$$00000000) refers (Special) to libinit2.o(.ARM.Collect$$libinit$$00000011) for __rt_lib_init_lc_collate_1
    libinit.o(.ARM.Collect$$libinit$$00000000) refers (Special) to libinit2.o(.ARM.Collect$$libinit$$00000013) for __rt_lib_init_lc_ctype_1
    libinit.o(.ARM.Collect$$libinit$$00000000) refers (Special) to libinit2.o(.ARM.Collect$$libinit$$00000015) for __rt_lib_init_lc_monetary_1
    libinit.o(.ARM.Collect$$libinit$$00000000) refers (Special) to libinit2.o(.ARM.Collect$$libinit$$00000017) for __rt_lib_init_lc_numeric_1
    libinit.o(.ARM.Collect$$libinit$$00000000) refers (Special) to libinit2.o(.ARM.Collect$$libinit$$00000019) for __rt_lib_init_lc_time_1
    libinit.o(.ARM.Collect$$libinit$$00000000) refers (Special) to libinit2.o(.ARM.Collect$$libinit$$00000004) for __rt_lib_init_preinit_1
    libinit.o(.ARM.Collect$$libinit$$00000000) refers (Special) to libinit2.o(.ARM.Collect$$libinit$$0000000E) for __rt_lib_init_rand_1
    libinit.o(.ARM.Collect$$libinit$$00000000) refers (Special) to libinit2.o(.ARM.Collect$$libinit$$00000033) for __rt_lib_init_return
    libinit.o(.ARM.Collect$$libinit$$00000000) refers (Special) to libinit2.o(.ARM.Collect$$libinit$$0000001D) for __rt_lib_init_signal_1
    libinit.o(.ARM.Collect$$libinit$$00000000) refers (Special) to libinit2.o(.ARM.Collect$$libinit$$00000025) for __rt_lib_init_stdio_1
    libinit.o(.ARM.Collect$$libinit$$00000000) refers (Special) to libinit2.o(.ARM.Collect$$libinit$$0000000C) for __rt_lib_init_user_alloc_1
    libspace.o(.text) refers to libspace.o(.bss) for __libspace_start
    rtexit.o(.ARM.Collect$$rtexit$$00000000) refers (Special) to rtexit2.o(.ARM.Collect$$rtexit$$00000004) for __rt_exit_exit
    rtexit.o(.ARM.Collect$$rtexit$$00000000) refers (Special) to rtexit2.o(.ARM.Collect$$rtexit$$00000003) for __rt_exit_ls
    rtexit.o(.ARM.Collect$$rtexit$$00000000) refers (Special) to rtexit2.o(.ARM.Collect$$rtexit$$00000002) for __rt_exit_prels_1
    rtexit.o(.ARM.exidx) refers (Special) to rtexit2.o(.ARM.Collect$$rtexit$$00000004) for __rt_exit_exit
    rtexit.o(.ARM.exidx) refers (Special) to rtexit2.o(.ARM.Collect$$rtexit$$00000003) for __rt_exit_ls
    rtexit.o(.ARM.exidx) refers (Special) to rtexit2.o(.ARM.Collect$$rtexit$$00000002) for __rt_exit_prels_1
    rtexit.o(.ARM.exidx) refers to rtexit.o(.ARM.Collect$$rtexit$$00000000) for .ARM.Collect$$rtexit$$00000000
    rt_raise.o(.text) refers to __raise.o(.text) for __raise
    rt_raise.o(.text) refers to sys_exit.o(.text) for _sys_exit
    defsig_exit.o(.text) refers to sys_exit.o(.text) for _sys_exit
    defsig_fpe_inner.o(.text) refers to defsig_general.o(.text) for __default_signal_display
    libinit2.o(.ARM.Collect$$libinit$$00000010) refers to libinit2.o(.ARM.Collect$$libinit$$0000000F) for .ARM.Collect$$libinit$$0000000F
    libinit2.o(.ARM.Collect$$libinit$$00000012) refers to libinit2.o(.ARM.Collect$$libinit$$0000000F) for .ARM.Collect$$libinit$$0000000F
    libinit2.o(.ARM.Collect$$libinit$$00000014) refers to libinit2.o(.ARM.Collect$$libinit$$0000000F) for .ARM.Collect$$libinit$$0000000F
    libinit2.o(.ARM.Collect$$libinit$$00000016) refers to libinit2.o(.ARM.Collect$$libinit$$0000000F) for .ARM.Collect$$libinit$$0000000F
    libinit2.o(.ARM.Collect$$libinit$$00000018) refers to libinit2.o(.ARM.Collect$$libinit$$0000000F) for .ARM.Collect$$libinit$$0000000F
    libinit2.o(.ARM.Collect$$libinit$$00000026) refers to argv_veneer.o(.text) for __ARM_argv_veneer
    libinit2.o(.ARM.Collect$$libinit$$00000027) refers to argv_veneer.o(.text) for __ARM_argv_veneer
    sys_exit.o(.text) refers (Special) to use_no_semi.o(.text) for __I$use$semihosting
    sys_exit.o(.text) refers (Special) to indicate_semi.o(.text) for __semihosting_library_function
    rtexit2.o(.ARM.Collect$$rtexit$$00000003) refers to libshutdown.o(.ARM.Collect$$libshutdown$$00000000) for __rt_lib_shutdown
    rtexit2.o(.ARM.Collect$$rtexit$$00000004) refers to sys_exit.o(.text) for _sys_exit
    rtexit2.o(.ARM.exidx) refers to rtexit2.o(.ARM.Collect$$rtexit$$00000001) for .ARM.Collect$$rtexit$$00000001
    rtexit2.o(.ARM.exidx) refers to rtexit2.o(.ARM.Collect$$rtexit$$00000003) for .ARM.Collect$$rtexit$$00000003
    rtexit2.o(.ARM.exidx) refers to rtexit2.o(.ARM.Collect$$rtexit$$00000004) for .ARM.Collect$$rtexit$$00000004
    __raise.o(.text) refers to defsig.o(CL$$defsig) for __default_signal_handler
    defsig_general.o(.text) refers to sys_wrch.o(.text) for _ttywrch
    sys_wrch.o(.text) refers (Special) to use_no_semi.o(.text) for __I$use$semihosting
    sys_wrch.o(.text) refers (Special) to indicate_semi.o(.text) for __semihosting_library_function
    defsig.o(CL$$defsig) refers to defsig_fpe_inner.o(.text) for __rt_SIGFPE_inner
    defsig.o(CL$$defsig) refers to defsig_rtmem_inner.o(.text) for __rt_SIGRTMEM_inner
    _get_argv_nomalloc.o(.text) refers (Special) to hrguard.o(.text) for __heap_region$guard
    _get_argv_nomalloc.o(.text) refers to defsig_rtmem_outer.o(.text) for __rt_SIGRTMEM
    _get_argv_nomalloc.o(.text) refers to sys_command.o(.text) for _sys_command_string
    libshutdown.o(.ARM.Collect$$libshutdown$$00000000) refers (Special) to libshutdown2.o(.ARM.Collect$$libshutdown$$00000002) for __rt_lib_shutdown_cpp_1
    libshutdown.o(.ARM.Collect$$libshutdown$$00000000) refers (Special) to libshutdown2.o(.ARM.Collect$$libshutdown$$00000007) for __rt_lib_shutdown_fp_trap_1
    libshutdown.o(.ARM.Collect$$libshutdown$$00000000) refers (Special) to libshutdown2.o(.ARM.Collect$$libshutdown$$0000000F) for __rt_lib_shutdown_heap_1
    libshutdown.o(.ARM.Collect$$libshutdown$$00000000) refers (Special) to libshutdown2.o(.ARM.Collect$$libshutdown$$00000010) for __rt_lib_shutdown_return
    libshutdown.o(.ARM.Collect$$libshutdown$$00000000) refers (Special) to libshutdown2.o(.ARM.Collect$$libshutdown$$0000000A) for __rt_lib_shutdown_signal_1
    libshutdown.o(.ARM.Collect$$libshutdown$$00000000) refers (Special) to libshutdown2.o(.ARM.Collect$$libshutdown$$00000004) for __rt_lib_shutdown_stdio_1
    libshutdown.o(.ARM.Collect$$libshutdown$$00000000) refers (Special) to libshutdown2.o(.ARM.Collect$$libshutdown$$0000000C) for __rt_lib_shutdown_user_alloc_1
    sys_command.o(.text) refers (Special) to use_no_semi.o(.text) for __I$use$semihosting
    sys_command.o(.text) refers (Special) to indicate_semi.o(.text) for __semihosting_library_function
    defsig_abrt_inner.o(.text) refers to defsig_general.o(.text) for __default_signal_display
    defsig_rtred_inner.o(.text) refers to defsig_general.o(.text) for __default_signal_display
    defsig_rtmem_inner.o(.text) refers to defsig_general.o(.text) for __default_signal_display
    defsig_rtmem_outer.o(.text) refers to defsig_rtmem_inner.o(.text) for __rt_SIGRTMEM_inner
    defsig_rtmem_outer.o(.text) refers to defsig_exit.o(.text) for __sig_exit
    defsig_rtmem_formal.o(.text) refers to rt_raise.o(.text) for __rt_raise
    defsig_stak_inner.o(.text) refers to defsig_general.o(.text) for __default_signal_display
    defsig_pvfn_inner.o(.text) refers to defsig_general.o(.text) for __default_signal_display
    defsig_cppl_inner.o(.text) refers to defsig_general.o(.text) for __default_signal_display
    defsig_segv_inner.o(.text) refers to defsig_general.o(.text) for __default_signal_display
    defsig_other.o(.text) refers to defsig_general.o(.text) for __default_signal_display

