Component: ARM Compiler 5.06 update 6 (build 750) Tool: armlink [4d35ed]

==============================================================================

Section Cross References

    main.o(i.TPM0_IRQHandler) refers to myultrasonic.o(.data) for start
    main.o(i.TPM0_IRQHandler) refers to main.o(.data) for end
    main.o(i.bluetoothConnected) refers to myled.o(i.flashGREEN_Twice) for flashGREEN_Twice
    main.o(i.bluetoothConnected) refers to myuart.o(.data) for userSignal
    main.o(i.isMoving) refers to myuart.o(.data) for userSignal
    main.o(i.isMoving) refers to main.o(.data) for isMove
    main.o(i.main) refers to system_mkl25z4.o(i.SystemCoreClockUpdate) for SystemCoreClockUpdate
    main.o(i.main) refers to myuart.o(i.setupUART2) for setupUART2
    main.o(i.main) refers to myled.o(i.initLED) for initLED
    main.o(i.main) refers to mypwm.o(i.initPWM) for initPWM
    main.o(i.main) refers to myled.o(i.offLEDModules) for offLEDModules
    main.o(i.main) refers to rtx_kernel.o(.text.osKernelInitialize) for osKernelInitialize
    main.o(i.main) refers to rtx_semaphore.o(.text.osSemaphoreNew) for osSemaphoreNew
    main.o(i.main) refers to rtx_msgqueue.o(.text.osMessageQueueNew) for osMessageQueueNew
    main.o(i.main) refers to main.o(i.bluetoothConnected) for bluetoothConnected
    main.o(i.main) refers to rtx_thread.o(.text.osThreadNew) for osThreadNew
    main.o(i.main) refers to rtx_kernel.o(.text.osKernelStart) for osKernelStart
    main.o(i.main) refers to mybasic.o(.data) for brainSem
    main.o(i.main) refers to main.o(.data) for ultrasonicMessage
    main.o(i.main) refers to myuart.o(.data) for userSignal
    main.o(i.main) refers to main.o(i.tBrainThread) for tBrainThread
    main.o(i.main) refers to main.o(i.tSelfDriveThread) for tSelfDriveThread
    main.o(i.main) refers to main.o(i.tTriggerThread) for tTriggerThread
    main.o(i.main) refers to main.o(i.tAudio) for tAudio
    main.o(i.main) refers to main.o(i.tRearLED) for tRearLED
    main.o(i.main) refers to main.o(i.tFrontLED) for tFrontLED
    main.o(i.main) refers to main.o(i.tMotorThread) for tMotorThread
    main.o(i.tAudio) refers to mysound.o(i.playRaceSong) for playRaceSong
    main.o(i.tBrainThread) refers to rtx_semaphore.o(.text.osSemaphoreAcquire) for osSemaphoreAcquire
    main.o(i.tBrainThread) refers to main.o(i.__ARM_common_switch8) for __ARM_common_switch8
    main.o(i.tBrainThread) refers to mysound.o(i.playEndSong) for playEndSong
    main.o(i.tBrainThread) refers to rtx_semaphore.o(.text.osSemaphoreRelease) for osSemaphoreRelease
    main.o(i.tBrainThread) refers to mybasic.o(.data) for brainSem
    main.o(i.tBrainThread) refers to myuart.o(.data) for userSignal
    main.o(i.tFrontLED) refers to main.o(i.isMoving) for isMoving
    main.o(i.tFrontLED) refers to myled.o(i.runningGREEN_Moving) for runningGREEN_Moving
    main.o(i.tFrontLED) refers to myled.o(i.solidGREEN_Stationery) for solidGREEN_Stationery
    main.o(i.tMotorThread) refers to rtx_semaphore.o(.text.osSemaphoreAcquire) for osSemaphoreAcquire
    main.o(i.tMotorThread) refers to main.o(i.__ARM_common_switch8) for __ARM_common_switch8
    main.o(i.tMotorThread) refers to mymotor.o(i.forward) for forward
    main.o(i.tMotorThread) refers to mymotor.o(i.reverse) for reverse
    main.o(i.tMotorThread) refers to mymotor.o(i.turnRight) for turnRight
    main.o(i.tMotorThread) refers to mymotor.o(i.turnLeft) for turnLeft
    main.o(i.tMotorThread) refers to mymotor.o(i.rightForward) for rightForward
    main.o(i.tMotorThread) refers to mymotor.o(i.rightReverse) for rightReverse
    main.o(i.tMotorThread) refers to mymotor.o(i.leftReverse) for leftReverse
    main.o(i.tMotorThread) refers to mymotor.o(i.uturn) for uturn
    main.o(i.tMotorThread) refers to mymotor.o(i.stop) for stop
    main.o(i.tMotorThread) refers to mybasic.o(.data) for moveSem
    main.o(i.tMotorThread) refers to myuart.o(.data) for userSignal
    main.o(i.tRearLED) refers to main.o(i.isMoving) for isMoving
    main.o(i.tRearLED) refers to myled.o(i.flashRED_Moving) for flashRED_Moving
    main.o(i.tRearLED) refers to myled.o(i.flashRED_Stationery) for flashRED_Stationery
    main.o(i.tSelfDriveThread) refers to myultrasonic.o(i.initUltrasonic) for initUltrasonic
    main.o(i.tSelfDriveThread) refers to rtx_semaphore.o(.text.osSemaphoreAcquire) for osSemaphoreAcquire
    main.o(i.tSelfDriveThread) refers to rtx_semaphore.o(.text.osSemaphoreRelease) for osSemaphoreRelease
    main.o(i.tSelfDriveThread) refers to dflti.o(.text) for __aeabi_ui2d
    main.o(i.tSelfDriveThread) refers to dmul.o(.text) for __aeabi_dmul
    main.o(i.tSelfDriveThread) refers to d2f.o(.text) for __aeabi_d2f
    main.o(i.tSelfDriveThread) refers to mybasic.o(.data) for selfDriveSem
    main.o(i.tSelfDriveThread) refers to myultrasonic.o(.data) for ready
    main.o(i.tSelfDriveThread) refers to main.o(.data) for end
[...]
    __arm_cp.1_0                             0x00000a90   Number         4  os_systick.o(.text.OS_Tick_Enable)
    __arm_cp.1_1                             0x00000a94   Number         4  os_systick.o(.text.OS_Tick_Enable)
    __arm_cp.1_2                             0x00000a98   Number         4  os_systick.o(.text.OS_Tick_Enable)
    [Anonymous Symbol]                       0x00000a9c   Section        0  os_systick.o(.text.OS_Tick_GetIRQn)
    [Anonymous Symbol]                       0x00000aa4   Section        0  os_systick.o(.text.OS_Tick_Setup)
    __arm_cp.0_0                             0x00000ae0   Number         4  os_systick.o(.text.OS_Tick_Setup)
    __arm_cp.0_1                             0x00000ae4   Number         4  os_systick.o(.text.OS_Tick_Setup)
    __arm_cp.0_2                             0x00000ae8   Number         4  os_systick.o(.text.OS_Tick_Setup)
    __arm_cp.0_3                             0x00000aec   Number         4  os_systick.o(.text.OS_Tick_Setup)
    [Anonymous Symbol]                       0x00000af0   Section        0  rtx_semaphore.o(.text.SemaphoreTokenDecrement)
    SemaphoreTokenDecrement                  0x00000af1   Thumb Code    36  rtx_semaphore.o(.text.SemaphoreTokenDecrement)
    [Anonymous Symbol]                       0x00000b14   Section        0  rtx_semaphore.o(.text.SemaphoreTokenIncrement)
    SemaphoreTokenIncrement                  0x00000b15   Thumb Code    38  rtx_semaphore.o(.text.SemaphoreTokenIncrement)
    [Anonymous Symbol]                       0x00000b3a   Section        0  rtx_thread.o(.text.ThreadFlagsCheck)
    ThreadFlagsCheck                         0x00000b3b   Thumb Code    78  rtx_thread.o(.text.ThreadFlagsCheck)
    [Anonymous Symbol]                       0x00000b88   Section        0  rtx_timer.o(.text.TimerInsert)
    TimerInsert                              0x00000b89   Thumb Code    76  rtx_timer.o(.text.TimerInsert)
    __arm_cp.8_0                             0x00000bd0   Number         4  rtx_timer.o(.text.TimerInsert)
    [Anonymous Symbol]                       0x00000bd4   Section        0  rtx_delay.o(.text.osDelay)
    __arm_cp.0_0                             0x00000bf8   Number         4  rtx_delay.o(.text.osDelay)
    [Anonymous Symbol]                       0x00000bfc   Section        0  rtx_kernel.o(.text.osKernelGetState)
    __arm_cp.4_0                             0x00000c24   Number         4  rtx_kernel.o(.text.osKernelGetState)
    __arm_cp.4_1                             0x00000c28   Number         4  rtx_kernel.o(.text.osKernelGetState)
    [Anonymous Symbol]                       0x00000c2c   Section        0  rtx_kernel.o(.text.osKernelInitialize)
    __arm_cp.1_0                             0x00000c50   Number         4  rtx_kernel.o(.text.osKernelInitialize)
    [Anonymous Symbol]                       0x00000c54   Section        0  rtx_kernel.o(.text.osKernelStart)
    __arm_cp.6_0                             0x00000c74   Number         4  rtx_kernel.o(.text.osKernelStart)
    [Anonymous Symbol]                       0x00000c78   Section        0  rtx_msgqueue.o(.text.osMessageQueueGet)
    __arm_cp.3_0                             0x00000ce8   Number         4  rtx_msgqueue.o(.text.osMessageQueueGet)
    [Anonymous Symbol]                       0x00000cec   Section        0  rtx_msgqueue.o(.text.osMessageQueueNew)
    __arm_cp.0_0                             0x00000d0c   Number         4  rtx_msgqueue.o(.text.osMessageQueueNew)
    [Anonymous Symbol]                       0x00000d10   Section        0  rtx_msgqueue.o(.text.osMessageQueuePut)
    __arm_cp.2_0                             0x00000d84   Number         4  rtx_msgqueue.o(.text.osMessageQueuePut)
    [Anonymous Symbol]                       0x00000d88   Section        0  rtx_mutex.o(.text.osMutexAcquire)
    __arm_cp.3_0                             0x00000dac   Number         4  rtx_mutex.o(.text.osMutexAcquire)
    [Anonymous Symbol]                       0x00000db0   Section        0  rtx_mutex.o(.text.osMutexDelete)
    __arm_cp.6_0                             0x00000dd4   Number         4  rtx_mutex.o(.text.osMutexDelete)
    [Anonymous Symbol]                       0x00000dd8   Section        0  rtx_mutex.o(.text.osMutexNew)
    __arm_cp.1_0                             0x00000df8   Number         4  rtx_mutex.o(.text.osMutexNew)
    [Anonymous Symbol]                       0x00000dfc   Section        0  rtx_mutex.o(.text.osMutexRelease)
    __arm_cp.4_0                             0x00000e20   Number         4  rtx_mutex.o(.text.osMutexRelease)
    [Anonymous Symbol]                       0x00000e24   Section        0  rtx_kernel.o(.text.osRtxKernelPreInit)
    [Anonymous Symbol]                       0x00000e26   Section        0  rtx_memory.o(.text.osRtxMemoryAlloc)
    [Anonymous Symbol]                       0x00000ea2   Section        0  rtx_memory.o(.text.osRtxMemoryFree)
    [Anonymous Symbol]                       0x00000ef0   Section        0  rtx_memory.o(.text.osRtxMemoryInit)
    [Anonymous Symbol]                       0x00000f22   Section        0  rtx_mempool.o(.text.osRtxMemoryPoolAlloc)
    [Anonymous Symbol]                       0x00000f50   Section        0  rtx_mempool.o(.text.osRtxMemoryPoolFree)
    [Anonymous Symbol]                       0x00000f8a   Section        0  rtx_mempool.o(.text.osRtxMemoryPoolInit)
    [Anonymous Symbol]                       0x00000fc8   Section        0  rtx_msgqueue.o(.text.osRtxMessageQueuePostProcess)
    osRtxMessageQueuePostProcess             0x00000fc9   Thumb Code   188  rtx_msgqueue.o(.text.osRtxMessageQueuePostProcess)
    [Anonymous Symbol]                       0x00001084   Section        0  rtx_mutex.o(.text.osRtxMutexOwnerRelease)
    [Anonymous Symbol]                       0x000010c8   Section        0  rtx_system.o(.text.osRtxPendSV_Handler)
    __arm_cp.1_0                             0x00001144   Number         4  rtx_system.o(.text.osRtxPendSV_Handler)
    [Anonymous Symbol]                       0x00001148   Section        0  rtx_system.o(.text.osRtxPostProcess)
    __arm_cp.2_0                             0x000011ac   Number         4  rtx_system.o(.text.osRtxPostProcess)
    __arm_cp.2_1                             0x000011b0   Number         4  rtx_system.o(.text.osRtxPostProcess)
    [Anonymous Symbol]                       0x000011b4   Section        0  rtx_semaphore.o(.text.osRtxSemaphorePostProcess)
    osRtxSemaphorePostProcess                0x000011b5   Thumb Code    36  rtx_semaphore.o(.text.osRtxSemaphorePostProcess)
    [Anonymous Symbol]                       0x000011d8   Section        0  rtx_thread.o(.text.osRtxThreadBlock)
    osRtxThreadBlock                         0x000011d9   Thumb Code    56  rtx_thread.o(.text.osRtxThreadBlock)
    __arm_cp.10_0                            0x0000120c   Number         4  rtx_thread.o(.text.osRtxThreadBlock)
    [Anonymous Symbol]                       0x00001210   Section        0  rtx_thread.o(.text.osRtxThreadDelayInsert)
    osRtxThreadDelayInsert                   0x00001211   Thumb Code   128  rtx_thread.o(.text.osRtxThreadDelayInsert)
    __arm_cp.14_0                            0x0000128c   Number         4  rtx_thread.o(.text.osRtxThreadDelayInsert)
    [Anonymous Symbol]                       0x00001290   Section        0  rtx_thread.o(.text.osRtxThreadDelayRemove)
    osRtxThreadDelayRemove                   0x00001291   Thumb Code    68  rtx_thread.o(.text.osRtxThreadDelayRemove)
    __arm_cp.12_0                            0x000012d0   Number         4  rtx_thread.o(.text.osRtxThreadDelayRemove)
    [Anonymous Symbol]                       0x000012d4   Section        0  rtx_thread.o(.text.osRtxThreadDelayTick)
    __arm_cp.5_0                             0x00001308   Number         4  rtx_thread.o(.text.osRtxThreadDelayTick)
    [Anonymous Symbol]                       0x0000130c   Section        0  rtx_thread.o(.text.osRtxThreadDispatch)
    __arm_cp.9_0                             0x00001358   Number         4  rtx_thread.o(.text.osRtxThreadDispatch)
    [Anonymous Symbol]                       0x0000135c   Section        0  rtx_thread.o(.text.osRtxThreadFree)
    osRtxThreadFree                          0x0000135d   Thumb Code    84  rtx_thread.o(.text.osRtxThreadFree)
    __arm_cp.52_0                            0x000013ac   Number         4  rtx_thread.o(.text.osRtxThreadFree)
    [Anonymous Symbol]                       0x000013b0   Section        0  rtx_thread.o(.text.osRtxThreadListGet)
    [Anonymous Symbol]                       0x000013c4   Section        0  rtx_thread.o(.text.osRtxThreadListPut)
    [Anonymous Symbol]                       0x000013f0   Section        0  rtx_thread.o(.text.osRtxThreadListRemove)
    [Anonymous Symbol]                       0x00001408   Section        0  rtx_thread.o(.text.osRtxThreadListSort)
    [Anonymous Symbol]                       0x0000142e   Section        0  rtx_thread.o(.text.osRtxThreadPostProcess)
    osRtxThreadPostProcess                   0x0000142f   Thumb Code    38  rtx_thread.o(.text.osRtxThreadPostProcess)
    [Anonymous Symbol]                       0x00001454   Section        0  rtx_thread.o(.text.osRtxThreadReadyPut)
    __arm_cp.4_0                             0x00001468   Number         4  rtx_thread.o(.text.osRtxThreadReadyPut)
    [Anonymous Symbol]                       0x0000146c   Section        0  rtx_thread.o(.text.osRtxThreadRegPtr)
    [Anonymous Symbol]                       0x00001474   Section        0  rtx_thread.o(.text.osRtxThreadStackCheck)
    __arm_cp.8_0                             0x00001498   Number         4  rtx_thread.o(.text.osRtxThreadStackCheck)
    __arm_cp.8_1                             0x0000149c   Number         4  rtx_thread.o(.text.osRtxThreadStackCheck)
    [Anonymous Symbol]                       0x000014a0   Section        0  rtx_thread.o(.text.osRtxThreadStartup)
    __arm_cp.15_0                            0x000014d0   Number         4  rtx_thread.o(.text.osRtxThreadStartup)
    __arm_cp.15_1                            0x000014d4   Number         4  rtx_thread.o(.text.osRtxThreadStartup)
    __arm_cp.15_2                            0x000014d8   Number         4  rtx_thread.o(.text.osRtxThreadStartup)
    __arm_cp.15_3                            0x000014dc   Number         4  rtx_thread.o(.text.osRtxThreadStartup)
    [Anonymous Symbol]                       0x000014e0   Section        0  rtx_thread.o(.text.osRtxThreadSwitch)
    __arm_cp.7_0                             0x000014f0   Number         4  rtx_thread.o(.text.osRtxThreadSwitch)
    [Anonymous Symbol]                       0x000014f4   Section        0  rtx_thread.o(.text.osRtxThreadWaitEnter)
    __arm_cp.13_0                            0x0000152c   Number         4  rtx_thread.o(.text.osRtxThreadWaitEnter)
    [Anonymous Symbol]                       0x00001530   Section        0  rtx_thread.o(.text.osRtxThreadWaitExit)
    [Anonymous Symbol]                       0x00001554   Section        0  rtx_system.o(.text.osRtxTick_Handler)
    __arm_cp.0_0                             0x000015c4   Number         4  rtx_system.o(.text.osRtxTick_Handler)
    [Anonymous Symbol]                       0x000015c8   Section        0  rtx_timer.o(.text.osRtxTimerThread)
    __arm_cp.0_0                             0x000015f8   Number         4  rtx_timer.o(.text.osRtxTimerThread)
    __arm_cp.0_1                             0x000015fc   Number         4  rtx_timer.o(.text.osRtxTimerThread)
    __arm_cp.0_2                             0x00001600   Number         4  rtx_timer.o(.text.osRtxTimerThread)
    [Anonymous Symbol]                       0x00001604   Section        0  rtx_timer.o(.text.osRtxTimerTick)
    osRtxTimerTick                           0x00001605   Thumb Code    96  rtx_timer.o(.text.osRtxTimerTick)
    __arm_cp.1_0                             0x00001660   Number         4  rtx_timer.o(.text.osRtxTimerTick)
    [Anonymous Symbol]                       0x00001664   Section        0  rtx_semaphore.o(.text.osSemaphoreAcquire)
    __arm_cp.2_0                             0x000016a4   Number         4  rtx_semaphore.o(.text.osSemaphoreAcquire)
    [Anonymous Symbol]                       0x000016a8   Section        0  rtx_semaphore.o(.text.osSemaphoreNew)
    __arm_cp.0_0                             0x000016c8   Number         4  rtx_semaphore.o(.text.osSemaphoreNew)
    [Anonymous Symbol]                       0x000016cc   Section        0  rtx_semaphore.o(.text.osSemaphoreRelease)
    __arm_cp.3_0                             0x00001714   Number         4  rtx_semaphore.o(.text.osSemaphoreRelease)
    [Anonymous Symbol]                       0x00001718   Section        0  rtx_thread.o(.text.osThreadExit)
    __arm_cp.31_0                            0x00001720   Number         4  rtx_thread.o(.text.osThreadExit)
    [Anonymous Symbol]                       0x00001724   Section        0  rtx_thread.o(.text.osThreadNew)
    __arm_cp.17_0                            0x00001744   Number         4  rtx_thread.o(.text.osThreadNew)
    [Anonymous Symbol]                       0x00001748   Section        0  rtx_delay.o(.text.svcRtxDelay)
    svcRtxDelay                              0x00001749   Thumb Code    18  rtx_delay.o(.text.svcRtxDelay)
    [Anonymous Symbol]                       0x0000175c   Section        0  rtx_kernel.o(.text.svcRtxKernelGetState)
    svcRtxKernelGetState                     0x0000175d   Thumb Code    12  rtx_kernel.o(.text.svcRtxKernelGetState)
    __arm_cp.5_0                             0x00001764   Number         4  rtx_kernel.o(.text.svcRtxKernelGetState)
    [Anonymous Symbol]                       0x00001768   Section        0  rtx_kernel.o(.text.svcRtxKernelInitialize)
    svcRtxKernelInitialize                   0x00001769   Thumb Code   328  rtx_kernel.o(.text.svcRtxKernelInitialize)
    __arm_cp.20_0                            0x000018a4   Number         4  rtx_kernel.o(.text.svcRtxKernelInitialize)
    __arm_cp.20_1                            0x000018a8   Number         4  rtx_kernel.o(.text.svcRtxKernelInitialize)
    __arm_cp.20_2                            0x000018ac   Number         4  rtx_kernel.o(.text.svcRtxKernelInitialize)
    [Anonymous Symbol]                       0x000018b0   Section        0  rtx_kernel.o(.text.svcRtxKernelStart)
    svcRtxKernelStart                        0x000018b1   Thumb Code   132  rtx_kernel.o(.text.svcRtxKernelStart)
    __arm_cp.21_0                            0x00001924   Number         4  rtx_kernel.o(.text.svcRtxKernelStart)
    __arm_cp.21_1                            0x00001928   Number         4  rtx_kernel.o(.text.svcRtxKernelStart)
    __arm_cp.21_2                            0x0000192c   Number         4  rtx_kernel.o(.text.svcRtxKernelStart)
    __arm_cp.21_3                            0x00001930   Number         4  rtx_kernel.o(.text.svcRtxKernelStart)
    [Anonymous Symbol]                       0x00001934   Section        0  rtx_msgqueue.o(.text.svcRtxMessageQueueGet)
    svcRtxMessageQueueGet                    0x00001935   Thumb Code   232  rtx_msgqueue.o(.text.svcRtxMessageQueueGet)
    __arm_cp.21_0                            0x00001a18   Number         4  rtx_msgqueue.o(.text.svcRtxMessageQueueGet)
    [Anonymous Symbol]                       0x00001a1c   Section        0  rtx_msgqueue.o(.text.svcRtxMessageQueueNew)
    svcRtxMessageQueueNew                    0x00001a1d   Thumb Code   484  rtx_msgqueue.o(.text.svcRtxMessageQueueNew)
    __arm_cp.14_0                            0x00001be8   Number         4  rtx_msgqueue.o(.text.svcRtxMessageQueueNew)
    __arm_cp.14_1                            0x00001bec   Number         4  rtx_msgqueue.o(.text.svcRtxMessageQueueNew)
    __arm_cp.14_2                            0x00001bf0   Number         4  rtx_msgqueue.o(.text.svcRtxMessageQueueNew)
    __arm_cp.14_3                            0x00001bf4   Number         4  rtx_msgqueue.o(.text.svcRtxMessageQueueNew)
    __arm_cp.14_4                            0x00001bf8   Number         4  rtx_msgqueue.o(.text.svcRtxMessageQueueNew)
    __arm_cp.14_5                            0x00001bfc   Number         4  rtx_msgqueue.o(.text.svcRtxMessageQueueNew)
    [Anonymous Symbol]                       0x00001c00   Section        0  rtx_msgqueue.o(.text.svcRtxMessageQueuePut)
    svcRtxMessageQueuePut                    0x00001c01   Thumb Code   188  rtx_msgqueue.o(.text.svcRtxMessageQueuePut)
    __arm_cp.19_0                            0x00001cb8   Number         4  rtx_msgqueue.o(.text.svcRtxMessageQueuePut)
    [Anonymous Symbol]                       0x00001cbc   Section        0  rtx_mutex.o(.text.svcRtxMutexAcquire)
    svcRtxMutexAcquire                       0x00001cbd   Thumb Code   152  rtx_mutex.o(.text.svcRtxMutexAcquire)
    __arm_cp.9_0                             0x00001d50   Number         4  rtx_mutex.o(.text.svcRtxMutexAcquire)
    [Anonymous Symbol]                       0x00001d54   Section        0  rtx_mutex.o(.text.svcRtxMutexDelete)
    svcRtxMutexDelete                        0x00001d55   Thumb Code   188  rtx_mutex.o(.text.svcRtxMutexDelete)
    __arm_cp.12_0                            0x00001e0c   Number         4  rtx_mutex.o(.text.svcRtxMutexDelete)
    [Anonymous Symbol]                       0x00001e10   Section        0  rtx_mutex.o(.text.svcRtxMutexNew)
    svcRtxMutexNew                           0x00001e11   Thumb Code   112  rtx_mutex.o(.text.svcRtxMutexNew)
    __arm_cp.7_0                             0x00001e7c   Number         4  rtx_mutex.o(.text.svcRtxMutexNew)
    [Anonymous Symbol]                       0x00001e80   Section        0  rtx_mutex.o(.text.svcRtxMutexRelease)
    svcRtxMutexRelease                       0x00001e81   Thumb Code   192  rtx_mutex.o(.text.svcRtxMutexRelease)
    __arm_cp.10_0                            0x00001f3c   Number         4  rtx_mutex.o(.text.svcRtxMutexRelease)
    [Anonymous Symbol]                       0x00001f40   Section        0  rtx_semaphore.o(.text.svcRtxSemaphoreAcquire)
    svcRtxSemaphoreAcquire                   0x00001f41   Thumb Code    76  rtx_semaphore.o(.text.svcRtxSemaphoreAcquire)
    __arm_cp.11_0                            0x00001f88   Number         4  rtx_semaphore.o(.text.svcRtxSemaphoreAcquire)
    [Anonymous Symbol]                       0x00001f8c   Section        0  rtx_semaphore.o(.text.svcRtxSemaphoreNew)
    svcRtxSemaphoreNew                       0x00001f8d   Thumb Code   136  rtx_semaphore.o(.text.svcRtxSemaphoreNew)
    __arm_cp.7_0                             0x00002008   Number         4  rtx_semaphore.o(.text.svcRtxSemaphoreNew)
    __arm_cp.7_1                             0x0000200c   Number         4  rtx_semaphore.o(.text.svcRtxSemaphoreNew)
    __arm_cp.7_2                             0x00002010   Number         4  rtx_semaphore.o(.text.svcRtxSemaphoreNew)
    [Anonymous Symbol]                       0x00002014   Section        0  rtx_semaphore.o(.text.svcRtxSemaphoreRelease)
    svcRtxSemaphoreRelease                   0x00002015   Thumb Code    56  rtx_semaphore.o(.text.svcRtxSemaphoreRelease)
    [Anonymous Symbol]                       0x0000204c   Section        0  rtx_thread.o(.text.svcRtxThreadExit)
    svcRtxThreadExit                         0x0000204d   Thumb Code   108  rtx_thread.o(.text.svcRtxThreadExit)
    __arm_cp.54_0                            0x000020b4   Number         4  rtx_thread.o(.text.svcRtxThreadExit)
    [Anonymous Symbol]                       0x000020b8   Section        0  rtx_thread.o(.text.svcRtxThreadNew)
    svcRtxThreadNew                          0x000020b9   Thumb Code   492  rtx_thread.o(.text.svcRtxThreadNew)
    __arm_cp.16_0                            0x0000228c   Number         4  rtx_thread.o(.text.svcRtxThreadNew)
    __arm_cp.16_1                            0x00002290   Number         4  rtx_thread.o(.text.svcRtxThreadNew)
    __arm_cp.16_2                            0x00002294   Number         4  rtx_thread.o(.text.svcRtxThreadNew)
    __arm_cp.16_3                            0x00002298   Number         4  rtx_thread.o(.text.svcRtxThreadNew)
    __arm_cp.16_4                            0x0000229c   Number         4  rtx_thread.o(.text.svcRtxThreadNew)
    __arm_cp.16_5                            0x000022a0   Number         4  rtx_thread.o(.text.svcRtxThreadNew)
    i.SystemCoreClockUpdate                  0x000022a4   Section        0  system_mkl25z4.o(i.SystemCoreClockUpdate)
    i.SystemInit                             0x00002434   Section        0  system_mkl25z4.o(i.SystemInit)
    i.TPM0_IRQHandler                        0x0000256c   Section        0  main.o(i.TPM0_IRQHandler)
    i.UART2_IRQHandler                       0x0000260c   Section        0  myuart.o(i.UART2_IRQHandler)
    i.__ARM_common_switch8                   0x0000264c   Section        0  main.o(i.__ARM_common_switch8)
    i.__NVIC_ClearPendingIRQ                 0x00002668   Section        0  myuart.o(i.__NVIC_ClearPendingIRQ)
    __NVIC_ClearPendingIRQ                   0x00002669   Thumb Code    18  myuart.o(i.__NVIC_ClearPendingIRQ)
    i.__NVIC_SetPriority                     0x00002680   Section        0  myuart.o(i.__NVIC_SetPriority)
    __NVIC_SetPriority                       0x00002681   Thumb Code   110  myuart.o(i.__NVIC_SetPriority)
    i.__NVIC_SetPriority                     0x000026f8   Section        0  myultrasonic.o(i.__NVIC_SetPriority)
    __NVIC_SetPriority                       0x000026f9   Thumb Code   110  myultrasonic.o(i.__NVIC_SetPriority)
    i._mutex_acquire                         0x00002770   Section        0  rtx_lib.o(i._mutex_acquire)
    __tagsym$$used                           0x00002771   Number         0  rtx_lib.o(i._mutex_acquire)
    i._mutex_free                            0x00002788   Section        0  rtx_lib.o(i._mutex_free)
    __tagsym$$used                           0x00002789   Number         0  rtx_lib.o(i._mutex_free)
    i._mutex_initialize                      0x00002794   Section        0  rtx_lib.o(i._mutex_initialize)
    __tagsym$$used                           0x00002795   Number         0  rtx_lib.o(i._mutex_initialize)
    i._mutex_release                         0x000027b8   Section        0  rtx_lib.o(i._mutex_release)
    __tagsym$$used                           0x000027b9   Number         0  rtx_lib.o(i._mutex_release)
    i._platform_post_stackheap_init          0x000027cc   Section        0  rtx_lib.o(i._platform_post_stackheap_init)
    i.bluetoothConnected                     0x000027d4   Section        0  main.o(i.bluetoothConnected)
    i.delay                                  0x000027e8   Section        0  mybasic.o(i.delay)
    i.delay100x                              0x000027fc   Section        0  mysound.o(i.delay100x)
    delay100x                                0x000027fd   Thumb Code    20  mysound.o(i.delay100x)
    i.flashGREEN_Twice                       0x00002810   Section        0  myled.o(i.flashGREEN_Twice)
    i.flashRED_Moving                        0x00002870   Section        0  myled.o(i.flashRED_Moving)
    i.flashRED_Stationery                    0x000028a0   Section        0  myled.o(i.flashRED_Stationery)
    i.forward                                0x000028cc   Section        0  mymotor.o(i.forward)
    i.initLED                                0x000028fc   Section        0  myled.o(i.initLED)
    i.initPWM                                0x00002a38   Section        0  mypwm.o(i.initPWM)
    i.initUltrasonic                         0x00002c44   Section        0  myultrasonic.o(i.initUltrasonic)
    i.isMoving                               0x00002d0c   Section        0  main.o(i.isMoving)
    i.leftReverse                            0x00002d78   Section        0  mymotor.o(i.leftReverse)
    i.main                                   0x00002dac   Section        0  main.o(i.main)
    i.offFrontLED                            0x00002eb0   Section        0  myled.o(i.offFrontLED)
    i.offLEDModules                          0x00002ed4   Section        0  myled.o(i.offLEDModules)
    i.offRearLED                             0x00002ee0   Section        0  myled.o(i.offRearLED)
    i.osRtxErrorNotify                       0x00002ef4   Section        0  rtx_config.o(i.osRtxErrorNotify)
    i.osRtxIdleThread                        0x00002f14   Section        0  rtx_config.o(i.osRtxIdleThread)
    i.os_kernel_is_active                    0x00002f18   Section        0  rtx_lib.o(i.os_kernel_is_active)
    os_kernel_is_active                      0x00002f19   Thumb Code    30  rtx_lib.o(i.os_kernel_is_active)
    i.playEndSong                            0x00002f3c   Section        0  mysound.o(i.playEndSong)
    i.playRaceSong                           0x00003028   Section        0  mysound.o(i.playRaceSong)
    i.reverse                                0x00003084   Section        0  mymotor.o(i.reverse)
    i.rightForward                           0x000030b4   Section        0  mymotor.o(i.rightForward)
    i.rightReverse                           0x000030e4   Section        0  mymotor.o(i.rightReverse)
    i.runningGREEN_Moving                    0x00003118   Section        0  myled.o(i.runningGREEN_Moving)
    i.setupUART2                             0x00003190   Section        0  myuart.o(i.setupUART2)
    i.solidGREEN_Stationery                  0x0000324c   Section        0  myled.o(i.solidGREEN_Stationery)
    i.stop                                   0x00003270   Section        0  mymotor.o(i.stop)
    i.tAudio                                 0x00003298   Section        0  main.o(i.tAudio)
    i.tBrainThread                           0x000032a0   Section        0  main.o(i.tBrainThread)
    i.tFrontLED                              0x00003308   Section        0  main.o(i.tFrontLED)
    i.tMotorThread                           0x00003330   Section        0  main.o(i.tMotorThread)
    i.tRearLED                               0x0000339c   Section        0  main.o(i.tRearLED)
    i.tSelfDriveThread                       0x000033b4   Section        0  main.o(i.tSelfDriveThread)
    i.tTriggerThread                         0x00003488   Section        0  main.o(i.tTriggerThread)
    i.turnLeft                               0x000034c4   Section        0  mymotor.o(i.turnLeft)
    i.turnRight                              0x000034f4   Section        0  mymotor.o(i.turnRight)
    i.uturn                                  0x00003520   Section        0  mymotor.o(i.uturn)
    x$fpl$usenofp                            0x000035c2   Section        0  usenofp.o(x$fpl$usenofp)
    .constdata                               0x000035c4   Section      100  rtx_lib.o(.constdata)
    os_idle_thread_attr                      0x000035c4   Data          36  rtx_lib.o(.constdata)
    os_timer_thread_attr                     0x000035e8   Data          36  rtx_lib.o(.constdata)
    os_timer_mq_attr                         0x0000360c   Data          24  rtx_lib.o(.constdata)
    .constdata                               0x00003628   Section        1  irq_cm0.o(.constdata)
    .rodata                                  0x0000362c   Section      160  rtx_lib.o(.rodata)
    __tagsym$$used                           0x0000362c   Number         0  rtx_lib.o(.rodata)
    __tagsym$$used                           0x00003694   Number         0  rtx_lib.o(.rodata)
    [Anonymous Symbol]                       0x000036cc   Section        0  rtx_kernel.o(.rodata.str1.4)
    .L.str                                   0x000036cc   Data          11  rtx_kernel.o(.rodata.str1.4)
    .bss.os                                  0x1ffff000   Section     4160  rtx_lib.o(.bss.os)
    os_mem                                   0x1ffff000   Data        4096  rtx_lib.o(.bss.os)
    os_isr_queue                             0x20000000   Data          64  rtx_lib.o(.bss.os)
    .bss.os.msgqueue.cb                      0x20000040   Section       52  rtx_lib.o(.bss.os.msgqueue.cb)
    os_timer_mq_cb                           0x20000040   Data          52  rtx_lib.o(.bss.os.msgqueue.cb)
    .bss.os.msgqueue.mem                     0x20000074   Section       80  rtx_lib.o(.bss.os.msgqueue.mem)
    os_timer_mq_data                         0x20000074   Data          80  rtx_lib.o(.bss.os.msgqueue.mem)
    .bss.os.thread.cb                        0x200000c4   Section      136  rtx_lib.o(.bss.os.thread.cb)
    os_idle_thread_cb                        0x200000c4   Data          68  rtx_lib.o(.bss.os.thread.cb)
    os_timer_thread_cb                       0x20000108   Data          68  rtx_lib.o(.bss.os.thread.cb)
    .bss.os.thread.stack                     0x20000150   Section      512  rtx_lib.o(.bss.os.thread.stack)
    os_idle_thread_stack                     0x20000150   Data         256  rtx_lib.o(.bss.os.thread.stack)
    os_timer_thread_stack                    0x20000250   Data         256  rtx_lib.o(.bss.os.thread.stack)
    .data                                    0x20000350   Section       16  main.o(.data)
    .data                                    0x20000360   Section        8  myled.o(.data)
    .data                                    0x20000368   Section        1  myuart.o(.data)
    .data                                    0x2000036c   Section       20  mybasic.o(.data)
    .data                                    0x20000380   Section      996  mysound.o(.data)
    .data                                    0x20000764   Section       24  myultrasonic.o(.data)
    .data                                    0x2000077c   Section        5  rtx_lib.o(.data)
    os_kernel_active                         0x20000780   Data           1  rtx_lib.o(.data)
    .data                                    0x20000784   Section        4  system_mkl25z4.o(.data)
    .bss                                     0x2000082c   Section       96  libspace.o(.bss)
    [Anonymous Symbol]                       0x2000088c   Section        0  os_systick.o(.bss.PendST)
    PendST                                   0x2000088c   Data           1  os_systick.o(.bss.PendST)
    HEAP                                     0x20000890   Section        0  startup_mkl25z4.o(HEAP)
    STACK                                    0x20000890   Section      256  startup_mkl25z4.o(STACK)
    Heap_Mem                                 0x20000890   Data           0  startup_mkl25z4.o(HEAP)
    Stack_Mem                                0x20000890   Data         256  startup_mkl25z4.o(STACK)
    __initial_sp                             0x20000990   Data           0  startup_mkl25z4.o(STACK)

    Global Symbols

    Symbol Name                              Value     Ov Type        Size  Object(Section)

    BuildAttributes$$THM_ISAv3M$S$PE$A:L22$X:L11$S22$IEEE1$IW$~IW$USESV6$~STKCKD$USESV7$~SHL$OSPACE$ROPI$EBA8$UX$STANDARDLIB$REQ8$PRES8$EABIv2 0x00000000   Number         0  anon$$obj.o ABSOLUTE
    __ARM_use_no_argv                        0x00000000   Number         0  main.o ABSOLUTE
    __Vectors                                0x00000000   Data           4  startup_mkl25z4.o(RESET)
    .bss.os.evflags.cb$$Base                  - Undefined Weak Reference
    .bss.os.evflags.cb$$Limit                 - Undefined Weak Reference
    .bss.os.mempool.cb$$Base                  - Undefined Weak Reference
    .bss.os.mempool.cb$$Limit                 - Undefined Weak Reference
    .bss.os.mutex.cb$$Base                    - Undefined Weak Reference
    .bss.os.mutex.cb$$Limit                   - Undefined Weak Reference
    .bss.os.semaphore.cb$$Base                - Undefined Weak Reference
    .bss.os.semaphore.cb$$Limit               - Undefined Weak Reference
    .bss.os.timer.cb$$Base                    - Undefined Weak Reference
    .bss.os.timer.cb$$Limit                   - Undefined Weak Reference
    __ARM_exceptions_init                     - Undefined Weak Reference
    __alloca_initialize                       - Undefined Weak Reference
    __arm_preinit_                            - Undefined Weak Reference
    __cpp_initialize__aeabi_                  - Undefined Weak Reference
    __cxa_finalize                            - Undefined Weak Reference
    __rt_locale                               - Undefined Weak Reference
    __sigvec_lookup                           - Undefined Weak Reference
    _atexit_init                              - Undefined Weak Reference
    _call_atexit_fns                          - Undefined Weak Reference
    _clock_init                               - Undefined Weak Reference
    _fp_trap_init                             - Undefined Weak Reference
    _fp_trap_shutdown                         - Undefined Weak Reference
    _get_lc_collate                           - Undefined Weak Reference
    _get_lc_ctype                             - Undefined Weak Reference
    _get_lc_monetary                          - Undefined Weak Reference
    _get_lc_numeric                           - Undefined Weak Reference
    _get_lc_time                              - Undefined Weak Reference
    _getenv_init                              - Undefined Weak Reference
    _handle_redirection                       - Undefined Weak Reference
    _init_alloc                               - Undefined Weak Reference
    _init_user_alloc                          - Undefined Weak Reference
    _initio                                   - Undefined Weak Reference
    _rand_init                                - Undefined Weak Reference
    _signal_finish                            - Undefined Weak Reference
    _signal_init                              - Undefined Weak Reference
    _terminate_alloc                          - Undefined Weak Reference
    _terminate_user_alloc                     - Undefined Weak Reference
    _terminateio                              - Undefined Weak Reference
    __Vectors_End                            0x000000c0   Data           0  startup_mkl25z4.o(RESET)
    __Vectors_Size                           0x000000c0   Number         0  startup_mkl25z4.o ABSOLUTE
    __main                                   0x000000c1   Thumb Code     8  __main.o(!!!main)
    __scatterload                            0x000000c9   Thumb Code     0  __scatter.o(!!!scatter)
    __scatterload_rt2                        0x000000c9   Thumb Code    52  __scatter.o(!!!scatter)
    __scatterload_rt2_thumb_only             0x000000c9   Thumb Code     0  __scatter.o(!!!scatter)
    __scatterload_null                       0x000000d9   Thumb Code     0  __scatter.o(!!!scatter)
    __scatterload_zeroinit                   0x00000105   Thumb Code    28  __scatter_zi.o(!!handler_zi)
    __rt_lib_init                            0x00000121   Thumb Code     0  libinit.o(.ARM.Collect$$libinit$$00000000)
    __rt_lib_init_alloca_1                   0x00000123   Thumb Code     0  libinit2.o(.ARM.Collect$$libinit$$0000002E)
    __rt_lib_init_argv_1                     0x00000123   Thumb Code     0  libinit2.o(.ARM.Collect$$libinit$$0000002C)
    __rt_lib_init_atexit_1                   0x00000123   Thumb Code     0  libinit2.o(.ARM.Collect$$libinit$$0000001B)
    __rt_lib_init_clock_1                    0x00000123   Thumb Code     0  libinit2.o(.ARM.Collect$$libinit$$00000021)
    __rt_lib_init_cpp_1                      0x00000123   Thumb Code     0  libinit2.o(.ARM.Collect$$libinit$$00000032)
    __rt_lib_init_exceptions_1               0x00000123   Thumb Code     0  libinit2.o(.ARM.Collect$$libinit$$00000030)
    __rt_lib_init_fp_1                       0x00000123   Thumb Code     0  libinit2.o(.ARM.Collect$$libinit$$00000002)
    __rt_lib_init_fp_trap_1                  0x00000123   Thumb Code     0  libinit2.o(.ARM.Collect$$libinit$$0000001F)
    __rt_lib_init_getenv_1                   0x00000123   Thumb Code     0  libinit2.o(.ARM.Collect$$libinit$$00000023)
    __rt_lib_init_heap_1                     0x00000123   Thumb Code     0  libinit2.o(.ARM.Collect$$libinit$$0000000A)
    __rt_lib_init_lc_collate_1               0x00000123   Thumb Code     0  libinit2.o(.ARM.Collect$$libinit$$00000011)
    __rt_lib_init_lc_ctype_1                 0x00000123   Thumb Code     0  libinit2.o(.ARM.Collect$$libinit$$00000013)
    __rt_lib_init_lc_monetary_1              0x00000123   Thumb Code     0  libinit2.o(.ARM.Collect$$libinit$$00000015)
    __rt_lib_init_lc_numeric_1               0x00000123   Thumb Code     0  libinit2.o(.ARM.Collect$$libinit$$00000017)
    __rt_lib_init_lc_time_1                  0x00000123   Thumb Code     0  libinit2.o(.ARM.Collect$$libinit$$00000019)
    __rt_lib_init_preinit_1                  0x00000123   Thumb Code     0  libinit2.o(.ARM.Collect$$libinit$$00000004)
    __rt_lib_init_rand_1                     0x00000123   Thumb Code     0  libinit2.o(.ARM.Collect$$libinit$$0000000E)
    __rt_lib_init_return                     0x00000123   Thumb Code     0  libinit2.o(.ARM.Collect$$libinit$$00000033)
    __rt_lib_init_signal_1                   0x00000123   Thumb Code     0  libinit2.o(.ARM.Collect$$libinit$$0000001D)
    __rt_lib_init_stdio_1                    0x00000123   Thumb Code     0  libinit2.o(.ARM.Collect$$libinit$$00000025)
    __rt_lib_init_user_alloc_1               0x00000123   Thumb Code     0  libinit2.o(.ARM.Collect$$libinit$$0000000C)
    __rt_lib_shutdown                        0x00000125   Thumb Code     0  libshutdown.o(.ARM.Collect$$libshutdown$$00000000)
    __rt_lib_shutdown_cpp_1                  0x00000127   Thumb Code     0  libshutdown2.o(.ARM.Collect$$libshutdown$$00000002)
    __rt_lib_shutdown_fp_trap_1              0x00000127   Thumb Code     0  libshutdown2.o(.ARM.Collect$$libshutdown$$00000007)
    __rt_lib_shutdown_heap_1                 0x00000127   Thumb Code     0  libshutdown2.o(.ARM.Collect$$libshutdown$$0000000F)
    __rt_lib_shutdown_return                 0x00000127   Thumb Code     0  libshutdown2.o(.ARM.Collect$$libshutdown$$00000010)
    __rt_lib_shutdown_signal_1               0x00000127   Thumb Code     0  libshutdown2.o(.ARM.Collect$$libshutdown$$0000000A)
    __rt_lib_shutdown_stdio_1                0x00000127   Thumb Code     0  libshutdown2.o(.ARM.Collect$$libshutdown$$00000004)
    __rt_lib_shutdown_user_alloc_1           0x00000127   Thumb Code     0  libshutdown2.o(.ARM.Collect$$libshutdown$$0000000C)
    __rt_entry                               0x00000129   Thumb Code     0  __rtentry.o(.ARM.Collect$$rtentry$$00000000)
    __rt_entry_presh_1                       0x00000129   Thumb Code     0  __rtentry2.o(.ARM.Collect$$rtentry$$00000002)
    __rt_entry_sh                            0x00000129   Thumb Code     0  __rtentry4.o(.ARM.Collect$$rtentry$$00000004)
    __rt_entry_postsh_1                      0x0000012f   Thumb Code     0  __rtentry2.o(.ARM.Collect$$rtentry$$00000008)
    __rt_entry_li                            0x00000137   Thumb Code     0  __rtentry2.o(.ARM.Collect$$rtentry$$0000000A)
    __rt_entry_main                          0x0000013b   Thumb Code     0  __rtentry2.o(.ARM.Collect$$rtentry$$0000000D)
    __rt_entry_postli_1                      0x0000013b   Thumb Code     0  __rtentry2.o(.ARM.Collect$$rtentry$$0000000C)
    __rt_exit                                0x00000143   Thumb Code     0  rtexit.o(.ARM.Collect$$rtexit$$00000000)
    __rt_exit_ls                             0x00000145   Thumb Code     0  rtexit2.o(.ARM.Collect$$rtexit$$00000003)
    __rt_exit_prels_1                        0x00000145   Thumb Code     0  rtexit2.o(.ARM.Collect$$rtexit$$00000002)
    __rt_exit_exit                           0x00000149   Thumb Code     0  rtexit2.o(.ARM.Collect$$rtexit$$00000004)
    __aeabi_memcpy4                          0x00000151   Thumb Code    56  rt_memcpy.o(.emb_text)
    __aeabi_memcpy8                          0x00000151   Thumb Code     0  rt_memcpy.o(.emb_text)
    Reset_Handler                            0x00000189   Thumb Code    12  startup_mkl25z4.o(.text)
    NMI_Handler                              0x00000195   Thumb Code     2  startup_mkl25z4.o(.text)
    HardFault_Handler                        0x00000197   Thumb Code     2  startup_mkl25z4.o(.text)
    ADC0_IRQHandler                          0x0000019f   Thumb Code     0  startup_mkl25z4.o(.text)
    CMP0_IRQHandler                          0x0000019f   Thumb Code     0  startup_mkl25z4.o(.text)
    DAC0_IRQHandler                          0x0000019f   Thumb Code     0  startup_mkl25z4.o(.text)
    DMA0_IRQHandler                          0x0000019f   Thumb Code     0  startup_mkl25z4.o(.text)
    DMA1_IRQHandler                          0x0000019f   Thumb Code     0  startup_mkl25z4.o(.text)
    DMA2_IRQHandler                          0x0000019f   Thumb Code     0  startup_mkl25z4.o(.text)
    DMA3_IRQHandler                          0x0000019f   Thumb Code     0  startup_mkl25z4.o(.text)
    DefaultISR                               0x0000019f   Thumb Code     0  startup_mkl25z4.o(.text)
    FTFA_IRQHandler                          0x0000019f   Thumb Code     0  startup_mkl25z4.o(.text)
    I2C0_IRQHandler                          0x0000019f   Thumb Code     0  startup_mkl25z4.o(.text)
    I2C1_IRQHandler                          0x0000019f   Thumb Code     0  startup_mkl25z4.o(.text)
    LLWU_IRQHandler                          0x0000019f   Thumb Code     0  startup_mkl25z4.o(.text)
    LPTMR0_IRQHandler                        0x0000019f   Thumb Code     0  startup_mkl25z4.o(.text)
    LVD_LVW_IRQHandler                       0x0000019f   Thumb Code     0  startup_mkl25z4.o(.text)
    MCG_IRQHandler                           0x0000019f   Thumb Code     0  startup_mkl25z4.o(.text)
    PIT_IRQHandler                           0x0000019f   Thumb Code     0  startup_mkl25z4.o(.text)
    PORTA_IRQHandler                         0x0000019f   Thumb Code     0  startup_mkl25z4.o(.text)
    PORTD_IRQHandler                         0x0000019f   Thumb Code     0  startup_mkl25z4.o(.text)
    RTC_IRQHandler                           0x0000019f   Thumb Code     0  startup_mkl25z4.o(.text)
    RTC_Seconds_IRQHandler                   0x0000019f   Thumb Code     0  startup_mkl25z4.o(.text)
    Reserved20_IRQHandler                    0x0000019f   Thumb Code     0  startup_mkl25z4.o(.text)
    Reserved39_IRQHandler                    0x0000019f   Thumb Code     0  startup_mkl25z4.o(.text)
    Reserved45_IRQHandler                    0x0000019f   Thumb Code     0  startup_mkl25z4.o(.text)
    SPI0_IRQHandler                          0x0000019f   Thumb Code     0  startup_mkl25z4.o(.text)
    SPI1_IRQHandler                          0x0000019f   Thumb Code     0  startup_mkl25z4.o(.text)
    TPM1_IRQHandler                          0x0000019f   Thumb Code     0  startup_mkl25z4.o(.text)
    TPM2_IRQHandler                          0x0000019f   Thumb Code     0  startup_mkl25z4.o(.text)
    TSI0_IRQHandler                          0x0000019f   Thumb Code     0  startup_mkl25z4.o(.text)
    UART0_IRQHandler                         0x0000019f   Thumb Code     0  startup_mkl25z4.o(.text)
    UART1_IRQHandler                         0x0000019f   Thumb Code     0  startup_mkl25z4.o(.text)
    USB0_IRQHandler                          0x0000019f   Thumb Code     0  startup_mkl25z4.o(.text)
    __user_initial_stackheap                 0x000001a5   Thumb Code     0  startup_mkl25z4.o(.text)
    SVC_Handler                              0x000001c9   Thumb Code   132  irq_cm0.o(.text)
    PendSV_Handler                           0x0000024d   Thumb Code    12  irq_cm0.o(.text)
    SysTick_Handler                          0x00000259   Thumb Code    12  irq_cm0.o(.text)
    __aeabi_memcpy                           0x0000026d   Thumb Code   130  rt_memcpy.o(.text)
    __rt_memcpy                              0x0000026d   Thumb Code     0  rt_memcpy.o(.text)
    _memset_w                                0x000002ef   Thumb Code    26  rt_memclr.o(.text)
    _memset                                  0x00000309   Thumb Code    30  rt_memclr.o(.text)
    __aeabi_memclr                           0x00000327   Thumb Code     4  rt_memclr.o(.text)
    __rt_memclr                              0x00000327   Thumb Code     0  rt_memclr.o(.text)
    __aeabi_memclr4                          0x0000032b   Thumb Code     0  rt_memclr.o(.text)
    __aeabi_memclr8                          0x0000032b   Thumb Code     0  rt_memclr.o(.text)
    __rt_memclr_w                            0x0000032b   Thumb Code     4  rt_memclr.o(.text)
    __use_two_region_memory                  0x0000032f   Thumb Code     2  heapauxi.o(.text)
    __rt_heap_escrow$2region                 0x00000331   Thumb Code     2  heapauxi.o(.text)
    __rt_heap_expand$2region                 0x00000333   Thumb Code     2  heapauxi.o(.text)
    __aeabi_d2f                              0x00000335   Thumb Code     0  d2f.o(.text)
    _d2f                                     0x00000335   Thumb Code   120  d2f.o(.text)
    __user_setup_stackheap                   0x000003b1   Thumb Code    62  sys_stackheap_outer.o(.text)
    exit                                     0x000003ef   Thumb Code    16  exit.o(.text)
    __I$use$semihosting                      0x000003ff   Thumb Code     0  use_no_semi.o(.text)
    __use_no_semihosting_swi                 0x000003ff   Thumb Code     2  use_no_semi.o(.text)
    __aeabi_uidiv                            0x00000411   Thumb Code     0  aeabi_sdiv.o(.text)
    __aeabi_uidivmod                         0x00000411   Thumb Code    20  aeabi_sdiv.o(.text)
    __aeabi_idiv                             0x00000425   Thumb Code     0  aeabi_sdiv.o(.text)
    __aeabi_idivmod                          0x00000425   Thumb Code   326  aeabi_sdiv.o(.text)
    __aeabi_d2iz                             0x0000056d   Thumb Code     0  dfixi.o(.text)
    _dfix                                    0x0000056d   Thumb Code    98  dfixi.o(.text)
    __aeabi_i2d_normalise                    0x000005d9   Thumb Code    66  dflti.o(.text)
    __aeabi_i2d                              0x0000061b   Thumb Code    16  dflti.o(.text)
    _dflt                                    0x0000061b   Thumb Code     0  dflti.o(.text)
    __aeabi_ui2d                             0x0000062b   Thumb Code     6  dflti.o(.text)
    _dfltu                                   0x0000062b   Thumb Code     0  dflti.o(.text)
    __aeabi_dmul                             0x00000631   Thumb Code     0  dmul.o(.text)
    _dmul                                    0x00000631   Thumb Code   558  dmul.o(.text)
    __aeabi_f2d                              0x00000879   Thumb Code     0  f2d.o(.text)
    _f2d                                     0x00000879   Thumb Code    80  f2d.o(.text)
    __aeabi_i2f_normalise                    0x000008cd   Thumb Code    72  fflti.o(.text)
    __aeabi_i2f                              0x00000915   Thumb Code    16  fflti.o(.text)
    _fflt                                    0x00000915   Thumb Code     0  fflti.o(.text)
    __aeabi_ui2f                             0x00000925   Thumb Code     6  fflti.o(.text)
    _ffltu                                   0x00000925   Thumb Code     0  fflti.o(.text)
    __user_libspace                          0x0000092d   Thumb Code     8  libspace.o(.text)
    __user_perproc_libspace                  0x0000092d   Thumb Code     0  libspace.o(.text)
    _sys_exit                                0x00000935   Thumb Code     8  sys_exit.o(.text)
    __decompress                             0x00000941   Thumb Code     0  __dczerorl2.o(.text)
    __decompress1                            0x00000941   Thumb Code    86  __dczerorl2.o(.text)
    __semihosting_library_function           0x00000941   Thumb Code     0  indicate_semi.o(.text)
    OS_Tick_AcknowledgeIRQ                   0x00000a65   Thumb Code    12  os_systick.o(.text.OS_Tick_AcknowledgeIRQ)
    OS_Tick_Enable                           0x00000a71   Thumb Code    44  os_systick.o(.text.OS_Tick_Enable)
    OS_Tick_GetIRQn                          0x00000a9d   Thumb Code     6  os_systick.o(.text.OS_Tick_GetIRQn)
    OS_Tick_Setup                            0x00000aa5   Thumb Code    76  os_systick.o(.text.OS_Tick_Setup)
    osDelay                                  0x00000bd5   Thumb Code    40  rtx_delay.o(.text.osDelay)
    osKernelGetState                         0x00000bfd   Thumb Code    48  rtx_kernel.o(.text.osKernelGetState)
    osKernelInitialize                       0x00000c2d   Thumb Code    40  rtx_kernel.o(.text.osKernelInitialize)
    osKernelStart                            0x00000c55   Thumb Code    36  rtx_kernel.o(.text.osKernelStart)
    osMessageQueueGet                        0x00000c79   Thumb Code   116  rtx_msgqueue.o(.text.osMessageQueueGet)
    osMessageQueueNew                        0x00000ced   Thumb Code    36  rtx_msgqueue.o(.text.osMessageQueueNew)
    osMessageQueuePut                        0x00000d11   Thumb Code   120  rtx_msgqueue.o(.text.osMessageQueuePut)
    osMutexAcquire                           0x00000d89   Thumb Code    40  rtx_mutex.o(.text.osMutexAcquire)
    osMutexDelete                            0x00000db1   Thumb Code    40  rtx_mutex.o(.text.osMutexDelete)
    osMutexNew                               0x00000dd9   Thumb Code    36  rtx_mutex.o(.text.osMutexNew)
    osMutexRelease                           0x00000dfd   Thumb Code    40  rtx_mutex.o(.text.osMutexRelease)
    osRtxKernelPreInit                       0x00000e25   Thumb Code     2  rtx_kernel.o(.text.osRtxKernelPreInit)
    osRtxMemoryAlloc                         0x00000e27   Thumb Code   124  rtx_memory.o(.text.osRtxMemoryAlloc)
    osRtxMemoryFree                          0x00000ea3   Thumb Code    78  rtx_memory.o(.text.osRtxMemoryFree)
    osRtxMemoryInit                          0x00000ef1   Thumb Code    50  rtx_memory.o(.text.osRtxMemoryInit)
    osRtxMemoryPoolAlloc                     0x00000f23   Thumb Code    46  rtx_mempool.o(.text.osRtxMemoryPoolAlloc)
    osRtxMemoryPoolFree                      0x00000f51   Thumb Code    58  rtx_mempool.o(.text.osRtxMemoryPoolFree)
    osRtxMemoryPoolInit                      0x00000f8b   Thumb Code    62  rtx_mempool.o(.text.osRtxMemoryPoolInit)
    osRtxMutexOwnerRelease                   0x00001085   Thumb Code    68  rtx_mutex.o(.text.osRtxMutexOwnerRelease)
    osRtxPendSV_Handler                      0x000010c9   Thumb Code   128  rtx_system.o(.text.osRtxPendSV_Handler)
    osRtxPostProcess                         0x00001149   Thumb Code   108  rtx_system.o(.text.osRtxPostProcess)
    osRtxThreadDelayTick                     0x000012d5   Thumb Code    56  rtx_thread.o(.text.osRtxThreadDelayTick)
    osRtxThreadDispatch                      0x0000130d   Thumb Code    80  rtx_thread.o(.text.osRtxThreadDispatch)
    osRtxThreadListGet                       0x000013b1   Thumb Code    20  rtx_thread.o(.text.osRtxThreadListGet)
    osRtxThreadListPut                       0x000013c5   Thumb Code    44  rtx_thread.o(.text.osRtxThreadListPut)
    osRtxThreadListRemove                    0x000013f1   Thumb Code    24  rtx_thread.o(.text.osRtxThreadListRemove)
    osRtxThreadListSort                      0x00001409   Thumb Code    38  rtx_thread.o(.text.osRtxThreadListSort)
    osRtxThreadReadyPut                      0x00001455   Thumb Code    24  rtx_thread.o(.text.osRtxThreadReadyPut)
    osRtxThreadRegPtr                        0x0000146d   Thumb Code     6  rtx_thread.o(.text.osRtxThreadRegPtr)
    osRtxThreadStackCheck                    0x00001475   Thumb Code    44  rtx_thread.o(.text.osRtxThreadStackCheck)
    osRtxThreadStartup                       0x000014a1   Thumb Code    64  rtx_thread.o(.text.osRtxThreadStartup)
    osRtxThreadSwitch                        0x000014e1   Thumb Code    20  rtx_thread.o(.text.osRtxThreadSwitch)
    osRtxThreadWaitEnter                     0x000014f5   Thumb Code    60  rtx_thread.o(.text.osRtxThreadWaitEnter)
    osRtxThreadWaitExit                      0x00001531   Thumb Code    34  rtx_thread.o(.text.osRtxThreadWaitExit)
    osRtxTick_Handler                        0x00001555   Thumb Code   116  rtx_system.o(.text.osRtxTick_Handler)
    osRtxTimerThread                         0x000015c9   Thumb Code    60  rtx_timer.o(.text.osRtxTimerThread)
    osSemaphoreAcquire                       0x00001665   Thumb Code    68  rtx_semaphore.o(.text.osSemaphoreAcquire)
    osSemaphoreNew                           0x000016a9   Thumb Code    36  rtx_semaphore.o(.text.osSemaphoreNew)
    osSemaphoreRelease                       0x000016cd   Thumb Code    76  rtx_semaphore.o(.text.osSemaphoreRelease)
    osThreadExit                             0x00001719   Thumb Code    12  rtx_thread.o(.text.osThreadExit)
    osThreadNew                              0x00001725   Thumb Code    36  rtx_thread.o(.text.osThreadNew)
    SystemCoreClockUpdate                    0x000022a5   Thumb Code   372  system_mkl25z4.o(i.SystemCoreClockUpdate)
    SystemInit                               0x00002435   Thumb Code   266  system_mkl25z4.o(i.SystemInit)
    TPM0_IRQHandler                          0x0000256d   Thumb Code   126  main.o(i.TPM0_IRQHandler)
    UART2_IRQHandler                         0x0000260d   Thumb Code    46  myuart.o(i.UART2_IRQHandler)
    __ARM_common_switch8                     0x0000264d   Thumb Code    28  main.o(i.__ARM_common_switch8)
    _mutex_acquire                           0x00002771   Thumb Code    24  rtx_lib.o(i._mutex_acquire)
    _mutex_free                              0x00002789   Thumb Code    12  rtx_lib.o(i._mutex_free)
    _mutex_initialize                        0x00002795   Thumb Code    36  rtx_lib.o(i._mutex_initialize)
    _mutex_release                           0x000027b9   Thumb Code    20  rtx_lib.o(i._mutex_release)
    _platform_post_stackheap_init            0x000027cd   Thumb Code     8  rtx_lib.o(i._platform_post_stackheap_init)
    bluetoothConnected                       0x000027d5   Thumb Code    14  main.o(i.bluetoothConnected)
    delay                                    0x000027e9   Thumb Code    20  mybasic.o(i.delay)
    flashGREEN_Twice                         0x00002811   Thumb Code    90  myled.o(i.flashGREEN_Twice)
    flashRED_Moving                          0x00002871   Thumb Code    44  myled.o(i.flashRED_Moving)
    flashRED_Stationery                      0x000028a1   Thumb Code    40  myled.o(i.flashRED_Stationery)
    forward                                  0x000028cd   Thumb Code    32  mymotor.o(i.forward)
    initLED                                  0x000028fd   Thumb Code   292  myled.o(i.initLED)
    initPWM                                  0x00002a39   Thumb Code   496  mypwm.o(i.initPWM)
    initUltrasonic                           0x00002c45   Thumb Code   174  myultrasonic.o(i.initUltrasonic)
    isMoving                                 0x00002d0d   Thumb Code   100  main.o(i.isMoving)
    leftReverse                              0x00002d79   Thumb Code    34  mymotor.o(i.leftReverse)
    main                                     0x00002dad   Thumb Code   204  main.o(i.main)
    offFrontLED                              0x00002eb1   Thumb Code    32  myled.o(i.offFrontLED)
    offLEDModules                            0x00002ed5   Thumb Code    12  myled.o(i.offLEDModules)
    offRearLED                               0x00002ee1   Thumb Code    14  myled.o(i.offRearLED)
    osRtxErrorNotify                         0x00002ef5   Thumb Code    32  rtx_config.o(i.osRtxErrorNotify)
    osRtxIdleThread                          0x00002f15   Thumb Code     4  rtx_config.o(i.osRtxIdleThread)
    playEndSong                              0x00002f3d   Thumb Code   206  mysound.o(i.playEndSong)
    playRaceSong                             0x00003029   Thumb Code    78  mysound.o(i.playRaceSong)
    reverse                                  0x00003085   Thumb Code    32  mymotor.o(i.reverse)
    rightForward                             0x000030b5   Thumb Code    32  mymotor.o(i.rightForward)
    rightReverse                             0x000030e5   Thumb Code    34  mymotor.o(i.rightReverse)
    runningGREEN_Moving                      0x00003119   Thumb Code   112  myled.o(i.runningGREEN_Moving)
    setupUART2                               0x00003191   Thumb Code   168  myuart.o(i.setupUART2)
    solidGREEN_Stationery                    0x0000324d   Thumb Code    32  myled.o(i.solidGREEN_Stationery)
    stop                                     0x00003271   Thumb Code    30  mymotor.o(i.stop)
    tAudio                                   0x00003299   Thumb Code     8  main.o(i.tAudio)
    tBrainThread                             0x000032a1   Thumb Code    86  main.o(i.tBrainThread)
    tFrontLED                                0x00003309   Thumb Code    40  main.o(i.tFrontLED)
    tMotorThread                             0x00003331   Thumb Code    98  main.o(i.tMotorThread)
    tRearLED                                 0x0000339d   Thumb Code    22  main.o(i.tRearLED)
    tSelfDriveThread                         0x000033b5   Thumb Code   154  main.o(i.tSelfDriveThread)
    tTriggerThread                           0x00003489   Thumb Code    52  main.o(i.tTriggerThread)
    turnLeft                                 0x000034c5   Thumb Code    34  mymotor.o(i.turnLeft)
    turnRight                                0x000034f5   Thumb Code    32  mymotor.o(i.turnRight)
    uturn                                    0x00003521   Thumb Code   162  mymotor.o(i.uturn)
    __I$use$fp                               0x000035c2   Number         0  usenofp.o(x$fpl$usenofp)
    osRtxUserSVC                             0x00003624   Data           4  rtx_lib.o(.constdata)
    irqRtxLib                                0x00003628   Data           1  irq_cm0.o(.constdata)
    osRtxConfig                              0x0000362c   Data         104  rtx_lib.o(.rodata)
    os_cb_sections                           0x00003694   Data          56  rtx_lib.o(.rodata)
    Region$$Table$$Base                      0x000036d8   Number         0  anon$$obj.o(Region$$Table)
    Region$$Table$$Limit                     0x000036f8   Number         0  anon$$obj.o(Region$$Table)
    .bss.os.msgqueue.cb$$Base                0x20000040   Number         0  rtx_lib.o(.bss.os.msgqueue.cb)
    .bss.os.msgqueue.cb$$Limit               0x20000074   Number         0  rtx_lib.o(.bss.os.msgqueue.cb)
    .bss.os.thread.cb$$Base                  0x200000c4   Number         0  rtx_lib.o(.bss.os.thread.cb)
    .bss.os.thread.cb$$Limit                 0x2000014c   Number         0  rtx_lib.o(.bss.os.thread.cb)
    isMove                                   0x20000350   Data           1  main.o(.data)
    end                                      0x20000354   Data           4  main.o(.data)
    distance                                 0x20000358   Data           4  main.o(.data)
    ultrasonicMessage                        0x2000035c   Data           4  main.o(.data)
    green_led                                0x20000360   Data           8  myled.o(.data)
    userSignal                               0x20000368   Data           1  myuart.o(.data)
    brainSem                                 0x2000036c   Data           4  mybasic.o(.data)
    moveSem                                  0x20000370   Data           4  mybasic.o(.data)
    soundSem                                 0x20000374   Data           4  mybasic.o(.data)
    selfDriveSem                             0x20000378   Data           4  mybasic.o(.data)
    triggerSem                               0x2000037c   Data           4  mybasic.o(.data)
    tempo                                    0x20000380   Data           4  mysound.o(.data)
    starWarsMelody                           0x20000384   Data         592  mysound.o(.data)
    startSong                                0x200005d4   Data          96  mysound.o(.data)
    endSong                                  0x20000634   Data         304  mysound.o(.data)
    ready                                    0x20000764   Data           4  myultrasonic.o(.data)
    value                                    0x20000768   Data           4  myultrasonic.o(.data)
    start                                    0x2000076c   Data           4  myultrasonic.o(.data)
    startRecord                              0x20000770   Data           4  myultrasonic.o(.data)
    counter                                  0x20000774   Data           4  myultrasonic.o(.data)
    read                                     0x20000778   Data           4  myultrasonic.o(.data)
    irqRtxLibRef                             0x2000077c   Data           4  rtx_lib.o(.data)
    SystemCoreClock                          0x20000784   Data           4  system_mkl25z4.o(.data)
    osRtxInfo                                0x20000788   Data         164  rtx_kernel.o(.data.os)
    __libspace_start                         0x2000082c   Data          96  libspace.o(.bss)
    __temporary_stack_top$libspace           0x2000088c   Data           0  libspace.o(.bss)



==============================================================================

Memory Map of the image

  Image Entry point : 0x00000189

  Load Region LR_1 (Base: 0x00000000, Size: 0x00004f24, Max: 0xffffffff, ABSOLUTE, COMPRESSED[0x00003830])

    Execution Region ER_RO (Exec base: 0x00000000, Load base: 0x00000000, Size: 0x000036f8, Max: 0xffffffff, ABSOLUTE)

    Exec Addr    Load Addr    Size         Type   Attr      Idx    E Section Name        Object

    0x00000000   0x00000000   0x000000c0   Data   RO          599    RESET               startup_mkl25z4.o
    0x000000c0   0x000000c0   0x00000008   Code   RO         1156  * !!!main             c_p.l(__main.o)
    0x000000c8   0x000000c8   0x0000003c   Code   RO         1338    !!!scatter          c_p.l(__scatter.o)
    0x00000104   0x00000104   0x0000001c   Code   RO         1340    !!handler_zi        c_p.l(__scatter_zi.o)
    0x00000120   0x00000120   0x00000002   Code   RO         1205    .ARM.Collect$$libinit$$00000000  c_p.l(libinit.o)
    0x00000122   0x00000122   0x00000000   Code   RO         1219    .ARM.Collect$$libinit$$00000002  c_p.l(libinit2.o)
    0x00000122   0x00000122   0x00000000   Code   RO         1221    .ARM.Collect$$libinit$$00000004  c_p.l(libinit2.o)
    0x00000122   0x00000122   0x00000000   Code   RO         1224    .ARM.Collect$$libinit$$0000000A  c_p.l(libinit2.o)
    0x00000122   0x00000122   0x00000000   Code   RO         1226    .ARM.Collect$$libinit$$0000000C  c_p.l(libinit2.o)
    0x00000122   0x00000122   0x00000000   Code   RO         1228    .ARM.Collect$$libinit$$0000000E  c_p.l(libinit2.o)
    0x00000122   0x00000122   0x00000000   Code   RO         1231    .ARM.Collect$$libinit$$00000011  c_p.l(libinit2.o)
    0x00000122   0x00000122   0x00000000   Code   RO         1233    .ARM.Collect$$libinit$$00000013  c_p.l(libinit2.o)
    0x00000122   0x00000122   0x00000000   Code   RO         1235    .ARM.Collect$$libinit$$00000015  c_p.l(libinit2.o)
    0x00000122   0x00000122   0x00000000   Code   RO         1237    .ARM.Collect$$libinit$$00000017  c_p.l(libinit2.o)
    0x00000122   0x00000122   0x00000000   Code   RO         1239    .ARM.Collect$$libinit$$00000019  c_p.l(libinit2.o)
    0x00000122   0x00000122   0x00000000   Code   RO         1241    .ARM.Collect$$libinit$$0000001B  c_p.l(libinit2.o)
    0x00000122   0x00000122   0x00000000   Code   RO         1243    .ARM.Collect$$libinit$$0000001D  c_p.l(libinit2.o)
    0x00000122   0x00000122   0x00000000   Code   RO         1245    .ARM.Collect$$libinit$$0000001F  c_p.l(libinit2.o)
    0x00000122   0x00000122   0x00000000   Code   RO         1247    .ARM.Collect$$libinit$$00000021  c_p.l(libinit2.o)
    0x00000122   0x00000122   0x00000000   Code   RO         1249    .ARM.Collect$$libinit$$00000023  c_p.l(libinit2.o)
    0x00000122   0x00000122   0x00000000   Code   RO         1251    .ARM.Collect$$libinit$$00000025  c_p.l(libinit2.o)
    0x00000122   0x00000122   0x00000000   Code   RO         1255    .ARM.Collect$$libinit$$0000002C  c_p.l(libinit2.o)
    0x00000122   0x00000122   0x00000000   Code   RO         1257    .ARM.Collect$$libinit$$0000002E  c_p.l(libinit2.o)
    0x00000122   0x00000122   0x00000000   Code   RO         1259    .ARM.Collect$$libinit$$00000030  c_p.l(libinit2.o)
    0x00000122   0x00000122   0x00000000   Code   RO         1261    .ARM.Collect$$libinit$$00000032  c_p.l(libinit2.o)
    0x00000122   0x00000122   0x00000002   Code   RO         1262    .ARM.Collect$$libinit$$00000033  c_p.l(libinit2.o)
    0x00000124   0x00000124   0x00000002   Code   RO         1293    .ARM.Collect$$libshutdown$$00000000  c_p.l(libshutdown.o)
    0x00000126   0x00000126   0x00000000   Code   RO         1319    .ARM.Collect$$libshutdown$$00000002  c_p.l(libshutdown2.o)
    0x00000126   0x00000126   0x00000000   Code   RO         1321    .ARM.Collect$$libshutdown$$00000004  c_p.l(libshutdown2.o)
    0x00000126   0x00000126   0x00000000   Code   RO         1324    .ARM.Collect$$libshutdown$$00000007  c_p.l(libshutdown2.o)
    0x00000126   0x00000126   0x00000000   Code   RO         1327    .ARM.Collect$$libshutdown$$0000000A  c_p.l(libshutdown2.o)
    0x00000126   0x00000126   0x00000000   Code   RO         1329    .ARM.Collect$$libshutdown$$0000000C  c_p.l(libshutdown2.o)
    0x00000126   0x00000126   0x00000000   Code   RO         1332    .ARM.Collect$$libshutdown$$0000000F  c_p.l(libshutdown2.o)
    0x00000126   0x00000126   0x00000002   Code   RO         1333    .ARM.Collect$$libshutdown$$00000010  c_p.l(libshutdown2.o)
    0x00000128   0x00000128   0x00000000   Code   RO         1170    .ARM.Collect$$rtentry$$00000000  c_p.l(__rtentry.o)
    0x00000128   0x00000128   0x00000000   Code   RO         1177    .ARM.Collect$$rtentry$$00000002  c_p.l(__rtentry2.o)
    0x00000128   0x00000128   0x00000006   Code   RO         1189    .ARM.Collect$$rtentry$$00000004  c_p.l(__rtentry4.o)
    0x0000012e   0x0000012e   0x00000008   Code   RO         1178    .ARM.Collect$$rtentry$$00000008  c_p.l(__rtentry2.o)
    0x00000136   0x00000136   0x00000004   Code   RO         1180    .ARM.Collect$$rtentry$$0000000A  c_p.l(__rtentry2.o)
    0x0000013a   0x0000013a   0x00000000   Code   RO         1182    .ARM.Collect$$rtentry$$0000000C  c_p.l(__rtentry2.o)
    0x0000013a   0x0000013a   0x00000008   Code   RO         1183    .ARM.Collect$$rtentry$$0000000D  c_p.l(__rtentry2.o)
    0x00000142   0x00000142   0x00000002   Code   RO         1210    .ARM.Collect$$rtexit$$00000000  c_p.l(rtexit.o)
    0x00000144   0x00000144   0x00000000   Code   RO         1266    .ARM.Collect$$rtexit$$00000002  c_p.l(rtexit2.o)
    0x00000144   0x00000144   0x00000004   Code   RO         1267    .ARM.Collect$$rtexit$$00000003  c_p.l(rtexit2.o)
    0x00000148   0x00000148   0x00000006   Code   RO         1268    .ARM.Collect$$rtexit$$00000004  c_p.l(rtexit2.o)
    0x0000014e   0x0000014e   0x00000002   PAD
    0x00000150   0x00000150   0x00000038   Code   RO         1144    .emb_text           c_p.l(rt_memcpy.o)
    0x00000188   0x00000188   0x00000040   Code   RO          601  * .text               startup_mkl25z4.o
    0x000001c8   0x000001c8   0x000000a4   Code   RO          986    .text               RTX_CM0.lib(irq_cm0.o)
    0x0000026c   0x0000026c   0x00000082   Code   RO         1145    .text               c_p.l(rt_memcpy.o)
    0x000002ee   0x000002ee   0x00000040   Code   RO         1148    .text               c_p.l(rt_memclr.o)
    0x0000032e   0x0000032e   0x00000006   Code   RO         1154    .text               c_p.l(heapauxi.o)
    0x00000334   0x00000334   0x0000007c   Code   RO         1158    .text               fz_ps.l(d2f.o)
    0x000003b0   0x000003b0   0x0000003e   Code   RO         1193    .text               c_p.l(sys_stackheap_outer.o)
    0x000003ee   0x000003ee   0x00000010   Code   RO         1196    .text               c_p.l(exit.o)
    0x000003fe   0x000003fe   0x00000002   Code   RO         1282    .text               c_p.l(use_no_semi.o)
    0x00000400   0x00000400   0x00000010   Code   RO          600    .ARM.__at_0x400     startup_mkl25z4.o
    0x00000410   0x00000410   0x0000015a   Code   RO         1150    .text               c_p.l(aeabi_sdiv.o)
    0x0000056a   0x0000056a   0x00000002   PAD
    0x0000056c   0x0000056c   0x0000006c   Code   RO         1160    .text               fz_ps.l(dfixi.o)
    0x000005d8   0x000005d8   0x00000058   Code   RO         1162    .text               fz_ps.l(dflti.o)
    0x00000630   0x00000630   0x00000248   Code   RO         1164    .text               fz_ps.l(dmul.o)
    0x00000878   0x00000878   0x00000054   Code   RO         1166    .text               fz_ps.l(f2d.o)
    0x000008cc   0x000008cc   0x0000005e   Code   RO         1168    .text               fz_ps.l(fflti.o)
    0x0000092a   0x0000092a   0x00000002   PAD
    0x0000092c   0x0000092c   0x00000008   Code   RO         1206    .text               c_p.l(libspace.o)
    0x00000934   0x00000934   0x0000000c   Code   RO         1263    .text               c_p.l(sys_exit.o)
    0x00000940   0x00000940   0x00000000   Code   RO         1284    .text               c_p.l(indicate_semi.o)
    0x00000940   0x00000940   0x00000056   Code   RO         1336    .text               c_p.l(__dczerorl2.o)
    0x00000996   0x00000996   0x0000004c   Code   RO          969    .text.MessageQueueGet  RTX_CM0.lib(rtx_msgqueue.o)
    0x000009e2   0x000009e2   0x00000062   Code   RO          963    .text.MessageQueuePut  RTX_CM0.lib(rtx_msgqueue.o)
    0x00000a44   0x00000a44   0x0000001e   Code   RO          961    .text.MessageQueueRemove  RTX_CM0.lib(rtx_msgqueue.o)
    0x00000a62   0x00000a62   0x00000002   PAD
    0x00000a64   0x00000a64   0x0000000c   Code   RO         1121    .text.OS_Tick_AcknowledgeIRQ  RTX_CM0.lib(os_systick.o)
    0x00000a70   0x00000a70   0x0000002c   Code   RO         1117    .text.OS_Tick_Enable  RTX_CM0.lib(os_systick.o)
    0x00000a9c   0x00000a9c   0x00000006   Code   RO         1123    .text.OS_Tick_GetIRQn  RTX_CM0.lib(os_systick.o)
    0x00000aa2   0x00000aa2   0x00000002   PAD
    0x00000aa4   0x00000aa4   0x0000004c   Code   RO         1115    .text.OS_Tick_Setup  RTX_CM0.lib(os_systick.o)
    0x00000af0   0x00000af0   0x00000024   Code   RO          908    .text.SemaphoreTokenDecrement  RTX_CM0.lib(rtx_semaphore.o)
    0x00000b14   0x00000b14   0x00000026   Code   RO          914    .text.SemaphoreTokenIncrement  RTX_CM0.lib(rtx_semaphore.o)
    0x00000b3a   0x00000b3a   0x0000004e   Code   RO          785    .text.ThreadFlagsCheck  RTX_CM0.lib(rtx_thread.o)
    0x00000b88   0x00000b88   0x0000004c   Code   RO         1007    .text.TimerInsert   RTX_CM0.lib(rtx_timer.o)
    0x00000bd4   0x00000bd4   0x00000028   Code   RO          838    .text.osDelay       RTX_CM0.lib(rtx_delay.o)
    0x00000bfc   0x00000bfc   0x00000030   Code   RO          648    .text.osKernelGetState  RTX_CM0.lib(rtx_kernel.o)
    0x00000c2c   0x00000c2c   0x00000028   Code   RO          642    .text.osKernelInitialize  RTX_CM0.lib(rtx_kernel.o)
    0x00000c54   0x00000c54   0x00000024   Code   RO          652    .text.osKernelStart  RTX_CM0.lib(rtx_kernel.o)
    0x00000c78   0x00000c78   0x00000074   Code   RO          935    .text.osMessageQueueGet  RTX_CM0.lib(rtx_msgqueue.o)
    0x00000cec   0x00000cec   0x00000024   Code   RO          929    .text.osMessageQueueNew  RTX_CM0.lib(rtx_msgqueue.o)
    0x00000d10   0x00000d10   0x00000078   Code   RO          933    .text.osMessageQueuePut  RTX_CM0.lib(rtx_msgqueue.o)
    0x00000d88   0x00000d88   0x00000028   Code   RO          861    .text.osMutexAcquire  RTX_CM0.lib(rtx_mutex.o)
    0x00000db0   0x00000db0   0x00000028   Code   RO          867    .text.osMutexDelete  RTX_CM0.lib(rtx_mutex.o)
    0x00000dd8   0x00000dd8   0x00000024   Code   RO          857    .text.osMutexNew    RTX_CM0.lib(rtx_mutex.o)
    0x00000dfc   0x00000dfc   0x00000028   Code   RO          863    .text.osMutexRelease  RTX_CM0.lib(rtx_mutex.o)
    0x00000e24   0x00000e24   0x00000002   Code   RO          640    .text.osRtxKernelPreInit  RTX_CM0.lib(rtx_kernel.o)
    0x00000e26   0x00000e26   0x0000007c   Code   RO         1034    .text.osRtxMemoryAlloc  RTX_CM0.lib(rtx_memory.o)
    0x00000ea2   0x00000ea2   0x0000004e   Code   RO         1036    .text.osRtxMemoryFree  RTX_CM0.lib(rtx_memory.o)
    0x00000ef0   0x00000ef0   0x00000032   Code   RO         1032    .text.osRtxMemoryInit  RTX_CM0.lib(rtx_memory.o)
    0x00000f22   0x00000f22   0x0000002e   Code   RO         1049    .text.osRtxMemoryPoolAlloc  RTX_CM0.lib(rtx_mempool.o)
    0x00000f50   0x00000f50   0x0000003a   Code   RO         1051    .text.osRtxMemoryPoolFree  RTX_CM0.lib(rtx_mempool.o)
    0x00000f8a   0x00000f8a   0x0000003e   Code   RO         1047    .text.osRtxMemoryPoolInit  RTX_CM0.lib(rtx_mempool.o)
    0x00000fc8   0x00000fc8   0x000000bc   Code   RO          959    .text.osRtxMessageQueuePostProcess  RTX_CM0.lib(rtx_msgqueue.o)
    0x00001084   0x00001084   0x00000044   Code   RO          855    .text.osRtxMutexOwnerRelease  RTX_CM0.lib(rtx_mutex.o)
    0x000010c8   0x000010c8   0x00000080   Code   RO         1102    .text.osRtxPendSV_Handler  RTX_CM0.lib(rtx_system.o)
    0x00001148   0x00001148   0x0000006c   Code   RO         1104    .text.osRtxPostProcess  RTX_CM0.lib(rtx_system.o)
    0x000011b4   0x000011b4   0x00000024   Code   RO          906    .text.osRtxSemaphorePostProcess  RTX_CM0.lib(rtx_semaphore.o)
    0x000011d8   0x000011d8   0x00000038   Code   RO          725    .text.osRtxThreadBlock  RTX_CM0.lib(rtx_thread.o)
    0x00001210   0x00001210   0x00000080   Code   RO          733    .text.osRtxThreadDelayInsert  RTX_CM0.lib(rtx_thread.o)
    0x00001290   0x00001290   0x00000044   Code   RO          729    .text.osRtxThreadDelayRemove  RTX_CM0.lib(rtx_thread.o)
    0x000012d4   0x000012d4   0x00000038   Code   RO          715    .text.osRtxThreadDelayTick  RTX_CM0.lib(rtx_thread.o)
    0x0000130c   0x0000130c   0x00000050   Code   RO          723    .text.osRtxThreadDispatch  RTX_CM0.lib(rtx_thread.o)
    0x0000135c   0x0000135c   0x00000054   Code   RO          809    .text.osRtxThreadFree  RTX_CM0.lib(rtx_thread.o)
    0x000013b0   0x000013b0   0x00000014   Code   RO          707    .text.osRtxThreadListGet  RTX_CM0.lib(rtx_thread.o)
    0x000013c4   0x000013c4   0x0000002c   Code   RO          705    .text.osRtxThreadListPut  RTX_CM0.lib(rtx_thread.o)
    0x000013f0   0x000013f0   0x00000018   Code   RO          711    .text.osRtxThreadListRemove  RTX_CM0.lib(rtx_thread.o)
    0x00001408   0x00001408   0x00000026   Code   RO          709    .text.osRtxThreadListSort  RTX_CM0.lib(rtx_thread.o)
    0x0000142e   0x0000142e   0x00000026   Code   RO          783    .text.osRtxThreadPostProcess  RTX_CM0.lib(rtx_thread.o)
    0x00001454   0x00001454   0x00000018   Code   RO          713    .text.osRtxThreadReadyPut  RTX_CM0.lib(rtx_thread.o)
    0x0000146c   0x0000146c   0x00000006   Code   RO          717    .text.osRtxThreadRegPtr  RTX_CM0.lib(rtx_thread.o)
    0x00001472   0x00001472   0x00000002   PAD
    0x00001474   0x00001474   0x0000002c   Code   RO          721    .text.osRtxThreadStackCheck  RTX_CM0.lib(rtx_thread.o)
    0x000014a0   0x000014a0   0x00000040   Code   RO          735    .text.osRtxThreadStartup  RTX_CM0.lib(rtx_thread.o)
    0x000014e0   0x000014e0   0x00000014   Code   RO          719    .text.osRtxThreadSwitch  RTX_CM0.lib(rtx_thread.o)
    0x000014f4   0x000014f4   0x0000003c   Code   RO          731    .text.osRtxThreadWaitEnter  RTX_CM0.lib(rtx_thread.o)
    0x00001530   0x00001530   0x00000022   Code   RO          727    .text.osRtxThreadWaitExit  RTX_CM0.lib(rtx_thread.o)
    0x00001552   0x00001552   0x00000002   PAD
    0x00001554   0x00001554   0x00000074   Code   RO         1100    .text.osRtxTick_Handler  RTX_CM0.lib(rtx_system.o)
    0x000015c8   0x000015c8   0x0000003c   Code   RO          991    .text.osRtxTimerThread  RTX_CM0.lib(rtx_timer.o)
    0x00001604   0x00001604   0x00000060   Code   RO          993    .text.osRtxTimerTick  RTX_CM0.lib(rtx_timer.o)
    0x00001664   0x00001664   0x00000044   Code   RO          894    .text.osSemaphoreAcquire  RTX_CM0.lib(rtx_semaphore.o)
    0x000016a8   0x000016a8   0x00000024   Code   RO          890    .text.osSemaphoreNew  RTX_CM0.lib(rtx_semaphore.o)
    0x000016cc   0x000016cc   0x0000004c   Code   RO          896    .text.osSemaphoreRelease  RTX_CM0.lib(rtx_semaphore.o)
    0x00001718   0x00001718   0x0000000c   Code   RO          767    .text.osThreadExit  RTX_CM0.lib(rtx_thread.o)
    0x00001724   0x00001724   0x00000024   Code   RO          739    .text.osThreadNew   RTX_CM0.lib(rtx_thread.o)
    0x00001748   0x00001748   0x00000012   Code   RO          842    .text.svcRtxDelay   RTX_CM0.lib(rtx_delay.o)
    0x0000175a   0x0000175a   0x00000002   PAD
    0x0000175c   0x0000175c   0x0000000c   Code   RO          650    .text.svcRtxKernelGetState  RTX_CM0.lib(rtx_kernel.o)
    0x00001768   0x00001768   0x00000148   Code   RO          680    .text.svcRtxKernelInitialize  RTX_CM0.lib(rtx_kernel.o)
    0x000018b0   0x000018b0   0x00000084   Code   RO          682    .text.svcRtxKernelStart  RTX_CM0.lib(rtx_kernel.o)
    0x00001934   0x00001934   0x000000e8   Code   RO          971    .text.svcRtxMessageQueueGet  RTX_CM0.lib(rtx_msgqueue.o)
    0x00001a1c   0x00001a1c   0x000001e4   Code   RO          957    .text.svcRtxMessageQueueNew  RTX_CM0.lib(rtx_msgqueue.o)
    0x00001c00   0x00001c00   0x000000bc   Code   RO          967    .text.svcRtxMessageQueuePut  RTX_CM0.lib(rtx_msgqueue.o)
    0x00001cbc   0x00001cbc   0x00000098   Code   RO          873    .text.svcRtxMutexAcquire  RTX_CM0.lib(rtx_mutex.o)
    0x00001d54   0x00001d54   0x000000bc   Code   RO          879    .text.svcRtxMutexDelete  RTX_CM0.lib(rtx_mutex.o)
    0x00001e10   0x00001e10   0x00000070   Code   RO          869    .text.svcRtxMutexNew  RTX_CM0.lib(rtx_mutex.o)
    0x00001e80   0x00001e80   0x000000c0   Code   RO          875    .text.svcRtxMutexRelease  RTX_CM0.lib(rtx_mutex.o)
    0x00001f40   0x00001f40   0x0000004c   Code   RO          912    .text.svcRtxSemaphoreAcquire  RTX_CM0.lib(rtx_semaphore.o)
    0x00001f8c   0x00001f8c   0x00000088   Code   RO          904    .text.svcRtxSemaphoreNew  RTX_CM0.lib(rtx_semaphore.o)
    0x00002014   0x00002014   0x00000038   Code   RO          916    .text.svcRtxSemaphoreRelease  RTX_CM0.lib(rtx_semaphore.o)
    0x0000204c   0x0000204c   0x0000006c   Code   RO          813    .text.svcRtxThreadExit  RTX_CM0.lib(rtx_thread.o)
    0x000020b8   0x000020b8   0x000001ec   Code   RO          737    .text.svcRtxThreadNew  RTX_CM0.lib(rtx_thread.o)
    0x000022a4   0x000022a4   0x00000190   Code   RO          609    i.SystemCoreClockUpdate  system_mkl25z4.o
    0x00002434   0x00002434   0x00000138   Code   RO          610    i.SystemInit        system_mkl25z4.o
    0x0000256c   0x0000256c   0x000000a0   Code   RO            3    i.TPM0_IRQHandler   main.o
    0x0000260c   0x0000260c   0x00000040   Code   RO          225    i.UART2_IRQHandler  myuart.o
    0x0000264c   0x0000264c   0x0000001c   Code   RO           83    i.__ARM_common_switch8  main.o
    0x00002668   0x00002668   0x00000018   Code   RO          226    i.__NVIC_ClearPendingIRQ  myuart.o
    0x00002680   0x00002680   0x00000078   Code   RO          227    i.__NVIC_SetPriority  myuart.o
    0x000026f8   0x000026f8   0x00000078   Code   RO          454    i.__NVIC_SetPriority  myultrasonic.o
    0x00002770   0x00002770   0x00000018   Code   RO          493    i._mutex_acquire    rtx_lib.o
    0x00002788   0x00002788   0x0000000c   Code   RO          494    i._mutex_free       rtx_lib.o
    0x00002794   0x00002794   0x00000024   Code   RO          495    i._mutex_initialize  rtx_lib.o
    0x000027b8   0x000027b8   0x00000014   Code   RO          496    i._mutex_release    rtx_lib.o
    0x000027cc   0x000027cc   0x00000008   Code   RO          497    i._platform_post_stackheap_init  rtx_lib.o
    0x000027d4   0x000027d4   0x00000014   Code   RO            4    i.bluetoothConnected  main.o
    0x000027e8   0x000027e8   0x00000014   Code   RO          388    i.delay             mybasic.o
    0x000027fc   0x000027fc   0x00000014   Code   RO          414    i.delay100x         mysound.o
    0x00002810   0x00002810   0x00000060   Code   RO          151    i.flashGREEN_Twice  myled.o
    0x00002870   0x00002870   0x00000030   Code   RO          152    i.flashRED_Moving   myled.o
    0x000028a0   0x000028a0   0x0000002c   Code   RO          153    i.flashRED_Stationery  myled.o
    0x000028cc   0x000028cc   0x00000030   Code   RO          270    i.forward           mymotor.o
    0x000028fc   0x000028fc   0x0000013c   Code   RO          154    i.initLED           myled.o
    0x00002a38   0x00002a38   0x0000020c   Code   RO          368    i.initPWM           mypwm.o
    0x00002c44   0x00002c44   0x000000c8   Code   RO          455    i.initUltrasonic    myultrasonic.o
    0x00002d0c   0x00002d0c   0x0000006c   Code   RO            5    i.isMoving          main.o
    0x00002d78   0x00002d78   0x00000034   Code   RO          272    i.leftReverse       mymotor.o
    0x00002dac   0x00002dac   0x00000104   Code   RO            6    i.main              main.o
    0x00002eb0   0x00002eb0   0x00000024   Code   RO          155    i.offFrontLED       myled.o
    0x00002ed4   0x00002ed4   0x0000000c   Code   RO          156    i.offLEDModules     myled.o
    0x00002ee0   0x00002ee0   0x00000014   Code   RO          157    i.offRearLED        myled.o
    0x00002ef4   0x00002ef4   0x00000020   Code   RO          569    i.osRtxErrorNotify  rtx_config.o
    0x00002f14   0x00002f14   0x00000004   Code   RO          570    i.osRtxIdleThread   rtx_config.o
    0x00002f18   0x00002f18   0x00000024   Code   RO          498    i.os_kernel_is_active  rtx_lib.o
    0x00002f3c   0x00002f3c   0x000000ec   Code   RO          416    i.playEndSong       mysound.o
    0x00003028   0x00003028   0x0000005c   Code   RO          417    i.playRaceSong      mysound.o
    0x00003084   0x00003084   0x00000030   Code   RO          274    i.reverse           mymotor.o
    0x000030b4   0x000030b4   0x00000030   Code   RO          275    i.rightForward      mymotor.o
    0x000030e4   0x000030e4   0x00000034   Code   RO          276    i.rightReverse      mymotor.o
    0x00003118   0x00003118   0x00000078   Code   RO          158    i.runningGREEN_Moving  myled.o
    0x00003190   0x00003190   0x000000bc   Code   RO          228    i.setupUART2        myuart.o
    0x0000324c   0x0000324c   0x00000024   Code   RO          159    i.solidGREEN_Stationery  myled.o
    0x00003270   0x00003270   0x00000028   Code   RO          280    i.stop              mymotor.o
    0x00003298   0x00003298   0x00000008   Code   RO            7    i.tAudio            main.o
    0x000032a0   0x000032a0   0x00000068   Code   RO            8    i.tBrainThread      main.o
    0x00003308   0x00003308   0x00000028   Code   RO            9    i.tFrontLED         main.o
    0x00003330   0x00003330   0x0000006c   Code   RO           10    i.tMotorThread      main.o
    0x0000339c   0x0000339c   0x00000016   Code   RO           11    i.tRearLED          main.o
    0x000033b2   0x000033b2   0x00000002   PAD
    0x000033b4   0x000033b4   0x000000d4   Code   RO           12    i.tSelfDriveThread  main.o
    0x00003488   0x00003488   0x0000003c   Code   RO           13    i.tTriggerThread    main.o
    0x000034c4   0x000034c4   0x00000030   Code   RO          281    i.turnLeft          mymotor.o
    0x000034f4   0x000034f4   0x0000002c   Code   RO          282    i.turnRight         mymotor.o
    0x00003520   0x00003520   0x000000a2   Code   RO          283    i.uturn             mymotor.o
    0x000035c2   0x000035c2   0x00000000   Code   RO         1175    x$fpl$usenofp       fz_ps.l(usenofp.o)
    0x000035c2   0x000035c2   0x00000002   PAD
    0x000035c4   0x000035c4   0x00000064   Data   RO          505    .constdata          rtx_lib.o
    0x00003628   0x00003628   0x00000001   Data   RO          985    .constdata          RTX_CM0.lib(irq_cm0.o)
    0x00003629   0x00003629   0x00000003   PAD
    0x0000362c   0x0000362c   0x000000a0   Data   RO          507    .rodata             rtx_lib.o
    0x000036cc   0x000036cc   0x0000000b   Data   RO          694    .rodata.str1.4      RTX_CM0.lib(rtx_kernel.o)
    0x000036d7   0x000036d7   0x00000001   PAD
    0x000036d8   0x000036d8   0x00000020   Data   RO         1334    Region$$Table       anon$$obj.o


    Execution Region ER_RW (Exec base: 0x1ffff000, Load base: 0x000036f8, Size: 0x0000182c, Max: 0xffffffff, ABSOLUTE, COMPRESSED[0x00000138])

    Exec Addr    Load Addr    Size         Type   Attr      Idx    E Section Name        Object

    0x1ffff000   COMPRESSED   0x00001040   Data   RW          499    .bss.os             rtx_lib.o
    0x20000040   COMPRESSED   0x00000034   Data   RW          501    .bss.os.msgqueue.cb  rtx_lib.o
    0x20000074   COMPRESSED   0x00000050   Data   RW          502    .bss.os.msgqueue.mem  rtx_lib.o
    0x200000c4   COMPRESSED   0x00000088   Data   RW          503    .bss.os.thread.cb   rtx_lib.o
    0x2000014c   COMPRESSED   0x00000004   PAD
    0x20000150   COMPRESSED   0x00000200   Data   RW          504    .bss.os.thread.stack  rtx_lib.o
    0x20000350   COMPRESSED   0x00000010   Data   RW           15    .data               main.o
    0x20000360   COMPRESSED   0x00000008   Data   RW          160    .data               myled.o
    0x20000368   COMPRESSED   0x00000001   Data   RW          229    .data               myuart.o
    0x20000369   COMPRESSED   0x00000003   PAD
    0x2000036c   COMPRESSED   0x00000014   Data   RW          389    .data               mybasic.o
    0x20000380   COMPRESSED   0x000003e4   Data   RW          418    .data               mysound.o
    0x20000764   COMPRESSED   0x00000018   Data   RW          457    .data               myultrasonic.o
    0x2000077c   COMPRESSED   0x00000005   Data   RW          506    .data               rtx_lib.o
    0x20000781   COMPRESSED   0x00000003   PAD
    0x20000784   COMPRESSED   0x00000004   Data   RW          611    .data               system_mkl25z4.o
    0x20000788   COMPRESSED   0x000000a4   Data   RW          695    .data.os            RTX_CM0.lib(rtx_kernel.o)


    Execution Region ER_ZI (Exec base: 0x2000082c, Load base: 0x00003830, Size: 0x00000164, Max: 0xffffffff, ABSOLUTE)

    Exec Addr    Load Addr    Size         Type   Attr      Idx    E Section Name        Object

    0x2000082c        -       0x00000060   Zero   RW         1207    .bss                c_p.l(libspace.o)
    0x2000088c        -       0x00000001   Zero   RW         1133    .bss.PendST         RTX_CM0.lib(os_systick.o)
    0x2000088d   0x00003830   0x00000003   PAD
    0x20000890        -       0x00000000   Zero   RW          598    HEAP                startup_mkl25z4.o
    0x20000890        -       0x00000100   Zero   RW          597    STACK               startup_mkl25z4.o


==============================================================================

Image component sizes


      Code (inc. data)   RO Data    RW Data    ZI Data      Debug   Object Name

      1130        226          0         16          0     234150   main.o
        20          0          0         20          0        764   mybasic.o
       728         60          0          8          0       4394   myled.o
       542        120          0          0          0       3614   mymotor.o
       524         28          0          0          0        530   mypwm.o
       348         44          0        996          0       2602   mysound.o
       396         54          0          1          0      10733   myuart.o
       320         36          0         24          0       1978   myultrasonic.o
        36          8          0          0          0        957   rtx_config.o
       136          6        260       4945          0      12706   rtx_lib.o
        80         44        192          0        256        880   startup_mkl25z4.o
       712         84          0          4          0       1643   system_mkl25z4.o

    ----------------------------------------------------------------------
      4974        710        484       6024        256     274951   Object Totals
         0          0         32          0          0          0   (incl. Generated)
         2          0          0         10          0          0   (incl. Padding)

    ----------------------------------------------------------------------

      Code (inc. data)   RO Data    RW Data    ZI Data      Debug   Library Member Name

       164          8          1          0          0        496   irq_cm0.o
       138         32          0          0          1       2766   os_systick.o
        58          4          0          0          0       2753   rtx_delay.o
       598         48         11        164          0      16105   rtx_kernel.o
       252          0          0          0          0       2564   rtx_memory.o
       166          0          0          0          0      14282   rtx_mempool.o
      1568         44          0          0          0      17889   rtx_msgqueue.o
       868         32          0          0          0       9201   rtx_mutex.o
       558         28          0          0          0      10054   rtx_semaphore.o
       352         26          0          0          0       4635   rtx_system.o
      1614         96          0          0          0      30867   rtx_thread.o
       232         20          0          0          0      10018   rtx_timer.o
        86          0          0          0          0          0   __dczerorl2.o
         8          0          0          0          0         68   __main.o
         0          0          0          0          0          0   __rtentry.o
        20          0          0          0          0          0   __rtentry2.o
         6          0          0          0          0          0   __rtentry4.o
        60          8          0          0          0          0   __scatter.o
        28          0          0          0          0          0   __scatter_zi.o
       346          0          0          0          0         92   aeabi_sdiv.o
        16          0          0          0          0         68   exit.o
         6          0          0          0          0        136   heapauxi.o
         0          0          0          0          0          0   indicate_semi.o
         2          0          0          0          0          0   libinit.o
         2          0          0          0          0          0   libinit2.o
         2          0          0          0          0          0   libshutdown.o
         2          0          0          0          0          0   libshutdown2.o
         8          4          0          0         96         68   libspace.o
        64          0          0          0          0        108   rt_memclr.o
       186          0          0          0          0        144   rt_memcpy.o
         2          0          0          0          0          0   rtexit.o
        10          0          0          0          0          0   rtexit2.o
        12          4          0          0          0         60   sys_exit.o
        62          0          0          0          0         80   sys_stackheap_outer.o
         2          0          0          0          0         68   use_no_semi.o
       124          4          0          0          0         72   d2f.o
       108         10          0          0          0         72   dfixi.o
        88          0          0          0          0         92   dflti.o
       584         26          0          0          0         84   dmul.o
        84          4          0          0          0         60   f2d.o
        94          0          0          0          0         92   fflti.o
         0          0          0          0          0          0   usenofp.o

    ----------------------------------------------------------------------
      8598        398         16        164        100     122994   Library Totals
        18          0          4          0          3          0   (incl. Padding)

    ----------------------------------------------------------------------

      Code (inc. data)   RO Data    RW Data    ZI Data      Debug   Library Name

      6568        338         12        164          1     121630   RTX_CM0.lib
       930         16          0          0         96        892   c_p.l
      1082         44          0          0          0        472   fz_ps.l

    ----------------------------------------------------------------------
      8598        398         16        164        100     122994   Library Totals

    ----------------------------------------------------------------------

==============================================================================


      Code (inc. data)   RO Data    RW Data    ZI Data      Debug   

     13572       1108        500       6188        356     395077   Grand Totals
     13572       1108        500        312        356     395077   ELF Image Totals (compressed)
     13572       1108        500        312          0          0   ROM Totals

==============================================================================

    Total RO  Size (Code + RO Data)                14072 (  13.74kB)
    Total RW  Size (RW Data + ZI Data)              6544 (   6.39kB)
    Total ROM Size (Code + RO Data + RW Data)      14384 (  14.05kB)

==============================================================================

