Component: ARM Compiler 5.06 update 6 (build 750) Tool: armlink [4d35ed]

==============================================================================

Section Cross References

    main.o(i.bluetoothConnected) refers to myled.o(i.flashGREEN_Twice) for flashGREEN_Twice
    main.o(i.bluetoothConnected) refers to mybasic.o(i.delay) for delay
    main.o(i.bluetoothConnected) refers to mysound.o(i.playConnectSong) for playConnectSong
    main.o(i.bluetoothConnected) refers to myuart.o(.data) for userSignal
    main.o(i.isMoving) refers to myuart.o(.data) for userSignal
    main.o(i.isMoving) refers to main.o(.data) for isMove
    main.o(i.main) refers to system_mkl25z4.o(i.SystemCoreClockUpdate) for SystemCoreClockUpdate
    main.o(i.main) refers to myuart.o(i.setupUART2) for setupUART2
    main.o(i.main) refers to myled.o(i.initLED) for initLED
    main.o(i.main) refers to mypwm.o(i.initPWM) for initPWM
    main.o(i.main) refers to myled.o(i.offLEDModules) for offLEDModules
    main.o(i.main) refers to mymotor.o(i.turnRight) for turnRight
    main.o(i.main) refers to rtx_kernel.o(.text.osKernelInitialize) for osKernelInitialize
    main.o(i.main) refers to rtx_semaphore.o(.text.osSemaphoreNew) for osSemaphoreNew
    main.o(i.main) refers to main.o(i.bluetoothConnected) for bluetoothConnected
    main.o(i.main) refers to rtx_thread.o(.text.osThreadNew) for osThreadNew
    main.o(i.main) refers to rtx_kernel.o(.text.osKernelStart) for osKernelStart
    main.o(i.main) refers to mybasic.o(.data) for brainSem
    main.o(i.main) refers to myuart.o(.data) for userSignal
    main.o(i.main) refers to main.o(.constdata) for maxPriority
    main.o(i.main) refers to main.o(i.tBrainThread) for tBrainThread
    main.o(i.main) refers to main.o(i.tMotorThread) for tMotorThread
    main.o(i.main) refers to main.o(i.tFrontLED) for tFrontLED
    main.o(i.main) refers to main.o(i.tAudio) for tAudio
    main.o(i.tAudio) refers to mysound.o(i.playRaceSong) for playRaceSong
    main.o(i.tAudio) refers to mysound.o(i.playEndSong) for playEndSong
    main.o(i.tAudio) refers to myuart.o(.data) for userSignal
    main.o(i.tBrainThread) refers to rtx_semaphore.o(.text.osSemaphoreAcquire) for osSemaphoreAcquire
    main.o(i.tBrainThread) refers to main.o(i.__ARM_common_switch8) for __ARM_common_switch8
    main.o(i.tBrainThread) refers to rtx_semaphore.o(.text.osSemaphoreRelease) for osSemaphoreRelease
    main.o(i.tBrainThread) refers to mybasic.o(.data) for brainSem
    main.o(i.tBrainThread) refers to myuart.o(.data) for userSignal
    main.o(i.tFrontLED) refers to main.o(i.isMoving) for isMoving
    main.o(i.tFrontLED) refers to myled.o(i.runningGREEN_Moving) for runningGREEN_Moving
    main.o(i.tFrontLED) refers to myled.o(i.solidGREEN_Stationery) for solidGREEN_Stationery
    main.o(i.tMotorThread) refers to rtx_semaphore.o(.text.osSemaphoreAcquire) for osSemaphoreAcquire
    main.o(i.tMotorThread) refers to main.o(i.__ARM_common_switch8) for __ARM_common_switch8
    main.o(i.tMotorThread) refers to mymotor.o(i.forward) for forward
    main.o(i.tMotorThread) refers to mymotor.o(i.reverse) for reverse
    main.o(i.tMotorThread) refers to mymotor.o(i.turnLeft) for turnLeft
    main.o(i.tMotorThread) refers to mymotor.o(i.turnRight) for turnRight
    main.o(i.tMotorThread) refers to mymotor.o(i.rightForward) for rightForward
    main.o(i.tMotorThread) refers to mymotor.o(i.rightReverse) for rightReverse
    main.o(i.tMotorThread) refers to mymotor.o(i.leftReverse) for leftReverse
    main.o(i.tMotorThread) refers to mymotor.o(i.leftForward) for leftForward
    main.o(i.tMotorThread) refers to mymotor.o(i.stop) for stop
    main.o(i.tMotorThread) refers to mybasic.o(.data) for moveSem
    main.o(i.tMotorThread) refers to myuart.o(.data) for userSignal
    main.o(i.tRearLED) refers to main.o(i.isMoving) for isMoving
    main.o(i.tRearLED) refers to myled.o(i.flashRED_Moving) for flashRED_Moving
    main.o(i.tRearLED) refers to myled.o(i.flashRED_Stationery) for flashRED_Stationery
    myled.o(i.flashGREEN_Twice) refers to mybasic.o(i.delay) for delay
    myled.o(i.flashRED_Moving) refers to rtx_delay.o(.text.osDelay) for osDelay
    myled.o(i.flashRED_Stationery) refers to rtx_delay.o(.text.osDelay) for osDelay
    myled.o(i.offLEDModules) refers to myled.o(i.offFrontLED) for offFrontLED
    myled.o(i.offLEDModules) refers to myled.o(i.offRearLED) for offRearLED
    myled.o(i.runningGREEN_Moving) refers to rtx_delay.o(.text.osDelay) for osDelay
    myled.o(i.runningGREEN_Moving) refers to myled.o(.data) for green_led
    myuart.o(i.UART2_IRQHandler) refers to myuart.o(i.__NVIC_ClearPendingIRQ) for __NVIC_ClearPendingIRQ
    myuart.o(i.UART2_IRQHandler) refers to rtx_semaphore.o(.text.osSemaphoreRelease) for osSemaphoreRelease
    myuart.o(i.UART2_IRQHandler) refers to mybasic.o(.data) for brainSem
[...]
    .ARM.Collect$$rtentry$$0000000D          0x0000013a   Section        8  __rtentry2.o(.ARM.Collect$$rtentry$$0000000D)
    .ARM.Collect$$rtexit$$00000000           0x00000142   Section        2  rtexit.o(.ARM.Collect$$rtexit$$00000000)
    .ARM.Collect$$rtexit$$00000002           0x00000144   Section        0  rtexit2.o(.ARM.Collect$$rtexit$$00000002)
    .ARM.Collect$$rtexit$$00000003           0x00000144   Section        4  rtexit2.o(.ARM.Collect$$rtexit$$00000003)
    .ARM.Collect$$rtexit$$00000004           0x00000148   Section        6  rtexit2.o(.ARM.Collect$$rtexit$$00000004)
    .emb_text                                0x00000150   Section       56  rt_memcpy.o(.emb_text)
    .text                                    0x00000188   Section       64  startup_mkl25z4.o(.text)
    .text                                    0x000001c8   Section      164  irq_cm0.o(.text)
    .text                                    0x0000026c   Section        0  rt_memcpy.o(.text)
    .text                                    0x000002ee   Section        0  rt_memclr.o(.text)
    .text                                    0x0000032e   Section        0  heapauxi.o(.text)
    .text                                    0x00000334   Section        0  dfixi.o(.text)
    .text                                    0x000003a0   Section        0  dflti.o(.text)
    .text                                    0x000003f8   Section        8  libspace.o(.text)
    .ARM.__at_0x400                          0x00000400   Section       16  startup_mkl25z4.o(.ARM.__at_0x400)
    .text                                    0x00000410   Section      346  aeabi_sdiv.o(.text)
    .text                                    0x0000056c   Section        0  dmul.o(.text)
    .text                                    0x000007b4   Section        0  f2d.o(.text)
    .text                                    0x00000808   Section        0  fflti.o(.text)
    .text                                    0x00000866   Section       62  sys_stackheap_outer.o(.text)
    .text                                    0x000008a4   Section        0  exit.o(.text)
    .text                                    0x000008b4   Section        0  sys_exit.o(.text)
    .text                                    0x000008c0   Section        2  use_no_semi.o(.text)
    .text                                    0x000008c2   Section        0  __dczerorl2.o(.text)
    .text                                    0x000008c2   Section        0  indicate_semi.o(.text)
    [Anonymous Symbol]                       0x00000918   Section        0  rtx_msgqueue.o(.text.MessageQueueGet)
    MessageQueueGet                          0x00000919   Thumb Code    76  rtx_msgqueue.o(.text.MessageQueueGet)
    [Anonymous Symbol]                       0x00000964   Section        0  rtx_msgqueue.o(.text.MessageQueuePut)
    MessageQueuePut                          0x00000965   Thumb Code    98  rtx_msgqueue.o(.text.MessageQueuePut)
    [Anonymous Symbol]                       0x000009c6   Section        0  rtx_msgqueue.o(.text.MessageQueueRemove)
    MessageQueueRemove                       0x000009c7   Thumb Code    30  rtx_msgqueue.o(.text.MessageQueueRemove)
    [Anonymous Symbol]                       0x000009e4   Section        0  os_systick.o(.text.OS_Tick_AcknowledgeIRQ)
    __arm_cp.3_0                             0x000009ec   Number         4  os_systick.o(.text.OS_Tick_AcknowledgeIRQ)
    [Anonymous Symbol]                       0x000009f0   Section        0  os_systick.o(.text.OS_Tick_Enable)
    __arm_cp.1_0                             0x00000a10   Number         4  os_systick.o(.text.OS_Tick_Enable)
    __arm_cp.1_1                             0x00000a14   Number         4  os_systick.o(.text.OS_Tick_Enable)
    __arm_cp.1_2                             0x00000a18   Number         4  os_systick.o(.text.OS_Tick_Enable)
    [Anonymous Symbol]                       0x00000a1c   Section        0  os_systick.o(.text.OS_Tick_GetIRQn)
    [Anonymous Symbol]                       0x00000a24   Section        0  os_systick.o(.text.OS_Tick_Setup)
    __arm_cp.0_0                             0x00000a60   Number         4  os_systick.o(.text.OS_Tick_Setup)
    __arm_cp.0_1                             0x00000a64   Number         4  os_systick.o(.text.OS_Tick_Setup)
    __arm_cp.0_2                             0x00000a68   Number         4  os_systick.o(.text.OS_Tick_Setup)
    __arm_cp.0_3                             0x00000a6c   Number         4  os_systick.o(.text.OS_Tick_Setup)
    [Anonymous Symbol]                       0x00000a70   Section        0  rtx_semaphore.o(.text.SemaphoreTokenDecrement)
    SemaphoreTokenDecrement                  0x00000a71   Thumb Code    36  rtx_semaphore.o(.text.SemaphoreTokenDecrement)
    [Anonymous Symbol]                       0x00000a94   Section        0  rtx_semaphore.o(.text.SemaphoreTokenIncrement)
    SemaphoreTokenIncrement                  0x00000a95   Thumb Code    38  rtx_semaphore.o(.text.SemaphoreTokenIncrement)
    [Anonymous Symbol]                       0x00000aba   Section        0  rtx_thread.o(.text.ThreadFlagsCheck)
    ThreadFlagsCheck                         0x00000abb   Thumb Code    78  rtx_thread.o(.text.ThreadFlagsCheck)
    [Anonymous Symbol]                       0x00000b08   Section        0  rtx_timer.o(.text.TimerInsert)
    TimerInsert                              0x00000b09   Thumb Code    76  rtx_timer.o(.text.TimerInsert)
    __arm_cp.8_0                             0x00000b50   Number         4  rtx_timer.o(.text.TimerInsert)
    [Anonymous Symbol]                       0x00000b54   Section        0  rtx_delay.o(.text.osDelay)
    __arm_cp.0_0                             0x00000b78   Number         4  rtx_delay.o(.text.osDelay)
    [Anonymous Symbol]                       0x00000b7c   Section        0  rtx_kernel.o(.text.osKernelGetState)
    __arm_cp.4_0                             0x00000ba4   Number         4  rtx_kernel.o(.text.osKernelGetState)
    __arm_cp.4_1                             0x00000ba8   Number         4  rtx_kernel.o(.text.osKernelGetState)
    [Anonymous Symbol]                       0x00000bac   Section        0  rtx_kernel.o(.text.osKernelInitialize)
    __arm_cp.1_0                             0x00000bd0   Number         4  rtx_kernel.o(.text.osKernelInitialize)
    [Anonymous Symbol]                       0x00000bd4   Section        0  rtx_kernel.o(.text.osKernelStart)
    __arm_cp.6_0                             0x00000bf4   Number         4  rtx_kernel.o(.text.osKernelStart)
    [Anonymous Symbol]                       0x00000bf8   Section        0  rtx_msgqueue.o(.text.osMessageQueueGet)
    __arm_cp.3_0                             0x00000c68   Number         4  rtx_msgqueue.o(.text.osMessageQueueGet)
    [Anonymous Symbol]                       0x00000c6c   Section        0  rtx_msgqueue.o(.text.osMessageQueueNew)
    __arm_cp.0_0                             0x00000c8c   Number         4  rtx_msgqueue.o(.text.osMessageQueueNew)
    [Anonymous Symbol]                       0x00000c90   Section        0  rtx_msgqueue.o(.text.osMessageQueuePut)
    __arm_cp.2_0                             0x00000d04   Number         4  rtx_msgqueue.o(.text.osMessageQueuePut)
    [Anonymous Symbol]                       0x00000d08   Section        0  rtx_mutex.o(.text.osMutexAcquire)
    __arm_cp.3_0                             0x00000d2c   Number         4  rtx_mutex.o(.text.osMutexAcquire)
    [Anonymous Symbol]                       0x00000d30   Section        0  rtx_mutex.o(.text.osMutexDelete)
    __arm_cp.6_0                             0x00000d54   Number         4  rtx_mutex.o(.text.osMutexDelete)
    [Anonymous Symbol]                       0x00000d58   Section        0  rtx_mutex.o(.text.osMutexNew)
    __arm_cp.1_0                             0x00000d78   Number         4  rtx_mutex.o(.text.osMutexNew)
    [Anonymous Symbol]                       0x00000d7c   Section        0  rtx_mutex.o(.text.osMutexRelease)
    __arm_cp.4_0                             0x00000da0   Number         4  rtx_mutex.o(.text.osMutexRelease)
    [Anonymous Symbol]                       0x00000da4   Section        0  rtx_kernel.o(.text.osRtxKernelPreInit)
    [Anonymous Symbol]                       0x00000da6   Section        0  rtx_memory.o(.text.osRtxMemoryAlloc)
    [Anonymous Symbol]                       0x00000e22   Section        0  rtx_memory.o(.text.osRtxMemoryFree)
    [Anonymous Symbol]                       0x00000e70   Section        0  rtx_memory.o(.text.osRtxMemoryInit)
    [Anonymous Symbol]                       0x00000ea2   Section        0  rtx_mempool.o(.text.osRtxMemoryPoolAlloc)
    [Anonymous Symbol]                       0x00000ed0   Section        0  rtx_mempool.o(.text.osRtxMemoryPoolFree)
    [Anonymous Symbol]                       0x00000f0a   Section        0  rtx_mempool.o(.text.osRtxMemoryPoolInit)
    [Anonymous Symbol]                       0x00000f48   Section        0  rtx_msgqueue.o(.text.osRtxMessageQueuePostProcess)
    osRtxMessageQueuePostProcess             0x00000f49   Thumb Code   188  rtx_msgqueue.o(.text.osRtxMessageQueuePostProcess)
    [Anonymous Symbol]                       0x00001004   Section        0  rtx_mutex.o(.text.osRtxMutexOwnerRelease)
    [Anonymous Symbol]                       0x00001048   Section        0  rtx_system.o(.text.osRtxPendSV_Handler)
    __arm_cp.1_0                             0x000010c4   Number         4  rtx_system.o(.text.osRtxPendSV_Handler)
    [Anonymous Symbol]                       0x000010c8   Section        0  rtx_system.o(.text.osRtxPostProcess)
    __arm_cp.2_0                             0x0000112c   Number         4  rtx_system.o(.text.osRtxPostProcess)
    __arm_cp.2_1                             0x00001130   Number         4  rtx_system.o(.text.osRtxPostProcess)
    [Anonymous Symbol]                       0x00001134   Section        0  rtx_semaphore.o(.text.osRtxSemaphorePostProcess)
    osRtxSemaphorePostProcess                0x00001135   Thumb Code    36  rtx_semaphore.o(.text.osRtxSemaphorePostProcess)
    [Anonymous Symbol]                       0x00001158   Section        0  rtx_thread.o(.text.osRtxThreadBlock)
    osRtxThreadBlock                         0x00001159   Thumb Code    56  rtx_thread.o(.text.osRtxThreadBlock)
    __arm_cp.10_0                            0x0000118c   Number         4  rtx_thread.o(.text.osRtxThreadBlock)
    [Anonymous Symbol]                       0x00001190   Section        0  rtx_thread.o(.text.osRtxThreadDelayInsert)
    osRtxThreadDelayInsert                   0x00001191   Thumb Code   128  rtx_thread.o(.text.osRtxThreadDelayInsert)
    __arm_cp.14_0                            0x0000120c   Number         4  rtx_thread.o(.text.osRtxThreadDelayInsert)
    [Anonymous Symbol]                       0x00001210   Section        0  rtx_thread.o(.text.osRtxThreadDelayRemove)
    osRtxThreadDelayRemove                   0x00001211   Thumb Code    68  rtx_thread.o(.text.osRtxThreadDelayRemove)
    __arm_cp.12_0                            0x00001250   Number         4  rtx_thread.o(.text.osRtxThreadDelayRemove)
    [Anonymous Symbol]                       0x00001254   Section        0  rtx_thread.o(.text.osRtxThreadDelayTick)
    __arm_cp.5_0                             0x00001288   Number         4  rtx_thread.o(.text.osRtxThreadDelayTick)
    [Anonymous Symbol]                       0x0000128c   Section        0  rtx_thread.o(.text.osRtxThreadDispatch)
    __arm_cp.9_0                             0x000012d8   Number         4  rtx_thread.o(.text.osRtxThreadDispatch)
    [Anonymous Symbol]                       0x000012dc   Section        0  rtx_thread.o(.text.osRtxThreadFree)
    osRtxThreadFree                          0x000012dd   Thumb Code    84  rtx_thread.o(.text.osRtxThreadFree)
    __arm_cp.52_0                            0x0000132c   Number         4  rtx_thread.o(.text.osRtxThreadFree)
    [Anonymous Symbol]                       0x00001330   Section        0  rtx_thread.o(.text.osRtxThreadListGet)
    [Anonymous Symbol]                       0x00001344   Section        0  rtx_thread.o(.text.osRtxThreadListPut)
    [Anonymous Symbol]                       0x00001370   Section        0  rtx_thread.o(.text.osRtxThreadListRemove)
    [Anonymous Symbol]                       0x00001388   Section        0  rtx_thread.o(.text.osRtxThreadListSort)
    [Anonymous Symbol]                       0x000013ae   Section        0  rtx_thread.o(.text.osRtxThreadPostProcess)
    osRtxThreadPostProcess                   0x000013af   Thumb Code    38  rtx_thread.o(.text.osRtxThreadPostProcess)
    [Anonymous Symbol]                       0x000013d4   Section        0  rtx_thread.o(.text.osRtxThreadReadyPut)
    __arm_cp.4_0                             0x000013e8   Number         4  rtx_thread.o(.text.osRtxThreadReadyPut)
    [Anonymous Symbol]                       0x000013ec   Section        0  rtx_thread.o(.text.osRtxThreadRegPtr)
    [Anonymous Symbol]                       0x000013f4   Section        0  rtx_thread.o(.text.osRtxThreadStackCheck)
    __arm_cp.8_0                             0x00001418   Number         4  rtx_thread.o(.text.osRtxThreadStackCheck)
    __arm_cp.8_1                             0x0000141c   Number         4  rtx_thread.o(.text.osRtxThreadStackCheck)
    [Anonymous Symbol]                       0x00001420   Section        0  rtx_thread.o(.text.osRtxThreadStartup)
    __arm_cp.15_0                            0x00001450   Number         4  rtx_thread.o(.text.osRtxThreadStartup)
    __arm_cp.15_1                            0x00001454   Number         4  rtx_thread.o(.text.osRtxThreadStartup)
    __arm_cp.15_2                            0x00001458   Number         4  rtx_thread.o(.text.osRtxThreadStartup)
    __arm_cp.15_3                            0x0000145c   Number         4  rtx_thread.o(.text.osRtxThreadStartup)
    [Anonymous Symbol]                       0x00001460   Section        0  rtx_thread.o(.text.osRtxThreadSwitch)
    __arm_cp.7_0                             0x00001470   Number         4  rtx_thread.o(.text.osRtxThreadSwitch)
    [Anonymous Symbol]                       0x00001474   Section        0  rtx_thread.o(.text.osRtxThreadWaitEnter)
    __arm_cp.13_0                            0x000014ac   Number         4  rtx_thread.o(.text.osRtxThreadWaitEnter)
    [Anonymous Symbol]                       0x000014b0   Section        0  rtx_thread.o(.text.osRtxThreadWaitExit)
    [Anonymous Symbol]                       0x000014d4   Section        0  rtx_system.o(.text.osRtxTick_Handler)
    __arm_cp.0_0                             0x00001544   Number         4  rtx_system.o(.text.osRtxTick_Handler)
    [Anonymous Symbol]                       0x00001548   Section        0  rtx_timer.o(.text.osRtxTimerThread)
    __arm_cp.0_0                             0x00001578   Number         4  rtx_timer.o(.text.osRtxTimerThread)
    __arm_cp.0_1                             0x0000157c   Number         4  rtx_timer.o(.text.osRtxTimerThread)
    __arm_cp.0_2                             0x00001580   Number         4  rtx_timer.o(.text.osRtxTimerThread)
    [Anonymous Symbol]                       0x00001584   Section        0  rtx_timer.o(.text.osRtxTimerTick)
    osRtxTimerTick                           0x00001585   Thumb Code    96  rtx_timer.o(.text.osRtxTimerTick)
    __arm_cp.1_0                             0x000015e0   Number         4  rtx_timer.o(.text.osRtxTimerTick)
    [Anonymous Symbol]                       0x000015e4   Section        0  rtx_semaphore.o(.text.osSemaphoreAcquire)
    __arm_cp.2_0                             0x00001624   Number         4  rtx_semaphore.o(.text.osSemaphoreAcquire)
    [Anonymous Symbol]                       0x00001628   Section        0  rtx_semaphore.o(.text.osSemaphoreNew)
    __arm_cp.0_0                             0x00001648   Number         4  rtx_semaphore.o(.text.osSemaphoreNew)
    [Anonymous Symbol]                       0x0000164c   Section        0  rtx_semaphore.o(.text.osSemaphoreRelease)
    __arm_cp.3_0                             0x00001694   Number         4  rtx_semaphore.o(.text.osSemaphoreRelease)
    [Anonymous Symbol]                       0x00001698   Section        0  rtx_thread.o(.text.osThreadExit)
    __arm_cp.31_0                            0x000016a0   Number         4  rtx_thread.o(.text.osThreadExit)
    [Anonymous Symbol]                       0x000016a4   Section        0  rtx_thread.o(.text.osThreadNew)
    __arm_cp.17_0                            0x000016c4   Number         4  rtx_thread.o(.text.osThreadNew)
    [Anonymous Symbol]                       0x000016c8   Section        0  rtx_delay.o(.text.svcRtxDelay)
    svcRtxDelay                              0x000016c9   Thumb Code    18  rtx_delay.o(.text.svcRtxDelay)
    [Anonymous Symbol]                       0x000016dc   Section        0  rtx_kernel.o(.text.svcRtxKernelGetState)
    svcRtxKernelGetState                     0x000016dd   Thumb Code    12  rtx_kernel.o(.text.svcRtxKernelGetState)
    __arm_cp.5_0                             0x000016e4   Number         4  rtx_kernel.o(.text.svcRtxKernelGetState)
    [Anonymous Symbol]                       0x000016e8   Section        0  rtx_kernel.o(.text.svcRtxKernelInitialize)
    svcRtxKernelInitialize                   0x000016e9   Thumb Code   328  rtx_kernel.o(.text.svcRtxKernelInitialize)
    __arm_cp.20_0                            0x00001824   Number         4  rtx_kernel.o(.text.svcRtxKernelInitialize)
    __arm_cp.20_1                            0x00001828   Number         4  rtx_kernel.o(.text.svcRtxKernelInitialize)
    __arm_cp.20_2                            0x0000182c   Number         4  rtx_kernel.o(.text.svcRtxKernelInitialize)
    [Anonymous Symbol]                       0x00001830   Section        0  rtx_kernel.o(.text.svcRtxKernelStart)
    svcRtxKernelStart                        0x00001831   Thumb Code   132  rtx_kernel.o(.text.svcRtxKernelStart)
    __arm_cp.21_0                            0x000018a4   Number         4  rtx_kernel.o(.text.svcRtxKernelStart)
    __arm_cp.21_1                            0x000018a8   Number         4  rtx_kernel.o(.text.svcRtxKernelStart)
    __arm_cp.21_2                            0x000018ac   Number         4  rtx_kernel.o(.text.svcRtxKernelStart)
    __arm_cp.21_3                            0x000018b0   Number         4  rtx_kernel.o(.text.svcRtxKernelStart)
    [Anonymous Symbol]                       0x000018b4   Section        0  rtx_msgqueue.o(.text.svcRtxMessageQueueGet)
    svcRtxMessageQueueGet                    0x000018b5   Thumb Code   232  rtx_msgqueue.o(.text.svcRtxMessageQueueGet)
    __arm_cp.21_0                            0x00001998   Number         4  rtx_msgqueue.o(.text.svcRtxMessageQueueGet)
    [Anonymous Symbol]                       0x0000199c   Section        0  rtx_msgqueue.o(.text.svcRtxMessageQueueNew)
    svcRtxMessageQueueNew                    0x0000199d   Thumb Code   484  rtx_msgqueue.o(.text.svcRtxMessageQueueNew)
    __arm_cp.14_0                            0x00001b68   Number         4  rtx_msgqueue.o(.text.svcRtxMessageQueueNew)
    __arm_cp.14_1                            0x00001b6c   Number         4  rtx_msgqueue.o(.text.svcRtxMessageQueueNew)
    __arm_cp.14_2                            0x00001b70   Number         4  rtx_msgqueue.o(.text.svcRtxMessageQueueNew)
    __arm_cp.14_3                            0x00001b74   Number         4  rtx_msgqueue.o(.text.svcRtxMessageQueueNew)
    __arm_cp.14_4                            0x00001b78   Number         4  rtx_msgqueue.o(.text.svcRtxMessageQueueNew)
    __arm_cp.14_5                            0x00001b7c   Number         4  rtx_msgqueue.o(.text.svcRtxMessageQueueNew)
    [Anonymous Symbol]                       0x00001b80   Section        0  rtx_msgqueue.o(.text.svcRtxMessageQueuePut)
    svcRtxMessageQueuePut                    0x00001b81   Thumb Code   188  rtx_msgqueue.o(.text.svcRtxMessageQueuePut)
    __arm_cp.19_0                            0x00001c38   Number         4  rtx_msgqueue.o(.text.svcRtxMessageQueuePut)
    [Anonymous Symbol]                       0x00001c3c   Section        0  rtx_mutex.o(.text.svcRtxMutexAcquire)
    svcRtxMutexAcquire                       0x00001c3d   Thumb Code   152  rtx_mutex.o(.text.svcRtxMutexAcquire)
    __arm_cp.9_0                             0x00001cd0   Number         4  rtx_mutex.o(.text.svcRtxMutexAcquire)
    [Anonymous Symbol]                       0x00001cd4   Section        0  rtx_mutex.o(.text.svcRtxMutexDelete)
    svcRtxMutexDelete                        0x00001cd5   Thumb Code   188  rtx_mutex.o(.text.svcRtxMutexDelete)
    __arm_cp.12_0                            0x00001d8c   Number         4  rtx_mutex.o(.text.svcRtxMutexDelete)
    [Anonymous Symbol]                       0x00001d90   Section        0  rtx_mutex.o(.text.svcRtxMutexNew)
    svcRtxMutexNew                           0x00001d91   Thumb Code   112  rtx_mutex.o(.text.svcRtxMutexNew)
    __arm_cp.7_0                             0x00001dfc   Number         4  rtx_mutex.o(.text.svcRtxMutexNew)
    [Anonymous Symbol]                       0x00001e00   Section        0  rtx_mutex.o(.text.svcRtxMutexRelease)
    svcRtxMutexRelease                       0x00001e01   Thumb Code   192  rtx_mutex.o(.text.svcRtxMutexRelease)
    __arm_cp.10_0                            0x00001ebc   Number         4  rtx_mutex.o(.text.svcRtxMutexRelease)
    [Anonymous Symbol]                       0x00001ec0   Section        0  rtx_semaphore.o(.text.svcRtxSemaphoreAcquire)
    svcRtxSemaphoreAcquire                   0x00001ec1   Thumb Code    76  rtx_semaphore.o(.text.svcRtxSemaphoreAcquire)
    __arm_cp.11_0                            0x00001f08   Number         4  rtx_semaphore.o(.text.svcRtxSemaphoreAcquire)
    [Anonymous Symbol]                       0x00001f0c   Section        0  rtx_semaphore.o(.text.svcRtxSemaphoreNew)
    svcRtxSemaphoreNew                       0x00001f0d   Thumb Code   136  rtx_semaphore.o(.text.svcRtxSemaphoreNew)
    __arm_cp.7_0                             0x00001f88   Number         4  rtx_semaphore.o(.text.svcRtxSemaphoreNew)
    __arm_cp.7_1                             0x00001f8c   Number         4  rtx_semaphore.o(.text.svcRtxSemaphoreNew)
    __arm_cp.7_2                             0x00001f90   Number         4  rtx_semaphore.o(.text.svcRtxSemaphoreNew)
    [Anonymous Symbol]                       0x00001f94   Section        0  rtx_semaphore.o(.text.svcRtxSemaphoreRelease)
    svcRtxSemaphoreRelease                   0x00001f95   Thumb Code    56  rtx_semaphore.o(.text.svcRtxSemaphoreRelease)
    [Anonymous Symbol]                       0x00001fcc   Section        0  rtx_thread.o(.text.svcRtxThreadExit)
    svcRtxThreadExit                         0x00001fcd   Thumb Code   108  rtx_thread.o(.text.svcRtxThreadExit)
    __arm_cp.54_0                            0x00002034   Number         4  rtx_thread.o(.text.svcRtxThreadExit)
    [Anonymous Symbol]                       0x00002038   Section        0  rtx_thread.o(.text.svcRtxThreadNew)
    svcRtxThreadNew                          0x00002039   Thumb Code   492  rtx_thread.o(.text.svcRtxThreadNew)
    __arm_cp.16_0                            0x0000220c   Number         4  rtx_thread.o(.text.svcRtxThreadNew)
    __arm_cp.16_1                            0x00002210   Number         4  rtx_thread.o(.text.svcRtxThreadNew)
    __arm_cp.16_2                            0x00002214   Number         4  rtx_thread.o(.text.svcRtxThreadNew)
    __arm_cp.16_3                            0x00002218   Number         4  rtx_thread.o(.text.svcRtxThreadNew)
    __arm_cp.16_4                            0x0000221c   Number         4  rtx_thread.o(.text.svcRtxThreadNew)
    __arm_cp.16_5                            0x00002220   Number         4  rtx_thread.o(.text.svcRtxThreadNew)
    i.SystemCoreClockUpdate                  0x00002224   Section        0  system_mkl25z4.o(i.SystemCoreClockUpdate)
    i.SystemInit                             0x000023b4   Section        0  system_mkl25z4.o(i.SystemInit)
    i.UART2_IRQHandler                       0x000024ec   Section        0  myuart.o(i.UART2_IRQHandler)
    i.__ARM_common_switch8                   0x00002520   Section        0  main.o(i.__ARM_common_switch8)
    i.__NVIC_ClearPendingIRQ                 0x0000253c   Section        0  myuart.o(i.__NVIC_ClearPendingIRQ)
    __NVIC_ClearPendingIRQ                   0x0000253d   Thumb Code    18  myuart.o(i.__NVIC_ClearPendingIRQ)
    i.__NVIC_SetPriority                     0x00002554   Section        0  myuart.o(i.__NVIC_SetPriority)
    __NVIC_SetPriority                       0x00002555   Thumb Code   110  myuart.o(i.__NVIC_SetPriority)
    i._mutex_acquire                         0x000025cc   Section        0  rtx_lib.o(i._mutex_acquire)
    __tagsym$$used                           0x000025cd   Number         0  rtx_lib.o(i._mutex_acquire)
    i._mutex_free                            0x000025e4   Section        0  rtx_lib.o(i._mutex_free)
    __tagsym$$used                           0x000025e5   Number         0  rtx_lib.o(i._mutex_free)
    i._mutex_initialize                      0x000025f0   Section        0  rtx_lib.o(i._mutex_initialize)
    __tagsym$$used                           0x000025f1   Number         0  rtx_lib.o(i._mutex_initialize)
    i._mutex_release                         0x00002614   Section        0  rtx_lib.o(i._mutex_release)
    __tagsym$$used                           0x00002615   Number         0  rtx_lib.o(i._mutex_release)
    i._platform_post_stackheap_init          0x00002628   Section        0  rtx_lib.o(i._platform_post_stackheap_init)
    i.bluetoothConnected                     0x00002630   Section        0  main.o(i.bluetoothConnected)
    i.delay                                  0x00002650   Section        0  mybasic.o(i.delay)
    i.delay100x                              0x00002664   Section        0  mysound.o(i.delay100x)
    delay100x                                0x00002665   Thumb Code    20  mysound.o(i.delay100x)
    i.flashGREEN_Twice                       0x00002678   Section        0  myled.o(i.flashGREEN_Twice)
    i.forward                                0x000026d8   Section        0  mymotor.o(i.forward)
    i.initLED                                0x000026fc   Section        0  myled.o(i.initLED)
    i.initPWM                                0x00002838   Section        0  mypwm.o(i.initPWM)
    i.isMoving                               0x00002a44   Section        0  main.o(i.isMoving)
    i.leftForward                            0x00002ab0   Section        0  mymotor.o(i.leftForward)
    i.leftReverse                            0x00002ad4   Section        0  mymotor.o(i.leftReverse)
    i.main                                   0x00002af8   Section        0  main.o(i.main)
    i.offFrontLED                            0x00002b98   Section        0  myled.o(i.offFrontLED)
    i.offLEDModules                          0x00002bbc   Section        0  myled.o(i.offLEDModules)
    i.offRearLED                             0x00002bc8   Section        0  myled.o(i.offRearLED)
    i.osRtxErrorNotify                       0x00002bdc   Section        0  rtx_config.o(i.osRtxErrorNotify)
    i.osRtxIdleThread                        0x00002bfc   Section        0  rtx_config.o(i.osRtxIdleThread)
    i.os_kernel_is_active                    0x00002c00   Section        0  rtx_lib.o(i.os_kernel_is_active)
    os_kernel_is_active                      0x00002c01   Thumb Code    30  rtx_lib.o(i.os_kernel_is_active)
    i.playConnectSong                        0x00002c24   Section        0  mysound.o(i.playConnectSong)
    i.playEndSong                            0x00002cf8   Section        0  mysound.o(i.playEndSong)
    i.playRaceSong                           0x00002dcc   Section        0  mysound.o(i.playRaceSong)
    i.reverse                                0x00002e34   Section        0  mymotor.o(i.reverse)
    i.rightForward                           0x00002e58   Section        0  mymotor.o(i.rightForward)
    i.rightReverse                           0x00002e7c   Section        0  mymotor.o(i.rightReverse)
    i.runningGREEN_Moving                    0x00002ea0   Section        0  myled.o(i.runningGREEN_Moving)
    i.setupUART2                             0x00002f18   Section        0  myuart.o(i.setupUART2)
    i.solidGREEN_Stationery                  0x00002fd4   Section        0  myled.o(i.solidGREEN_Stationery)
    i.stop                                   0x00002ff8   Section        0  mymotor.o(i.stop)
    i.tAudio                                 0x00003020   Section        0  main.o(i.tAudio)
    i.tBrainThread                           0x0000303c   Section        0  main.o(i.tBrainThread)
    i.tFrontLED                              0x0000308c   Section        0  main.o(i.tFrontLED)
    i.tMotorThread                           0x000030b4   Section        0  main.o(i.tMotorThread)
    i.turnLeft                               0x00003120   Section        0  mymotor.o(i.turnLeft)
    i.turnRight                              0x00003144   Section        0  mymotor.o(i.turnRight)
    .constdata                               0x00003168   Section       72  main.o(.constdata)
    x$fpl$usenofp                            0x00003168   Section        0  usenofp.o(x$fpl$usenofp)
    .constdata                               0x000031b0   Section      100  rtx_lib.o(.constdata)
    os_idle_thread_attr                      0x000031b0   Data          36  rtx_lib.o(.constdata)
    os_timer_thread_attr                     0x000031d4   Data          36  rtx_lib.o(.constdata)
    os_timer_mq_attr                         0x000031f8   Data          24  rtx_lib.o(.constdata)
    .constdata                               0x00003214   Section        1  irq_cm0.o(.constdata)
    .rodata                                  0x00003218   Section      160  rtx_lib.o(.rodata)
    __tagsym$$used                           0x00003218   Number         0  rtx_lib.o(.rodata)
    __tagsym$$used                           0x00003280   Number         0  rtx_lib.o(.rodata)
    [Anonymous Symbol]                       0x000032b8   Section        0  rtx_kernel.o(.rodata.str1.4)
    .L.str                                   0x000032b8   Data          11  rtx_kernel.o(.rodata.str1.4)
    .bss.os                                  0x1ffff000   Section     4160  rtx_lib.o(.bss.os)
    os_mem                                   0x1ffff000   Data        4096  rtx_lib.o(.bss.os)
    os_isr_queue                             0x20000000   Data          64  rtx_lib.o(.bss.os)
    .bss.os.msgqueue.cb                      0x20000040   Section       52  rtx_lib.o(.bss.os.msgqueue.cb)
    os_timer_mq_cb                           0x20000040   Data          52  rtx_lib.o(.bss.os.msgqueue.cb)
    .bss.os.msgqueue.mem                     0x20000074   Section       80  rtx_lib.o(.bss.os.msgqueue.mem)
    os_timer_mq_data                         0x20000074   Data          80  rtx_lib.o(.bss.os.msgqueue.mem)
    .bss.os.thread.cb                        0x200000c4   Section      136  rtx_lib.o(.bss.os.thread.cb)
    os_idle_thread_cb                        0x200000c4   Data          68  rtx_lib.o(.bss.os.thread.cb)
    os_timer_thread_cb                       0x20000108   Data          68  rtx_lib.o(.bss.os.thread.cb)
    .bss.os.thread.stack                     0x20000150   Section      512  rtx_lib.o(.bss.os.thread.stack)
    os_idle_thread_stack                     0x20000150   Data         256  rtx_lib.o(.bss.os.thread.stack)
    os_timer_thread_stack                    0x20000250   Data         256  rtx_lib.o(.bss.os.thread.stack)
    .data                                    0x20000350   Section        1  main.o(.data)
    .data                                    0x20000351   Section        8  myled.o(.data)
    .data                                    0x20000359   Section        1  myuart.o(.data)
    .data                                    0x2000035c   Section        8  mybasic.o(.data)
    .data                                    0x20000364   Section      996  mysound.o(.data)
    .data                                    0x20000748   Section        5  rtx_lib.o(.data)
    os_kernel_active                         0x2000074c   Data           1  rtx_lib.o(.data)
    .data                                    0x20000750   Section        4  system_mkl25z4.o(.data)
    .bss                                     0x200007f8   Section       96  libspace.o(.bss)
    [Anonymous Symbol]                       0x20000858   Section        0  os_systick.o(.bss.PendST)
    PendST                                   0x20000858   Data           1  os_systick.o(.bss.PendST)
    HEAP                                     0x20000860   Section        0  startup_mkl25z4.o(HEAP)
    STACK                                    0x20000860   Section      256  startup_mkl25z4.o(STACK)
    Heap_Mem                                 0x20000860   Data           0  startup_mkl25z4.o(HEAP)
    Stack_Mem                                0x20000860   Data         256  startup_mkl25z4.o(STACK)
    __initial_sp                             0x20000960   Data           0  startup_mkl25z4.o(STACK)

    Global Symbols

    Symbol Name                              Value     Ov Type        Size  Object(Section)

    BuildAttributes$$THM_ISAv3M$S$PE$A:L22$X:L11$S22$IEEE1$IW$~IW$USESV6$~STKCKD$USESV7$~SHL$OSPACE$ROPI$EBA8$UX$STANDARDLIB$REQ8$PRES8$EABIv2 0x00000000   Number         0  anon$$obj.o ABSOLUTE
    __ARM_use_no_argv                        0x00000000   Number         0  main.o ABSOLUTE
    __Vectors                                0x00000000   Data           4  startup_mkl25z4.o(RESET)
    .bss.os.evflags.cb$$Base                  - Undefined Weak Reference
    .bss.os.evflags.cb$$Limit                 - Undefined Weak Reference
    .bss.os.mempool.cb$$Base                  - Undefined Weak Reference
    .bss.os.mempool.cb$$Limit                 - Undefined Weak Reference
    .bss.os.mutex.cb$$Base                    - Undefined Weak Reference
    .bss.os.mutex.cb$$Limit                   - Undefined Weak Reference
    .bss.os.semaphore.cb$$Base                - Undefined Weak Reference
    .bss.os.semaphore.cb$$Limit               - Undefined Weak Reference
    .bss.os.timer.cb$$Base                    - Undefined Weak Reference
    .bss.os.timer.cb$$Limit                   - Undefined Weak Reference
    __ARM_exceptions_init                     - Undefined Weak Reference
    __alloca_initialize                       - Undefined Weak Reference
    __arm_preinit_                            - Undefined Weak Reference
    __cpp_initialize__aeabi_                  - Undefined Weak Reference
    __cxa_finalize                            - Undefined Weak Reference
    __rt_locale                               - Undefined Weak Reference
    __sigvec_lookup                           - Undefined Weak Reference
    _atexit_init                              - Undefined Weak Reference
    _call_atexit_fns                          - Undefined Weak Reference
    _clock_init                               - Undefined Weak Reference
    _fp_trap_init                             - Undefined Weak Reference
    _fp_trap_shutdown                         - Undefined Weak Reference
    _get_lc_collate                           - Undefined Weak Reference
    _get_lc_ctype                             - Undefined Weak Reference
    _get_lc_monetary                          - Undefined Weak Reference
    _get_lc_numeric                           - Undefined Weak Reference
    _get_lc_time                              - Undefined Weak Reference
    _getenv_init                              - Undefined Weak Reference
    _handle_redirection                       - Undefined Weak Reference
    _init_alloc                               - Undefined Weak Reference
    _init_user_alloc                          - Undefined Weak Reference
    _initio                                   - Undefined Weak Reference
    _rand_init                                - Undefined Weak Reference
    _signal_finish                            - Undefined Weak Reference
    _signal_init                              - Undefined Weak Reference
    _terminate_alloc                          - Undefined Weak Reference
    _terminate_user_alloc                     - Undefined Weak Reference
    _terminateio                              - Undefined Weak Reference
    __Vectors_End                            0x000000c0   Data           0  startup_mkl25z4.o(RESET)
    __Vectors_Size                           0x000000c0   Number         0  startup_mkl25z4.o ABSOLUTE
    __main                                   0x000000c1   Thumb Code     8  __main.o(!!!main)
    __scatterload                            0x000000c9   Thumb Code     0  __scatter.o(!!!scatter)
    __scatterload_rt2                        0x000000c9   Thumb Code    52  __scatter.o(!!!scatter)
    __scatterload_rt2_thumb_only             0x000000c9   Thumb Code     0  __scatter.o(!!!scatter)
    __scatterload_null                       0x000000d9   Thumb Code     0  __scatter.o(!!!scatter)
    __scatterload_zeroinit                   0x00000105   Thumb Code    28  __scatter_zi.o(!!handler_zi)
    __rt_lib_init                            0x00000121   Thumb Code     0  libinit.o(.ARM.Collect$$libinit$$00000000)
    __rt_lib_init_alloca_1                   0x00000123   Thumb Code     0  libinit2.o(.ARM.Collect$$libinit$$0000002E)
    __rt_lib_init_argv_1                     0x00000123   Thumb Code     0  libinit2.o(.ARM.Collect$$libinit$$0000002C)
    __rt_lib_init_atexit_1                   0x00000123   Thumb Code     0  libinit2.o(.ARM.Collect$$libinit$$0000001B)
    __rt_lib_init_clock_1                    0x00000123   Thumb Code     0  libinit2.o(.ARM.Collect$$libinit$$00000021)
    __rt_lib_init_cpp_1                      0x00000123   Thumb Code     0  libinit2.o(.ARM.Collect$$libinit$$00000032)
    __rt_lib_init_exceptions_1               0x00000123   Thumb Code     0  libinit2.o(.ARM.Collect$$libinit$$00000030)
    __rt_lib_init_fp_1                       0x00000123   Thumb Code     0  libinit2.o(.ARM.Collect$$libinit$$00000002)
    __rt_lib_init_fp_trap_1                  0x00000123   Thumb Code     0  libinit2.o(.ARM.Collect$$libinit$$0000001F)
    __rt_lib_init_getenv_1                   0x00000123   Thumb Code     0  libinit2.o(.ARM.Collect$$libinit$$00000023)
    __rt_lib_init_heap_1                     0x00000123   Thumb Code     0  libinit2.o(.ARM.Collect$$libinit$$0000000A)
    __rt_lib_init_lc_collate_1               0x00000123   Thumb Code     0  libinit2.o(.ARM.Collect$$libinit$$00000011)
    __rt_lib_init_lc_ctype_1                 0x00000123   Thumb Code     0  libinit2.o(.ARM.Collect$$libinit$$00000013)
    __rt_lib_init_lc_monetary_1              0x00000123   Thumb Code     0  libinit2.o(.ARM.Collect$$libinit$$00000015)
    __rt_lib_init_lc_numeric_1               0x00000123   Thumb Code     0  libinit2.o(.ARM.Collect$$libinit$$00000017)
    __rt_lib_init_lc_time_1                  0x00000123   Thumb Code     0  libinit2.o(.ARM.Collect$$libinit$$00000019)
    __rt_lib_init_preinit_1                  0x00000123   Thumb Code     0  libinit2.o(.ARM.Collect$$libinit$$00000004)
    __rt_lib_init_rand_1                     0x00000123   Thumb Code     0  libinit2.o(.ARM.Collect$$libinit$$0000000E)
    __rt_lib_init_return                     0x00000123   Thumb Code     0  libinit2.o(.ARM.Collect$$libinit$$00000033)
    __rt_lib_init_signal_1                   0x00000123   Thumb Code     0  libinit2.o(.ARM.Collect$$libinit$$0000001D)
    __rt_lib_init_stdio_1                    0x00000123   Thumb Code     0  libinit2.o(.ARM.Collect$$libinit$$00000025)
    __rt_lib_init_user_alloc_1               0x00000123   Thumb Code     0  libinit2.o(.ARM.Collect$$libinit$$0000000C)
    __rt_lib_shutdown                        0x00000125   Thumb Code     0  libshutdown.o(.ARM.Collect$$libshutdown$$00000000)
    __rt_lib_shutdown_cpp_1                  0x00000127   Thumb Code     0  libshutdown2.o(.ARM.Collect$$libshutdown$$00000002)
    __rt_lib_shutdown_fp_trap_1              0x00000127   Thumb Code     0  libshutdown2.o(.ARM.Collect$$libshutdown$$00000007)
    __rt_lib_shutdown_heap_1                 0x00000127   Thumb Code     0  libshutdown2.o(.ARM.Collect$$libshutdown$$0000000F)
    __rt_lib_shutdown_return                 0x00000127   Thumb Code     0  libshutdown2.o(.ARM.Collect$$libshutdown$$00000010)
    __rt_lib_shutdown_signal_1               0x00000127   Thumb Code     0  libshutdown2.o(.ARM.Collect$$libshutdown$$0000000A)
    __rt_lib_shutdown_stdio_1                0x00000127   Thumb Code     0  libshutdown2.o(.ARM.Collect$$libshutdown$$00000004)
    __rt_lib_shutdown_user_alloc_1           0x00000127   Thumb Code     0  libshutdown2.o(.ARM.Collect$$libshutdown$$0000000C)
    __rt_entry                               0x00000129   Thumb Code     0  __rtentry.o(.ARM.Collect$$rtentry$$00000000)
    __rt_entry_presh_1                       0x00000129   Thumb Code     0  __rtentry2.o(.ARM.Collect$$rtentry$$00000002)
    __rt_entry_sh                            0x00000129   Thumb Code     0  __rtentry4.o(.ARM.Collect$$rtentry$$00000004)
    __rt_entry_postsh_1                      0x0000012f   Thumb Code     0  __rtentry2.o(.ARM.Collect$$rtentry$$00000008)
    __rt_entry_li                            0x00000137   Thumb Code     0  __rtentry2.o(.ARM.Collect$$rtentry$$0000000A)
    __rt_entry_main                          0x0000013b   Thumb Code     0  __rtentry2.o(.ARM.Collect$$rtentry$$0000000D)
    __rt_entry_postli_1                      0x0000013b   Thumb Code     0  __rtentry2.o(.ARM.Collect$$rtentry$$0000000C)
    __rt_exit                                0x00000143   Thumb Code     0  rtexit.o(.ARM.Collect$$rtexit$$00000000)
    __rt_exit_ls                             0x00000145   Thumb Code     0  rtexit2.o(.ARM.Collect$$rtexit$$00000003)
    __rt_exit_prels_1                        0x00000145   Thumb Code     0  rtexit2.o(.ARM.Collect$$rtexit$$00000002)
    __rt_exit_exit                           0x00000149   Thumb Code     0  rtexit2.o(.ARM.Collect$$rtexit$$00000004)
    __aeabi_memcpy4                          0x00000151   Thumb Code    56  rt_memcpy.o(.emb_text)
    __aeabi_memcpy8                          0x00000151   Thumb Code     0  rt_memcpy.o(.emb_text)
    Reset_Handler                            0x00000189   Thumb Code    12  startup_mkl25z4.o(.text)
    NMI_Handler                              0x00000195   Thumb Code     2  startup_mkl25z4.o(.text)
    HardFault_Handler                        0x00000197   Thumb Code     2  startup_mkl25z4.o(.text)
    ADC0_IRQHandler                          0x0000019f   Thumb Code     0  startup_mkl25z4.o(.text)
    CMP0_IRQHandler                          0x0000019f   Thumb Code     0  startup_mkl25z4.o(.text)
    DAC0_IRQHandler                          0x0000019f   Thumb Code     0  startup_mkl25z4.o(.text)
    DMA0_IRQHandler                          0x0000019f   Thumb Code     0  startup_mkl25z4.o(.text)
    DMA1_IRQHandler                          0x0000019f   Thumb Code     0  startup_mkl25z4.o(.text)
    DMA2_IRQHandler                          0x0000019f   Thumb Code     0  startup_mkl25z4.o(.text)
    DMA3_IRQHandler                          0x0000019f   Thumb Code     0  startup_mkl25z4.o(.text)
    DefaultISR                               0x0000019f   Thumb Code     0  startup_mkl25z4.o(.text)
    FTFA_IRQHandler                          0x0000019f   Thumb Code     0  startup_mkl25z4.o(.text)
    I2C0_IRQHandler                          0x0000019f   Thumb Code     0  startup_mkl25z4.o(.text)
    I2C1_IRQHandler                          0x0000019f   Thumb Code     0  startup_mkl25z4.o(.text)
    LLWU_IRQHandler                          0x0000019f   Thumb Code     0  startup_mkl25z4.o(.text)
    LPTMR0_IRQHandler                        0x0000019f   Thumb Code     0  startup_mkl25z4.o(.text)
    LVD_LVW_IRQHandler                       0x0000019f   Thumb Code     0  startup_mkl25z4.o(.text)
    MCG_IRQHandler                           0x0000019f   Thumb Code     0  startup_mkl25z4.o(.text)
    PIT_IRQHandler                           0x0000019f   Thumb Code     0  startup_mkl25z4.o(.text)
    PORTA_IRQHandler                         0x0000019f   Thumb Code     0  startup_mkl25z4.o(.text)
    PORTD_IRQHandler                         0x0000019f   Thumb Code     0  startup_mkl25z4.o(.text)
    RTC_IRQHandler                           0x0000019f   Thumb Code     0  startup_mkl25z4.o(.text)
    RTC_Seconds_IRQHandler                   0x0000019f   Thumb Code     0  startup_mkl25z4.o(.text)
    Reserved20_IRQHandler                    0x0000019f   Thumb Code     0  startup_mkl25z4.o(.text)
    Reserved39_IRQHandler                    0x0000019f   Thumb Code     0  startup_mkl25z4.o(.text)
    Reserved45_IRQHandler                    0x0000019f   Thumb Code     0  startup_mkl25z4.o(.text)
    SPI0_IRQHandler                          0x0000019f   Thumb Code     0  startup_mkl25z4.o(.text)
    SPI1_IRQHandler                          0x0000019f   Thumb Code     0  startup_mkl25z4.o(.text)
    TPM0_IRQHandler                          0x0000019f   Thumb Code     0  startup_mkl25z4.o(.text)
    TPM1_IRQHandler                          0x0000019f   Thumb Code     0  startup_mkl25z4.o(.text)
    TPM2_IRQHandler                          0x0000019f   Thumb Code     0  startup_mkl25z4.o(.text)
    TSI0_IRQHandler                          0x0000019f   Thumb Code     0  startup_mkl25z4.o(.text)
    UART0_IRQHandler                         0x0000019f   Thumb Code     0  startup_mkl25z4.o(.text)
    UART1_IRQHandler                         0x0000019f   Thumb Code     0  startup_mkl25z4.o(.text)
    USB0_IRQHandler                          0x0000019f   Thumb Code     0  startup_mkl25z4.o(.text)
    __user_initial_stackheap                 0x000001a5   Thumb Code     0  startup_mkl25z4.o(.text)
    SVC_Handler                              0x000001c9   Thumb Code   132  irq_cm0.o(.text)
    PendSV_Handler                           0x0000024d   Thumb Code    12  irq_cm0.o(.text)
    SysTick_Handler                          0x00000259   Thumb Code    12  irq_cm0.o(.text)
    __aeabi_memcpy                           0x0000026d   Thumb Code   130  rt_memcpy.o(.text)
    __rt_memcpy                              0x0000026d   Thumb Code     0  rt_memcpy.o(.text)
    _memset_w                                0x000002ef   Thumb Code    26  rt_memclr.o(.text)
    _memset                                  0x00000309   Thumb Code    30  rt_memclr.o(.text)
    __aeabi_memclr                           0x00000327   Thumb Code     4  rt_memclr.o(.text)
    __rt_memclr                              0x00000327   Thumb Code     0  rt_memclr.o(.text)
    __aeabi_memclr4                          0x0000032b   Thumb Code     0  rt_memclr.o(.text)
    __aeabi_memclr8                          0x0000032b   Thumb Code     0  rt_memclr.o(.text)
    __rt_memclr_w                            0x0000032b   Thumb Code     4  rt_memclr.o(.text)
    __use_two_region_memory                  0x0000032f   Thumb Code     2  heapauxi.o(.text)
    __rt_heap_escrow$2region                 0x00000331   Thumb Code     2  heapauxi.o(.text)
    __rt_heap_expand$2region                 0x00000333   Thumb Code     2  heapauxi.o(.text)
    __aeabi_d2iz                             0x00000335   Thumb Code     0  dfixi.o(.text)
    _dfix                                    0x00000335   Thumb Code    98  dfixi.o(.text)
    __aeabi_i2d_normalise                    0x000003a1   Thumb Code    66  dflti.o(.text)
    __aeabi_i2d                              0x000003e3   Thumb Code    16  dflti.o(.text)
    _dflt                                    0x000003e3   Thumb Code     0  dflti.o(.text)
    __aeabi_ui2d                             0x000003f3   Thumb Code     6  dflti.o(.text)
    _dfltu                                   0x000003f3   Thumb Code     0  dflti.o(.text)
    __user_libspace                          0x000003f9   Thumb Code     8  libspace.o(.text)
    __user_perproc_libspace                  0x000003f9   Thumb Code     0  libspace.o(.text)
    __aeabi_uidiv                            0x00000411   Thumb Code     0  aeabi_sdiv.o(.text)
    __aeabi_uidivmod                         0x00000411   Thumb Code    20  aeabi_sdiv.o(.text)
    __aeabi_idiv                             0x00000425   Thumb Code     0  aeabi_sdiv.o(.text)
    __aeabi_idivmod                          0x00000425   Thumb Code   326  aeabi_sdiv.o(.text)
    __aeabi_dmul                             0x0000056d   Thumb Code     0  dmul.o(.text)
    _dmul                                    0x0000056d   Thumb Code   558  dmul.o(.text)
    __aeabi_f2d                              0x000007b5   Thumb Code     0  f2d.o(.text)
    _f2d                                     0x000007b5   Thumb Code    80  f2d.o(.text)
    __aeabi_i2f_normalise                    0x00000809   Thumb Code    72  fflti.o(.text)
    __aeabi_i2f                              0x00000851   Thumb Code    16  fflti.o(.text)
    _fflt                                    0x00000851   Thumb Code     0  fflti.o(.text)
    __aeabi_ui2f                             0x00000861   Thumb Code     6  fflti.o(.text)
    _ffltu                                   0x00000861   Thumb Code     0  fflti.o(.text)
    __user_setup_stackheap                   0x00000867   Thumb Code    62  sys_stackheap_outer.o(.text)
    exit                                     0x000008a5   Thumb Code    16  exit.o(.text)
    _sys_exit                                0x000008b5   Thumb Code     8  sys_exit.o(.text)
    __I$use$semihosting                      0x000008c1   Thumb Code     0  use_no_semi.o(.text)
    __use_no_semihosting_swi                 0x000008c1   Thumb Code     2  use_no_semi.o(.text)
    __decompress                             0x000008c3   Thumb Code     0  __dczerorl2.o(.text)
    __decompress1                            0x000008c3   Thumb Code    86  __dczerorl2.o(.text)
    __semihosting_library_function           0x000008c3   Thumb Code     0  indicate_semi.o(.text)
    OS_Tick_AcknowledgeIRQ                   0x000009e5   Thumb Code    12  os_systick.o(.text.OS_Tick_AcknowledgeIRQ)
    OS_Tick_Enable                           0x000009f1   Thumb Code    44  os_systick.o(.text.OS_Tick_Enable)
    OS_Tick_GetIRQn                          0x00000a1d   Thumb Code     6  os_systick.o(.text.OS_Tick_GetIRQn)
    OS_Tick_Setup                            0x00000a25   Thumb Code    76  os_systick.o(.text.OS_Tick_Setup)
    osDelay                                  0x00000b55   Thumb Code    40  rtx_delay.o(.text.osDelay)
    osKernelGetState                         0x00000b7d   Thumb Code    48  rtx_kernel.o(.text.osKernelGetState)
    osKernelInitialize                       0x00000bad   Thumb Code    40  rtx_kernel.o(.text.osKernelInitialize)
    osKernelStart                            0x00000bd5   Thumb Code    36  rtx_kernel.o(.text.osKernelStart)
    osMessageQueueGet                        0x00000bf9   Thumb Code   116  rtx_msgqueue.o(.text.osMessageQueueGet)
    osMessageQueueNew                        0x00000c6d   Thumb Code    36  rtx_msgqueue.o(.text.osMessageQueueNew)
    osMessageQueuePut                        0x00000c91   Thumb Code   120  rtx_msgqueue.o(.text.osMessageQueuePut)
    osMutexAcquire                           0x00000d09   Thumb Code    40  rtx_mutex.o(.text.osMutexAcquire)
    osMutexDelete                            0x00000d31   Thumb Code    40  rtx_mutex.o(.text.osMutexDelete)
    osMutexNew                               0x00000d59   Thumb Code    36  rtx_mutex.o(.text.osMutexNew)
    osMutexRelease                           0x00000d7d   Thumb Code    40  rtx_mutex.o(.text.osMutexRelease)
    osRtxKernelPreInit                       0x00000da5   Thumb Code     2  rtx_kernel.o(.text.osRtxKernelPreInit)
    osRtxMemoryAlloc                         0x00000da7   Thumb Code   124  rtx_memory.o(.text.osRtxMemoryAlloc)
    osRtxMemoryFree                          0x00000e23   Thumb Code    78  rtx_memory.o(.text.osRtxMemoryFree)
    osRtxMemoryInit                          0x00000e71   Thumb Code    50  rtx_memory.o(.text.osRtxMemoryInit)
    osRtxMemoryPoolAlloc                     0x00000ea3   Thumb Code    46  rtx_mempool.o(.text.osRtxMemoryPoolAlloc)
    osRtxMemoryPoolFree                      0x00000ed1   Thumb Code    58  rtx_mempool.o(.text.osRtxMemoryPoolFree)
    osRtxMemoryPoolInit                      0x00000f0b   Thumb Code    62  rtx_mempool.o(.text.osRtxMemoryPoolInit)
    osRtxMutexOwnerRelease                   0x00001005   Thumb Code    68  rtx_mutex.o(.text.osRtxMutexOwnerRelease)
    osRtxPendSV_Handler                      0x00001049   Thumb Code   128  rtx_system.o(.text.osRtxPendSV_Handler)
    osRtxPostProcess                         0x000010c9   Thumb Code   108  rtx_system.o(.text.osRtxPostProcess)
    osRtxThreadDelayTick                     0x00001255   Thumb Code    56  rtx_thread.o(.text.osRtxThreadDelayTick)
    osRtxThreadDispatch                      0x0000128d   Thumb Code    80  rtx_thread.o(.text.osRtxThreadDispatch)
    osRtxThreadListGet                       0x00001331   Thumb Code    20  rtx_thread.o(.text.osRtxThreadListGet)
    osRtxThreadListPut                       0x00001345   Thumb Code    44  rtx_thread.o(.text.osRtxThreadListPut)
    osRtxThreadListRemove                    0x00001371   Thumb Code    24  rtx_thread.o(.text.osRtxThreadListRemove)
    osRtxThreadListSort                      0x00001389   Thumb Code    38  rtx_thread.o(.text.osRtxThreadListSort)
    osRtxThreadReadyPut                      0x000013d5   Thumb Code    24  rtx_thread.o(.text.osRtxThreadReadyPut)
    osRtxThreadRegPtr                        0x000013ed   Thumb Code     6  rtx_thread.o(.text.osRtxThreadRegPtr)
    osRtxThreadStackCheck                    0x000013f5   Thumb Code    44  rtx_thread.o(.text.osRtxThreadStackCheck)
    osRtxThreadStartup                       0x00001421   Thumb Code    64  rtx_thread.o(.text.osRtxThreadStartup)
    osRtxThreadSwitch                        0x00001461   Thumb Code    20  rtx_thread.o(.text.osRtxThreadSwitch)
    osRtxThreadWaitEnter                     0x00001475   Thumb Code    60  rtx_thread.o(.text.osRtxThreadWaitEnter)
    osRtxThreadWaitExit                      0x000014b1   Thumb Code    34  rtx_thread.o(.text.osRtxThreadWaitExit)
    osRtxTick_Handler                        0x000014d5   Thumb Code   116  rtx_system.o(.text.osRtxTick_Handler)
    osRtxTimerThread                         0x00001549   Thumb Code    60  rtx_timer.o(.text.osRtxTimerThread)
    osSemaphoreAcquire                       0x000015e5   Thumb Code    68  rtx_semaphore.o(.text.osSemaphoreAcquire)
    osSemaphoreNew                           0x00001629   Thumb Code    36  rtx_semaphore.o(.text.osSemaphoreNew)
    osSemaphoreRelease                       0x0000164d   Thumb Code    76  rtx_semaphore.o(.text.osSemaphoreRelease)
    osThreadExit                             0x00001699   Thumb Code    12  rtx_thread.o(.text.osThreadExit)
    osThreadNew                              0x000016a5   Thumb Code    36  rtx_thread.o(.text.osThreadNew)
    SystemCoreClockUpdate                    0x00002225   Thumb Code   372  system_mkl25z4.o(i.SystemCoreClockUpdate)
    SystemInit                               0x000023b5   Thumb Code   266  system_mkl25z4.o(i.SystemInit)
    UART2_IRQHandler                         0x000024ed   Thumb Code    38  myuart.o(i.UART2_IRQHandler)
    __ARM_common_switch8                     0x00002521   Thumb Code    28  main.o(i.__ARM_common_switch8)
    _mutex_acquire                           0x000025cd   Thumb Code    24  rtx_lib.o(i._mutex_acquire)
    _mutex_free                              0x000025e5   Thumb Code    12  rtx_lib.o(i._mutex_free)
    _mutex_initialize                        0x000025f1   Thumb Code    36  rtx_lib.o(i._mutex_initialize)
    _mutex_release                           0x00002615   Thumb Code    20  rtx_lib.o(i._mutex_release)
    _platform_post_stackheap_init            0x00002629   Thumb Code     8  rtx_lib.o(i._platform_post_stackheap_init)
    bluetoothConnected                       0x00002631   Thumb Code    26  main.o(i.bluetoothConnected)
    delay                                    0x00002651   Thumb Code    20  mybasic.o(i.delay)
    flashGREEN_Twice                         0x00002679   Thumb Code    86  myled.o(i.flashGREEN_Twice)
    forward                                  0x000026d9   Thumb Code    22  mymotor.o(i.forward)
    initLED                                  0x000026fd   Thumb Code   292  myled.o(i.initLED)
    initPWM                                  0x00002839   Thumb Code   494  mypwm.o(i.initPWM)
    isMoving                                 0x00002a45   Thumb Code   100  main.o(i.isMoving)
    leftForward                              0x00002ab1   Thumb Code    24  mymotor.o(i.leftForward)
    leftReverse                              0x00002ad5   Thumb Code    24  mymotor.o(i.leftReverse)
    main                                     0x00002af9   Thumb Code   122  main.o(i.main)
    offFrontLED                              0x00002b99   Thumb Code    32  myled.o(i.offFrontLED)
    offLEDModules                            0x00002bbd   Thumb Code    12  myled.o(i.offLEDModules)
    offRearLED                               0x00002bc9   Thumb Code    14  myled.o(i.offRearLED)
    osRtxErrorNotify                         0x00002bdd   Thumb Code    32  rtx_config.o(i.osRtxErrorNotify)
    osRtxIdleThread                          0x00002bfd   Thumb Code     4  rtx_config.o(i.osRtxIdleThread)
    playConnectSong                          0x00002c25   Thumb Code   186  mysound.o(i.playConnectSong)
    playEndSong                              0x00002cf9   Thumb Code   186  mysound.o(i.playEndSong)
    playRaceSong                             0x00002dcd   Thumb Code    90  mysound.o(i.playRaceSong)
    reverse                                  0x00002e35   Thumb Code    22  mymotor.o(i.reverse)
    rightForward                             0x00002e59   Thumb Code    24  mymotor.o(i.rightForward)
    rightReverse                             0x00002e7d   Thumb Code    24  mymotor.o(i.rightReverse)
    runningGREEN_Moving                      0x00002ea1   Thumb Code   112  myled.o(i.runningGREEN_Moving)
    setupUART2                               0x00002f19   Thumb Code   168  myuart.o(i.setupUART2)
    solidGREEN_Stationery                    0x00002fd5   Thumb Code    32  myled.o(i.solidGREEN_Stationery)
    stop                                     0x00002ff9   Thumb Code    30  mymotor.o(i.stop)
    tAudio                                   0x00003021   Thumb Code    22  main.o(i.tAudio)
    tBrainThread                             0x0000303d   Thumb Code    66  main.o(i.tBrainThread)
    tFrontLED                                0x0000308d   Thumb Code    40  main.o(i.tFrontLED)
    tMotorThread                             0x000030b5   Thumb Code    98  main.o(i.tMotorThread)
    turnLeft                                 0x00003121   Thumb Code    22  mymotor.o(i.turnLeft)
    turnRight                                0x00003145   Thumb Code    22  mymotor.o(i.turnRight)
    __I$use$fp                               0x00003168   Number         0  usenofp.o(x$fpl$usenofp)
    maxPriority                              0x00003168   Data          36  main.o(.constdata)
    aboveNormPriority                        0x0000318c   Data          36  main.o(.constdata)
    osRtxUserSVC                             0x00003210   Data           4  rtx_lib.o(.constdata)
    irqRtxLib                                0x00003214   Data           1  irq_cm0.o(.constdata)
    osRtxConfig                              0x00003218   Data         104  rtx_lib.o(.rodata)
    os_cb_sections                           0x00003280   Data          56  rtx_lib.o(.rodata)
    Region$$Table$$Base                      0x000032c4   Number         0  anon$$obj.o(Region$$Table)
    Region$$Table$$Limit                     0x000032e4   Number         0  anon$$obj.o(Region$$Table)
    .bss.os.msgqueue.cb$$Base                0x20000040   Number         0  rtx_lib.o(.bss.os.msgqueue.cb)
    .bss.os.msgqueue.cb$$Limit               0x20000074   Number         0  rtx_lib.o(.bss.os.msgqueue.cb)
    .bss.os.thread.cb$$Base                  0x200000c4   Number         0  rtx_lib.o(.bss.os.thread.cb)
    .bss.os.thread.cb$$Limit                 0x2000014c   Number         0  rtx_lib.o(.bss.os.thread.cb)
    isMove                                   0x20000350   Data           1  main.o(.data)
    green_led                                0x20000351   Data           8  myled.o(.data)
    userSignal                               0x20000359   Data           1  myuart.o(.data)
    brainSem                                 0x2000035c   Data           4  mybasic.o(.data)
    moveSem                                  0x20000360   Data           4  mybasic.o(.data)
    tempo                                    0x20000364   Data           4  mysound.o(.data)
    starWarsMelody                           0x20000368   Data         592  mysound.o(.data)
    startSong                                0x200005b8   Data          96  mysound.o(.data)
    endSong                                  0x20000618   Data         304  mysound.o(.data)
    irqRtxLibRef                             0x20000748   Data           4  rtx_lib.o(.data)
    SystemCoreClock                          0x20000750   Data           4  system_mkl25z4.o(.data)
    osRtxInfo                                0x20000754   Data         164  rtx_kernel.o(.data.os)
    __libspace_start                         0x200007f8   Data          96  libspace.o(.bss)
    __temporary_stack_top$libspace           0x20000858   Data           0  libspace.o(.bss)



==============================================================================

Memory Map of the image

  Image Entry point : 0x00000189

  Load Region LR_1 (Base: 0x00000000, Size: 0x00004adc, Max: 0xffffffff, ABSOLUTE, COMPRESSED[0x00003418])

    Execution Region ER_RO (Exec base: 0x00000000, Load base: 0x00000000, Size: 0x000032e4, Max: 0xffffffff, ABSOLUTE)

    Exec Addr    Load Addr    Size         Type   Attr      Idx    E Section Name        Object

    0x00000000   0x00000000   0x000000c0   Data   RO          506    RESET               startup_mkl25z4.o
    0x000000c0   0x000000c0   0x00000008   Code   RO         1063  * !!!main             c_p.l(__main.o)
    0x000000c8   0x000000c8   0x0000003c   Code   RO         1243    !!!scatter          c_p.l(__scatter.o)
    0x00000104   0x00000104   0x0000001c   Code   RO         1245    !!handler_zi        c_p.l(__scatter_zi.o)
    0x00000120   0x00000120   0x00000002   Code   RO         1110    .ARM.Collect$$libinit$$00000000  c_p.l(libinit.o)
    0x00000122   0x00000122   0x00000000   Code   RO         1124    .ARM.Collect$$libinit$$00000002  c_p.l(libinit2.o)
    0x00000122   0x00000122   0x00000000   Code   RO         1126    .ARM.Collect$$libinit$$00000004  c_p.l(libinit2.o)
    0x00000122   0x00000122   0x00000000   Code   RO         1129    .ARM.Collect$$libinit$$0000000A  c_p.l(libinit2.o)
    0x00000122   0x00000122   0x00000000   Code   RO         1131    .ARM.Collect$$libinit$$0000000C  c_p.l(libinit2.o)
    0x00000122   0x00000122   0x00000000   Code   RO         1133    .ARM.Collect$$libinit$$0000000E  c_p.l(libinit2.o)
    0x00000122   0x00000122   0x00000000   Code   RO         1136    .ARM.Collect$$libinit$$00000011  c_p.l(libinit2.o)
    0x00000122   0x00000122   0x00000000   Code   RO         1138    .ARM.Collect$$libinit$$00000013  c_p.l(libinit2.o)
    0x00000122   0x00000122   0x00000000   Code   RO         1140    .ARM.Collect$$libinit$$00000015  c_p.l(libinit2.o)
    0x00000122   0x00000122   0x00000000   Code   RO         1142    .ARM.Collect$$libinit$$00000017  c_p.l(libinit2.o)
    0x00000122   0x00000122   0x00000000   Code   RO         1144    .ARM.Collect$$libinit$$00000019  c_p.l(libinit2.o)
    0x00000122   0x00000122   0x00000000   Code   RO         1146    .ARM.Collect$$libinit$$0000001B  c_p.l(libinit2.o)
    0x00000122   0x00000122   0x00000000   Code   RO         1148    .ARM.Collect$$libinit$$0000001D  c_p.l(libinit2.o)
    0x00000122   0x00000122   0x00000000   Code   RO         1150    .ARM.Collect$$libinit$$0000001F  c_p.l(libinit2.o)
    0x00000122   0x00000122   0x00000000   Code   RO         1152    .ARM.Collect$$libinit$$00000021  c_p.l(libinit2.o)
    0x00000122   0x00000122   0x00000000   Code   RO         1154    .ARM.Collect$$libinit$$00000023  c_p.l(libinit2.o)
    0x00000122   0x00000122   0x00000000   Code   RO         1156    .ARM.Collect$$libinit$$00000025  c_p.l(libinit2.o)
    0x00000122   0x00000122   0x00000000   Code   RO         1160    .ARM.Collect$$libinit$$0000002C  c_p.l(libinit2.o)
    0x00000122   0x00000122   0x00000000   Code   RO         1162    .ARM.Collect$$libinit$$0000002E  c_p.l(libinit2.o)
    0x00000122   0x00000122   0x00000000   Code   RO         1164    .ARM.Collect$$libinit$$00000030  c_p.l(libinit2.o)
    0x00000122   0x00000122   0x00000000   Code   RO         1166    .ARM.Collect$$libinit$$00000032  c_p.l(libinit2.o)
    0x00000122   0x00000122   0x00000002   Code   RO         1167    .ARM.Collect$$libinit$$00000033  c_p.l(libinit2.o)
    0x00000124   0x00000124   0x00000002   Code   RO         1198    .ARM.Collect$$libshutdown$$00000000  c_p.l(libshutdown.o)
    0x00000126   0x00000126   0x00000000   Code   RO         1224    .ARM.Collect$$libshutdown$$00000002  c_p.l(libshutdown2.o)
    0x00000126   0x00000126   0x00000000   Code   RO         1226    .ARM.Collect$$libshutdown$$00000004  c_p.l(libshutdown2.o)
    0x00000126   0x00000126   0x00000000   Code   RO         1229    .ARM.Collect$$libshutdown$$00000007  c_p.l(libshutdown2.o)
    0x00000126   0x00000126   0x00000000   Code   RO         1232    .ARM.Collect$$libshutdown$$0000000A  c_p.l(libshutdown2.o)
    0x00000126   0x00000126   0x00000000   Code   RO         1234    .ARM.Collect$$libshutdown$$0000000C  c_p.l(libshutdown2.o)
    0x00000126   0x00000126   0x00000000   Code   RO         1237    .ARM.Collect$$libshutdown$$0000000F  c_p.l(libshutdown2.o)
    0x00000126   0x00000126   0x00000002   Code   RO         1238    .ARM.Collect$$libshutdown$$00000010  c_p.l(libshutdown2.o)
    0x00000128   0x00000128   0x00000000   Code   RO         1075    .ARM.Collect$$rtentry$$00000000  c_p.l(__rtentry.o)
    0x00000128   0x00000128   0x00000000   Code   RO         1082    .ARM.Collect$$rtentry$$00000002  c_p.l(__rtentry2.o)
    0x00000128   0x00000128   0x00000006   Code   RO         1094    .ARM.Collect$$rtentry$$00000004  c_p.l(__rtentry4.o)
    0x0000012e   0x0000012e   0x00000008   Code   RO         1083    .ARM.Collect$$rtentry$$00000008  c_p.l(__rtentry2.o)
    0x00000136   0x00000136   0x00000004   Code   RO         1085    .ARM.Collect$$rtentry$$0000000A  c_p.l(__rtentry2.o)
    0x0000013a   0x0000013a   0x00000000   Code   RO         1087    .ARM.Collect$$rtentry$$0000000C  c_p.l(__rtentry2.o)
    0x0000013a   0x0000013a   0x00000008   Code   RO         1088    .ARM.Collect$$rtentry$$0000000D  c_p.l(__rtentry2.o)
    0x00000142   0x00000142   0x00000002   Code   RO         1115    .ARM.Collect$$rtexit$$00000000  c_p.l(rtexit.o)
    0x00000144   0x00000144   0x00000000   Code   RO         1171    .ARM.Collect$$rtexit$$00000002  c_p.l(rtexit2.o)
    0x00000144   0x00000144   0x00000004   Code   RO         1172    .ARM.Collect$$rtexit$$00000003  c_p.l(rtexit2.o)
    0x00000148   0x00000148   0x00000006   Code   RO         1173    .ARM.Collect$$rtexit$$00000004  c_p.l(rtexit2.o)
    0x0000014e   0x0000014e   0x00000002   PAD
    0x00000150   0x00000150   0x00000038   Code   RO         1051    .emb_text           c_p.l(rt_memcpy.o)
    0x00000188   0x00000188   0x00000040   Code   RO          508  * .text               startup_mkl25z4.o
    0x000001c8   0x000001c8   0x000000a4   Code   RO          836    .text               RTX_CM0.lib(irq_cm0.o)
    0x0000026c   0x0000026c   0x00000082   Code   RO         1052    .text               c_p.l(rt_memcpy.o)
    0x000002ee   0x000002ee   0x00000040   Code   RO         1055    .text               c_p.l(rt_memclr.o)
    0x0000032e   0x0000032e   0x00000006   Code   RO         1061    .text               c_p.l(heapauxi.o)
    0x00000334   0x00000334   0x0000006c   Code   RO         1065    .text               fz_ps.l(dfixi.o)
    0x000003a0   0x000003a0   0x00000058   Code   RO         1067    .text               fz_ps.l(dflti.o)
    0x000003f8   0x000003f8   0x00000008   Code   RO         1111    .text               c_p.l(libspace.o)
    0x00000400   0x00000400   0x00000010   Code   RO          507    .ARM.__at_0x400     startup_mkl25z4.o
    0x00000410   0x00000410   0x0000015a   Code   RO         1057    .text               c_p.l(aeabi_sdiv.o)
    0x0000056a   0x0000056a   0x00000002   PAD
    0x0000056c   0x0000056c   0x00000248   Code   RO         1069    .text               fz_ps.l(dmul.o)
    0x000007b4   0x000007b4   0x00000054   Code   RO         1071    .text               fz_ps.l(f2d.o)
    0x00000808   0x00000808   0x0000005e   Code   RO         1073    .text               fz_ps.l(fflti.o)
    0x00000866   0x00000866   0x0000003e   Code   RO         1098    .text               c_p.l(sys_stackheap_outer.o)
    0x000008a4   0x000008a4   0x00000010   Code   RO         1101    .text               c_p.l(exit.o)
    0x000008b4   0x000008b4   0x0000000c   Code   RO         1168    .text               c_p.l(sys_exit.o)
    0x000008c0   0x000008c0   0x00000002   Code   RO         1187    .text               c_p.l(use_no_semi.o)
    0x000008c2   0x000008c2   0x00000000   Code   RO         1189    .text               c_p.l(indicate_semi.o)
    0x000008c2   0x000008c2   0x00000056   Code   RO         1241    .text               c_p.l(__dczerorl2.o)
    0x00000918   0x00000918   0x0000004c   Code   RO         1033    .text.MessageQueueGet  RTX_CM0.lib(rtx_msgqueue.o)
    0x00000964   0x00000964   0x00000062   Code   RO         1027    .text.MessageQueuePut  RTX_CM0.lib(rtx_msgqueue.o)
    0x000009c6   0x000009c6   0x0000001e   Code   RO         1025    .text.MessageQueueRemove  RTX_CM0.lib(rtx_msgqueue.o)
    0x000009e4   0x000009e4   0x0000000c   Code   RO          971    .text.OS_Tick_AcknowledgeIRQ  RTX_CM0.lib(os_systick.o)
    0x000009f0   0x000009f0   0x0000002c   Code   RO          967    .text.OS_Tick_Enable  RTX_CM0.lib(os_systick.o)
    0x00000a1c   0x00000a1c   0x00000006   Code   RO          973    .text.OS_Tick_GetIRQn  RTX_CM0.lib(os_systick.o)
    0x00000a22   0x00000a22   0x00000002   PAD
    0x00000a24   0x00000a24   0x0000004c   Code   RO          965    .text.OS_Tick_Setup  RTX_CM0.lib(os_systick.o)
    0x00000a70   0x00000a70   0x00000024   Code   RO          815    .text.SemaphoreTokenDecrement  RTX_CM0.lib(rtx_semaphore.o)
    0x00000a94   0x00000a94   0x00000026   Code   RO          821    .text.SemaphoreTokenIncrement  RTX_CM0.lib(rtx_semaphore.o)
    0x00000aba   0x00000aba   0x0000004e   Code   RO          692    .text.ThreadFlagsCheck  RTX_CM0.lib(rtx_thread.o)
    0x00000b08   0x00000b08   0x0000004c   Code   RO          857    .text.TimerInsert   RTX_CM0.lib(rtx_timer.o)
    0x00000b54   0x00000b54   0x00000028   Code   RO          745    .text.osDelay       RTX_CM0.lib(rtx_delay.o)
    0x00000b7c   0x00000b7c   0x00000030   Code   RO          555    .text.osKernelGetState  RTX_CM0.lib(rtx_kernel.o)
    0x00000bac   0x00000bac   0x00000028   Code   RO          549    .text.osKernelInitialize  RTX_CM0.lib(rtx_kernel.o)
    0x00000bd4   0x00000bd4   0x00000024   Code   RO          559    .text.osKernelStart  RTX_CM0.lib(rtx_kernel.o)
    0x00000bf8   0x00000bf8   0x00000074   Code   RO          999    .text.osMessageQueueGet  RTX_CM0.lib(rtx_msgqueue.o)
    0x00000c6c   0x00000c6c   0x00000024   Code   RO          993    .text.osMessageQueueNew  RTX_CM0.lib(rtx_msgqueue.o)
    0x00000c90   0x00000c90   0x00000078   Code   RO          997    .text.osMessageQueuePut  RTX_CM0.lib(rtx_msgqueue.o)
    0x00000d08   0x00000d08   0x00000028   Code   RO          768    .text.osMutexAcquire  RTX_CM0.lib(rtx_mutex.o)
    0x00000d30   0x00000d30   0x00000028   Code   RO          774    .text.osMutexDelete  RTX_CM0.lib(rtx_mutex.o)
    0x00000d58   0x00000d58   0x00000024   Code   RO          764    .text.osMutexNew    RTX_CM0.lib(rtx_mutex.o)
    0x00000d7c   0x00000d7c   0x00000028   Code   RO          770    .text.osMutexRelease  RTX_CM0.lib(rtx_mutex.o)
    0x00000da4   0x00000da4   0x00000002   Code   RO          547    .text.osRtxKernelPreInit  RTX_CM0.lib(rtx_kernel.o)
    0x00000da6   0x00000da6   0x0000007c   Code   RO          884    .text.osRtxMemoryAlloc  RTX_CM0.lib(rtx_memory.o)
    0x00000e22   0x00000e22   0x0000004e   Code   RO          886    .text.osRtxMemoryFree  RTX_CM0.lib(rtx_memory.o)
    0x00000e70   0x00000e70   0x00000032   Code   RO          882    .text.osRtxMemoryInit  RTX_CM0.lib(rtx_memory.o)
    0x00000ea2   0x00000ea2   0x0000002e   Code   RO          899    .text.osRtxMemoryPoolAlloc  RTX_CM0.lib(rtx_mempool.o)
    0x00000ed0   0x00000ed0   0x0000003a   Code   RO          901    .text.osRtxMemoryPoolFree  RTX_CM0.lib(rtx_mempool.o)
    0x00000f0a   0x00000f0a   0x0000003e   Code   RO          897    .text.osRtxMemoryPoolInit  RTX_CM0.lib(rtx_mempool.o)
    0x00000f48   0x00000f48   0x000000bc   Code   RO         1023    .text.osRtxMessageQueuePostProcess  RTX_CM0.lib(rtx_msgqueue.o)
    0x00001004   0x00001004   0x00000044   Code   RO          762    .text.osRtxMutexOwnerRelease  RTX_CM0.lib(rtx_mutex.o)
    0x00001048   0x00001048   0x00000080   Code   RO          952    .text.osRtxPendSV_Handler  RTX_CM0.lib(rtx_system.o)
    0x000010c8   0x000010c8   0x0000006c   Code   RO          954    .text.osRtxPostProcess  RTX_CM0.lib(rtx_system.o)
    0x00001134   0x00001134   0x00000024   Code   RO          813    .text.osRtxSemaphorePostProcess  RTX_CM0.lib(rtx_semaphore.o)
    0x00001158   0x00001158   0x00000038   Code   RO          632    .text.osRtxThreadBlock  RTX_CM0.lib(rtx_thread.o)
    0x00001190   0x00001190   0x00000080   Code   RO          640    .text.osRtxThreadDelayInsert  RTX_CM0.lib(rtx_thread.o)
    0x00001210   0x00001210   0x00000044   Code   RO          636    .text.osRtxThreadDelayRemove  RTX_CM0.lib(rtx_thread.o)
    0x00001254   0x00001254   0x00000038   Code   RO          622    .text.osRtxThreadDelayTick  RTX_CM0.lib(rtx_thread.o)
    0x0000128c   0x0000128c   0x00000050   Code   RO          630    .text.osRtxThreadDispatch  RTX_CM0.lib(rtx_thread.o)
    0x000012dc   0x000012dc   0x00000054   Code   RO          716    .text.osRtxThreadFree  RTX_CM0.lib(rtx_thread.o)
    0x00001330   0x00001330   0x00000014   Code   RO          614    .text.osRtxThreadListGet  RTX_CM0.lib(rtx_thread.o)
    0x00001344   0x00001344   0x0000002c   Code   RO          612    .text.osRtxThreadListPut  RTX_CM0.lib(rtx_thread.o)
    0x00001370   0x00001370   0x00000018   Code   RO          618    .text.osRtxThreadListRemove  RTX_CM0.lib(rtx_thread.o)
    0x00001388   0x00001388   0x00000026   Code   RO          616    .text.osRtxThreadListSort  RTX_CM0.lib(rtx_thread.o)
    0x000013ae   0x000013ae   0x00000026   Code   RO          690    .text.osRtxThreadPostProcess  RTX_CM0.lib(rtx_thread.o)
    0x000013d4   0x000013d4   0x00000018   Code   RO          620    .text.osRtxThreadReadyPut  RTX_CM0.lib(rtx_thread.o)
    0x000013ec   0x000013ec   0x00000006   Code   RO          624    .text.osRtxThreadRegPtr  RTX_CM0.lib(rtx_thread.o)
    0x000013f2   0x000013f2   0x00000002   PAD
    0x000013f4   0x000013f4   0x0000002c   Code   RO          628    .text.osRtxThreadStackCheck  RTX_CM0.lib(rtx_thread.o)
    0x00001420   0x00001420   0x00000040   Code   RO          642    .text.osRtxThreadStartup  RTX_CM0.lib(rtx_thread.o)
    0x00001460   0x00001460   0x00000014   Code   RO          626    .text.osRtxThreadSwitch  RTX_CM0.lib(rtx_thread.o)
    0x00001474   0x00001474   0x0000003c   Code   RO          638    .text.osRtxThreadWaitEnter  RTX_CM0.lib(rtx_thread.o)
    0x000014b0   0x000014b0   0x00000022   Code   RO          634    .text.osRtxThreadWaitExit  RTX_CM0.lib(rtx_thread.o)
    0x000014d2   0x000014d2   0x00000002   PAD
    0x000014d4   0x000014d4   0x00000074   Code   RO          950    .text.osRtxTick_Handler  RTX_CM0.lib(rtx_system.o)
    0x00001548   0x00001548   0x0000003c   Code   RO          841    .text.osRtxTimerThread  RTX_CM0.lib(rtx_timer.o)
    0x00001584   0x00001584   0x00000060   Code   RO          843    .text.osRtxTimerTick  RTX_CM0.lib(rtx_timer.o)
    0x000015e4   0x000015e4   0x00000044   Code   RO          801    .text.osSemaphoreAcquire  RTX_CM0.lib(rtx_semaphore.o)
    0x00001628   0x00001628   0x00000024   Code   RO          797    .text.osSemaphoreNew  RTX_CM0.lib(rtx_semaphore.o)
    0x0000164c   0x0000164c   0x0000004c   Code   RO          803    .text.osSemaphoreRelease  RTX_CM0.lib(rtx_semaphore.o)
    0x00001698   0x00001698   0x0000000c   Code   RO          674    .text.osThreadExit  RTX_CM0.lib(rtx_thread.o)
    0x000016a4   0x000016a4   0x00000024   Code   RO          646    .text.osThreadNew   RTX_CM0.lib(rtx_thread.o)
    0x000016c8   0x000016c8   0x00000012   Code   RO          749    .text.svcRtxDelay   RTX_CM0.lib(rtx_delay.o)
    0x000016da   0x000016da   0x00000002   PAD
    0x000016dc   0x000016dc   0x0000000c   Code   RO          557    .text.svcRtxKernelGetState  RTX_CM0.lib(rtx_kernel.o)
    0x000016e8   0x000016e8   0x00000148   Code   RO          587    .text.svcRtxKernelInitialize  RTX_CM0.lib(rtx_kernel.o)
    0x00001830   0x00001830   0x00000084   Code   RO          589    .text.svcRtxKernelStart  RTX_CM0.lib(rtx_kernel.o)
    0x000018b4   0x000018b4   0x000000e8   Code   RO         1035    .text.svcRtxMessageQueueGet  RTX_CM0.lib(rtx_msgqueue.o)
    0x0000199c   0x0000199c   0x000001e4   Code   RO         1021    .text.svcRtxMessageQueueNew  RTX_CM0.lib(rtx_msgqueue.o)
    0x00001b80   0x00001b80   0x000000bc   Code   RO         1031    .text.svcRtxMessageQueuePut  RTX_CM0.lib(rtx_msgqueue.o)
    0x00001c3c   0x00001c3c   0x00000098   Code   RO          780    .text.svcRtxMutexAcquire  RTX_CM0.lib(rtx_mutex.o)
    0x00001cd4   0x00001cd4   0x000000bc   Code   RO          786    .text.svcRtxMutexDelete  RTX_CM0.lib(rtx_mutex.o)
    0x00001d90   0x00001d90   0x00000070   Code   RO          776    .text.svcRtxMutexNew  RTX_CM0.lib(rtx_mutex.o)
    0x00001e00   0x00001e00   0x000000c0   Code   RO          782    .text.svcRtxMutexRelease  RTX_CM0.lib(rtx_mutex.o)
    0x00001ec0   0x00001ec0   0x0000004c   Code   RO          819    .text.svcRtxSemaphoreAcquire  RTX_CM0.lib(rtx_semaphore.o)
    0x00001f0c   0x00001f0c   0x00000088   Code   RO          811    .text.svcRtxSemaphoreNew  RTX_CM0.lib(rtx_semaphore.o)
    0x00001f94   0x00001f94   0x00000038   Code   RO          823    .text.svcRtxSemaphoreRelease  RTX_CM0.lib(rtx_semaphore.o)
    0x00001fcc   0x00001fcc   0x0000006c   Code   RO          720    .text.svcRtxThreadExit  RTX_CM0.lib(rtx_thread.o)
    0x00002038   0x00002038   0x000001ec   Code   RO          644    .text.svcRtxThreadNew  RTX_CM0.lib(rtx_thread.o)
    0x00002224   0x00002224   0x00000190   Code   RO          516    i.SystemCoreClockUpdate  system_mkl25z4.o
    0x000023b4   0x000023b4   0x00000138   Code   RO          517    i.SystemInit        system_mkl25z4.o
    0x000024ec   0x000024ec   0x00000034   Code   RO          196    i.UART2_IRQHandler  myuart.o
    0x00002520   0x00002520   0x0000001c   Code   RO           65    i.__ARM_common_switch8  main.o
    0x0000253c   0x0000253c   0x00000018   Code   RO          197    i.__NVIC_ClearPendingIRQ  myuart.o
    0x00002554   0x00002554   0x00000078   Code   RO          198    i.__NVIC_SetPriority  myuart.o
    0x000025cc   0x000025cc   0x00000018   Code   RO          400    i._mutex_acquire    rtx_lib.o
    0x000025e4   0x000025e4   0x0000000c   Code   RO          401    i._mutex_free       rtx_lib.o
    0x000025f0   0x000025f0   0x00000024   Code   RO          402    i._mutex_initialize  rtx_lib.o
    0x00002614   0x00002614   0x00000014   Code   RO          403    i._mutex_release    rtx_lib.o
    0x00002628   0x00002628   0x00000008   Code   RO          404    i._platform_post_stackheap_init  rtx_lib.o
    0x00002630   0x00002630   0x00000020   Code   RO            3    i.bluetoothConnected  main.o
    0x00002650   0x00002650   0x00000014   Code   RO          329    i.delay             mybasic.o
    0x00002664   0x00002664   0x00000014   Code   RO          355    i.delay100x         mysound.o
    0x00002678   0x00002678   0x00000060   Code   RO          125    i.flashGREEN_Twice  myled.o
    0x000026d8   0x000026d8   0x00000024   Code   RO          241    i.forward           mymotor.o
    0x000026fc   0x000026fc   0x0000013c   Code   RO          128    i.initLED           myled.o
    0x00002838   0x00002838   0x0000020c   Code   RO          309    i.initPWM           mypwm.o
    0x00002a44   0x00002a44   0x0000006c   Code   RO            4    i.isMoving          main.o
    0x00002ab0   0x00002ab0   0x00000024   Code   RO          242    i.leftForward       mymotor.o
    0x00002ad4   0x00002ad4   0x00000024   Code   RO          243    i.leftReverse       mymotor.o
    0x00002af8   0x00002af8   0x000000a0   Code   RO            5    i.main              main.o
    0x00002b98   0x00002b98   0x00000024   Code   RO          129    i.offFrontLED       myled.o
    0x00002bbc   0x00002bbc   0x0000000c   Code   RO          130    i.offLEDModules     myled.o
    0x00002bc8   0x00002bc8   0x00000014   Code   RO          131    i.offRearLED        myled.o
    0x00002bdc   0x00002bdc   0x00000020   Code   RO          476    i.osRtxErrorNotify  rtx_config.o
    0x00002bfc   0x00002bfc   0x00000004   Code   RO          477    i.osRtxIdleThread   rtx_config.o
    0x00002c00   0x00002c00   0x00000024   Code   RO          405    i.os_kernel_is_active  rtx_lib.o
    0x00002c24   0x00002c24   0x000000d4   Code   RO          356    i.playConnectSong   mysound.o
    0x00002cf8   0x00002cf8   0x000000d4   Code   RO          357    i.playEndSong       mysound.o
    0x00002dcc   0x00002dcc   0x00000068   Code   RO          358    i.playRaceSong      mysound.o
    0x00002e34   0x00002e34   0x00000024   Code   RO          244    i.reverse           mymotor.o
    0x00002e58   0x00002e58   0x00000024   Code   RO          245    i.rightForward      mymotor.o
    0x00002e7c   0x00002e7c   0x00000024   Code   RO          246    i.rightReverse      mymotor.o
    0x00002ea0   0x00002ea0   0x00000078   Code   RO          132    i.runningGREEN_Moving  myled.o
    0x00002f18   0x00002f18   0x000000bc   Code   RO          199    i.setupUART2        myuart.o
    0x00002fd4   0x00002fd4   0x00000024   Code   RO          133    i.solidGREEN_Stationery  myled.o
    0x00002ff8   0x00002ff8   0x00000028   Code   RO          247    i.stop              mymotor.o
    0x00003020   0x00003020   0x0000001c   Code   RO            6    i.tAudio            main.o
    0x0000303c   0x0000303c   0x00000050   Code   RO            7    i.tBrainThread      main.o
    0x0000308c   0x0000308c   0x00000028   Code   RO            8    i.tFrontLED         main.o
    0x000030b4   0x000030b4   0x0000006c   Code   RO            9    i.tMotorThread      main.o
    0x00003120   0x00003120   0x00000024   Code   RO          248    i.turnLeft          mymotor.o
    0x00003144   0x00003144   0x00000024   Code   RO          249    i.turnRight         mymotor.o
    0x00003168   0x00003168   0x00000000   Code   RO         1080    x$fpl$usenofp       fz_ps.l(usenofp.o)
    0x00003168   0x00003168   0x00000048   Data   RO           11    .constdata          main.o
    0x000031b0   0x000031b0   0x00000064   Data   RO          412    .constdata          rtx_lib.o
    0x00003214   0x00003214   0x00000001   Data   RO          835    .constdata          RTX_CM0.lib(irq_cm0.o)
    0x00003215   0x00003215   0x00000003   PAD
    0x00003218   0x00003218   0x000000a0   Data   RO          414    .rodata             rtx_lib.o
    0x000032b8   0x000032b8   0x0000000b   Data   RO          601    .rodata.str1.4      RTX_CM0.lib(rtx_kernel.o)
    0x000032c3   0x000032c3   0x00000001   PAD
    0x000032c4   0x000032c4   0x00000020   Data   RO         1239    Region$$Table       anon$$obj.o


    Execution Region ER_RW (Exec base: 0x1ffff000, Load base: 0x000032e4, Size: 0x000017f8, Max: 0xffffffff, ABSOLUTE, COMPRESSED[0x00000134])

    Exec Addr    Load Addr    Size         Type   Attr      Idx    E Section Name        Object

    0x1ffff000   COMPRESSED   0x00001040   Data   RW          406    .bss.os             rtx_lib.o
    0x20000040   COMPRESSED   0x00000034   Data   RW          408    .bss.os.msgqueue.cb  rtx_lib.o
    0x20000074   COMPRESSED   0x00000050   Data   RW          409    .bss.os.msgqueue.mem  rtx_lib.o
    0x200000c4   COMPRESSED   0x00000088   Data   RW          410    .bss.os.thread.cb   rtx_lib.o
    0x2000014c   COMPRESSED   0x00000004   PAD
    0x20000150   COMPRESSED   0x00000200   Data   RW          411    .bss.os.thread.stack  rtx_lib.o
    0x20000350   COMPRESSED   0x00000001   Data   RW           12    .data               main.o
    0x20000351   COMPRESSED   0x00000008   Data   RW          134    .data               myled.o
    0x20000359   COMPRESSED   0x00000001   Data   RW          200    .data               myuart.o
    0x2000035a   COMPRESSED   0x00000002   PAD
    0x2000035c   COMPRESSED   0x00000008   Data   RW          330    .data               mybasic.o
    0x20000364   COMPRESSED   0x000003e4   Data   RW          359    .data               mysound.o
    0x20000748   COMPRESSED   0x00000005   Data   RW          413    .data               rtx_lib.o
    0x2000074d   COMPRESSED   0x00000003   PAD
    0x20000750   COMPRESSED   0x00000004   Data   RW          518    .data               system_mkl25z4.o
    0x20000754   COMPRESSED   0x000000a4   Data   RW          602    .data.os            RTX_CM0.lib(rtx_kernel.o)


    Execution Region ER_ZI (Exec base: 0x200007f8, Load base: 0x00003418, Size: 0x00000168, Max: 0xffffffff, ABSOLUTE)

    Exec Addr    Load Addr    Size         Type   Attr      Idx    E Section Name        Object

    0x200007f8        -       0x00000060   Zero   RW         1112    .bss                c_p.l(libspace.o)
    0x20000858        -       0x00000001   Zero   RW          983    .bss.PendST         RTX_CM0.lib(os_systick.o)
    0x20000859   0x00003418   0x00000007   PAD
    0x20000860        -       0x00000000   Zero   RW          505    HEAP                startup_mkl25z4.o
    0x20000860        -       0x00000100   Zero   RW          504    STACK               startup_mkl25z4.o


==============================================================================

Image component sizes


      Code (inc. data)   RO Data    RW Data    ZI Data      Debug   Object Name

       584        106         72          1          0     224077   main.o
        20          0          0          8          0        655   mybasic.o
       636         56          0          8          0       3606   myled.o
       328        114          0          0          0       3504   mymotor.o
       524         30          0          0          0        534   mypwm.o
       548         66          0        996          0       3332   mysound.o
       384         50          0          1          0      10761   myuart.o
        36          8          0          0          0        973   rtx_config.o
       136          6        260       4945          0      12706   rtx_lib.o
        80         44        192          0        256        892   startup_mkl25z4.o
       712         84          0          4          0       1655   system_mkl25z4.o

    ----------------------------------------------------------------------
      3988        564        556       5972        256     262695   Object Totals
         0          0         32          0          0          0   (incl. Generated)
         0          0          0          9          0          0   (incl. Padding)

    ----------------------------------------------------------------------

      Code (inc. data)   RO Data    RW Data    ZI Data      Debug   Library Member Name

       164          8          1          0          0        496   irq_cm0.o
       138         32          0          0          1       2766   os_systick.o
        58          4          0          0          0       2753   rtx_delay.o
       598         48         11        164          0      16105   rtx_kernel.o
       252          0          0          0          0       2564   rtx_memory.o
       166          0          0          0          0      14282   rtx_mempool.o
      1568         44          0          0          0      17889   rtx_msgqueue.o
       868         32          0          0          0       9201   rtx_mutex.o
       558         28          0          0          0      10054   rtx_semaphore.o
       352         26          0          0          0       4635   rtx_system.o
      1614         96          0          0          0      30867   rtx_thread.o
       232         20          0          0          0      10018   rtx_timer.o
        86          0          0          0          0          0   __dczerorl2.o
         8          0          0          0          0         68   __main.o
         0          0          0          0          0          0   __rtentry.o
        20          0          0          0          0          0   __rtentry2.o
         6          0          0          0          0          0   __rtentry4.o
        60          8          0          0          0          0   __scatter.o
        28          0          0          0          0          0   __scatter_zi.o
       346          0          0          0          0         92   aeabi_sdiv.o
        16          0          0          0          0         68   exit.o
         6          0          0          0          0        136   heapauxi.o
         0          0          0          0          0          0   indicate_semi.o
         2          0          0          0          0          0   libinit.o
         2          0          0          0          0          0   libinit2.o
         2          0          0          0          0          0   libshutdown.o
         2          0          0          0          0          0   libshutdown2.o
         8          4          0          0         96         68   libspace.o
        64          0          0          0          0        108   rt_memclr.o
       186          0          0          0          0        144   rt_memcpy.o
         2          0          0          0          0          0   rtexit.o
        10          0          0          0          0          0   rtexit2.o
        12          4          0          0          0         60   sys_exit.o
        62          0          0          0          0         80   sys_stackheap_outer.o
         2          0          0          0          0         68   use_no_semi.o
       108         10          0          0          0         72   dfixi.o
        88          0          0          0          0         92   dflti.o
       584         26          0          0          0         84   dmul.o
        84          4          0          0          0         60   f2d.o
        94          0          0          0          0         92   fflti.o
         0          0          0          0          0          0   usenofp.o

    ----------------------------------------------------------------------
      8468        394         16        164        104     122922   Library Totals
        12          0          4          0          7          0   (incl. Padding)

    ----------------------------------------------------------------------

      Code (inc. data)   RO Data    RW Data    ZI Data      Debug   Library Name

      6568        338         12        164          1     121630   RTX_CM0.lib
       930         16          0          0         96        892   c_p.l
       958         40          0          0          0        400   fz_ps.l

    ----------------------------------------------------------------------
      8468        394         16        164        104     122922   Library Totals

    ----------------------------------------------------------------------

==============================================================================


      Code (inc. data)   RO Data    RW Data    ZI Data      Debug   

     12456        958        572       6136        360     383057   Grand Totals
     12456        958        572        308        360     383057   ELF Image Totals (compressed)
     12456        958        572        308          0          0   ROM Totals

==============================================================================

    Total RO  Size (Code + RO Data)                13028 (  12.72kB)
    Total RW  Size (RW Data + ZI Data)              6496 (   6.34kB)
    Total ROM Size (Code + RO Data + RW Data)      13336 (  13.02kB)

==============================================================================

